Archive member included to satisfy reference by file (symbol)

app/libapp.a(main.c.obj)      (--whole-archive)
zephyr/libzephyr.a(validate_libc.c.obj)
                              (--whole-archive)
zephyr/libzephyr.a(heap.c.obj)
                              (--whole-archive)
zephyr/libzephyr.a(cbprintf_packaged.c.obj)
                              (--whole-archive)
zephyr/libzephyr.a(clock.c.obj)
                              (--whole-archive)
zephyr/libzephyr.a(printk.c.obj)
                              (--whole-archive)
zephyr/libzephyr.a(sem.c.obj)
                              (--whole-archive)
zephyr/libzephyr.a(thread_entry.c.obj)
                              (--whole-archive)
zephyr/libzephyr.a(cbprintf_complete.c.obj)
                              (--whole-archive)
zephyr/libzephyr.a(assert.c.obj)
                              (--whole-archive)
zephyr/libzephyr.a(mpsc_pbuf.c.obj)
                              (--whole-archive)
zephyr/libzephyr.a(dec.c.obj)
                              (--whole-archive)
zephyr/libzephyr.a(hex.c.obj)
                              (--whole-archive)
zephyr/libzephyr.a(rb.c.obj)  (--whole-archive)
zephyr/libzephyr.a(timeutil.c.obj)
                              (--whole-archive)
zephyr/libzephyr.a(bitarray.c.obj)
                              (--whole-archive)
zephyr/libzephyr.a(bitmask.c.obj)
                              (--whole-archive)
zephyr/libzephyr.a(ring_buffer.c.obj)
                              (--whole-archive)
zephyr/libzephyr.a(last_section_id.c.obj)
                              (--whole-archive)
zephyr/libzephyr.a(configs.c.obj)
                              (--whole-archive)
zephyr/libzephyr.a(log_core.c.obj)
                              (--whole-archive)
zephyr/libzephyr.a(log_mgmt.c.obj)
                              (--whole-archive)
zephyr/libzephyr.a(log_cache.c.obj)
                              (--whole-archive)
zephyr/libzephyr.a(log_msg.c.obj)
                              (--whole-archive)
zephyr/libzephyr.a(log_output.c.obj)
                              (--whole-archive)
zephyr/libzephyr.a(log_backend_uart.c.obj)
                              (--whole-archive)
zephyr/libzephyr.a(tracing_none.c.obj)
                              (--whole-archive)
zephyr/arch/common/libarch__common.a(sw_isr_common.c.obj)
                              (--whole-archive)
zephyr/arch/common/libarch__common.a(init.c.obj)
                              (--whole-archive)
zephyr/arch/common/libarch__common.a(xip.c.obj)
                              (--whole-archive)
zephyr/arch/arch/arm/core/libarch__arm__core.a(fatal.c.obj)
                              (--whole-archive)
zephyr/arch/arch/arm/core/libarch__arm__core.a(nmi.c.obj)
                              (--whole-archive)
zephyr/arch/arch/arm/core/libarch__arm__core.a(nmi_on_reset.S.obj)
                              (--whole-archive)
zephyr/arch/arch/arm/core/libarch__arm__core.a(tls.c.obj)
                              (--whole-archive)
zephyr/arch/arch/arm/core/cortex_m/libarch__arm__core__cortex_m.a(exc_exit.c.obj)
                              (--whole-archive)
zephyr/arch/arch/arm/core/cortex_m/libarch__arm__core__cortex_m.a(fault.c.obj)
                              (--whole-archive)
zephyr/arch/arch/arm/core/cortex_m/libarch__arm__core__cortex_m.a(fault_s.S.obj)
                              (--whole-archive)
zephyr/arch/arch/arm/core/cortex_m/libarch__arm__core__cortex_m.a(fpu.c.obj)
                              (--whole-archive)
zephyr/arch/arch/arm/core/cortex_m/libarch__arm__core__cortex_m.a(reset.S.obj)
                              (--whole-archive)
zephyr/arch/arch/arm/core/cortex_m/libarch__arm__core__cortex_m.a(scb.c.obj)
                              (--whole-archive)
zephyr/arch/arch/arm/core/cortex_m/libarch__arm__core__cortex_m.a(thread_abort.c.obj)
                              (--whole-archive)
zephyr/arch/arch/arm/core/cortex_m/libarch__arm__core__cortex_m.a(vector_table.S.obj)
                              (--whole-archive)
zephyr/arch/arch/arm/core/cortex_m/libarch__arm__core__cortex_m.a(swap_helper.S.obj)
                              (--whole-archive)
zephyr/arch/arch/arm/core/cortex_m/libarch__arm__core__cortex_m.a(irq_manage.c.obj)
                              (--whole-archive)
zephyr/arch/arch/arm/core/cortex_m/libarch__arm__core__cortex_m.a(prep_c.c.obj)
                              (--whole-archive)
zephyr/arch/arch/arm/core/cortex_m/libarch__arm__core__cortex_m.a(thread.c.obj)
                              (--whole-archive)
zephyr/arch/arch/arm/core/cortex_m/libarch__arm__core__cortex_m.a(cpu_idle.c.obj)
                              (--whole-archive)
zephyr/arch/arch/arm/core/cortex_m/libarch__arm__core__cortex_m.a(irq_init.c.obj)
                              (--whole-archive)
zephyr/arch/arch/arm/core/cortex_m/libarch__arm__core__cortex_m.a(isr_wrapper.c.obj)
                              (--whole-archive)
[...]
Memory Configuration

Name             Origin             Length             Attributes
FLASH            0x0000000000000000 0x0000000000040000 xr
RAM              0x0000000020000000 0x0000000000010000 xw
IDT_LIST         0x00000000ffff7fff 0x0000000000008000 xw
*default*        0x0000000000000000 0xffffffffffffffff

Linker script and memory map

                0x0000000000002e00                vfprintf = __l_vfprintf
                0x0000000000000000                vfscanf = __l_vfscanf
LOAD zephyr/CMakeFiles/zephyr_final.dir/misc/empty_file.c.obj
LOAD zephyr/CMakeFiles/zephyr_final.dir/isr_tables.c.obj
LOAD zephyr/CMakeFiles/offsets.dir/./arch/arm/core/offsets/offsets.c.obj
LOAD app/libapp.a
LOAD zephyr/libzephyr.a
LOAD zephyr/arch/common/libarch__common.a
LOAD zephyr/arch/arch/arm/core/libarch__arm__core.a
LOAD zephyr/arch/arch/arm/core/cortex_m/libarch__arm__core__cortex_m.a
LOAD zephyr/lib/libc/picolibc/liblib__libc__picolibc.a
LOAD zephyr/lib/libc/common/liblib__libc__common.a
LOAD zephyr/lib/posix/c_lib_ext/liblib__posix__c_lib_ext.a
LOAD zephyr/soc/soc/ti_lm3s6965/libsoc__ti__lm3s6965.a
LOAD zephyr/drivers/console/libdrivers__console.a
LOAD zephyr/drivers/serial/libdrivers__serial.a
LOAD zephyr/drivers/timer/libdrivers__timer.a
LOAD zephyr/kernel/libkernel.a
LOAD zephyr/arch/common/libisr_tables.a
LOAD /home/udit27/zephyr-sdk-0.17.4/arm-zephyr-eabi/bin/../lib/gcc/../../picolibc/arm-zephyr-eabi/lib/thumb/v7-m/nofp/libc.a
LOAD /home/udit27/zephyr-sdk-0.17.4/arm-zephyr-eabi/bin/../lib/gcc/arm-zephyr-eabi/12.2.0/thumb/v7-m/nofp/libgcc.a
                0x0000000000000004                _region_min_align = 0x4

.rel.plt        0x0000000000000000        0x0
 *(SORT_BY_ALIGNMENT(.rel.plt))
                [!provide]                        PROVIDE (__rel_iplt_start = .)
 *(SORT_BY_ALIGNMENT(.rel.iplt))
 .rel.iplt      0x0000000000000000        0x0 zephyr/CMakeFiles/zephyr_final.dir/isr_tables.c.obj
                [!provide]                        PROVIDE (__rel_iplt_end = .)

.rela.plt       0x0000000000000000        0x0
 *(SORT_BY_ALIGNMENT(.rela.plt))
                [!provide]                        PROVIDE (__rela_iplt_start = .)
 *(SORT_BY_ALIGNMENT(.rela.iplt))
                [!provide]                        PROVIDE (__rela_iplt_end = .)

.rel.dyn
 *(SORT_BY_ALIGNMENT(.rel.*))

.rela.dyn
 *(SORT_BY_ALIGNMENT(.rela.*))

/DISCARD/
 *(SORT_BY_ALIGNMENT(.plt))

/DISCARD/
 *(SORT_BY_ALIGNMENT(.iplt))
                0x0000000000000000                __rom_region_start = 0x0

rom_start       0x0000000000000000       0xec
                0x0000000000000000                __rom_start_address = .
 FILL mask 0x00
                0x0000000000000000                . = (. + (0x0 - (. - __rom_start_address)))
                0x0000000000000000                . = ALIGN (0x4)
                0x0000000000000000                . = ALIGN (0x80)
                0x0000000000000000                . = ALIGN (0x100)
                0x0000000000000000                _vector_start = .
 *(SORT_BY_ALIGNMENT(.exc_vector_table))
 *(SORT_BY_ALIGNMENT(.exc_vector_table.*))
 .exc_vector_table._vector_table_section
                0x0000000000000000       0x40 zephyr/arch/arch/arm/core/cortex_m/libarch__arm__core__cortex_m.a(vector_table.S.obj)
                0x0000000000000000                _vector_table
 *(SORT_BY_ALIGNMENT(.vectors))
                0x00000000000000ec                _vector_end = .
                0x0000000000000040                . = ALIGN (0x4)
 *(SORT_BY_ALIGNMENT(.gnu.linkonce.irq_vector_table*))
 .gnu.linkonce.irq_vector_table
                0x0000000000000040       0xac zephyr/CMakeFiles/zephyr_final.dir/isr_tables.c.obj
                0x0000000000000040                _irq_vector_table
                0x00000000000000ec                _vector_end = .

text            0x00000000000000ec     0x400c
                0x00000000000000ec                __text_region_start = .
 *(SORT_BY_ALIGNMENT(.text))
 .text          0x00000000000000ec       0x10 /home/udit27/zephyr-sdk-0.17.4/arm-zephyr-eabi/bin/../lib/gcc/../../picolibc/arm-zephyr-eabi/lib/thumb/v7-m/nofp/libc.a(strlen.S.o)
                0x00000000000000ec                strlen
 *(SORT_BY_ALIGNMENT(.text.*))
 .text.main     0x00000000000000fc       0x24 app/libapp.a(main.c.obj)
                0x00000000000000fc                main
 .text.cbvprintf_package
                0x0000000000000120      0x3a4 zephyr/libzephyr.a(cbprintf_packaged.c.obj)
                0x0000000000000120                cbvprintf_package
 .text.cbprintf_package_convert
                0x00000000000004c4      0x3d0 zephyr/libzephyr.a(cbprintf_packaged.c.obj)
                0x00000000000004c4                cbprintf_package_convert
 .text.__printk_hook_install
                0x0000000000000894        0xc zephyr/libzephyr.a(printk.c.obj)
                0x0000000000000894                __printk_hook_install
 .text.z_thread_entry
                0x00000000000008a0       0x34 zephyr/libzephyr.a(thread_entry.c.obj)
                0x00000000000008a0                z_thread_entry
 .text.activate_foreach_backend
                0x00000000000008d4       0x64 zephyr/libzephyr.a(log_core.c.obj)
 .text.enable_logger
                0x0000000000000938       0x5c zephyr/libzephyr.a(log_core.c.obj)
 .text.log_process_thread_timer_expiry_fn
                0x0000000000000994        0xc zephyr/libzephyr.a(log_core.c.obj)
 .text.z_log_init
                0x00000000000009a0       0x94 zephyr/libzephyr.a(log_core.c.obj)
 .text.log_format_func_t_get
                0x0000000000000a34        0xc zephyr/libzephyr.a(log_core.c.obj)
                0x0000000000000a34                log_format_func_t_get
 .text.log_set_timestamp_func
                0x0000000000000a40       0x20 zephyr/libzephyr.a(log_core.c.obj)
                0x0000000000000a40                log_set_timestamp_func
 .text.z_log_notify_backend_enabled
                0x0000000000000a60       0x1c zephyr/libzephyr.a(log_core.c.obj)
                0x0000000000000a60                z_log_notify_backend_enabled
 .text.z_log_dropped
                0x0000000000000a7c       0x44 zephyr/libzephyr.a(log_core.c.obj)
                0x0000000000000a7c                z_log_dropped
 .text.z_log_dropped_read_and_clear
                0x0000000000000ac0       0x20 zephyr/libzephyr.a(log_core.c.obj)
                0x0000000000000ac0                z_log_dropped_read_and_clear
 .text.dropped_notify
                0x0000000000000ae0       0x30 zephyr/libzephyr.a(log_core.c.obj)
                0x0000000000000ae0                dropped_notify
 .text.z_log_msg_init
                0x0000000000000b10       0x20 zephyr/libzephyr.a(log_core.c.obj)
                0x0000000000000b10                z_log_msg_init
 .text.log_core_init
                0x0000000000000b30       0x50 zephyr/libzephyr.a(log_core.c.obj)
                0x0000000000000b30                log_core_init
 .text.z_log_msg_alloc
                0x0000000000000b80       0x10 zephyr/libzephyr.a(log_core.c.obj)
                0x0000000000000b80                z_log_msg_alloc
 .text.z_log_msg_local_claim
                0x0000000000000b90        0xc zephyr/libzephyr.a(log_core.c.obj)
                0x0000000000000b90                z_log_msg_local_claim
 .text.z_log_msg_free
                0x0000000000000b9c       0x10 zephyr/libzephyr.a(log_core.c.obj)
                0x0000000000000b9c                z_log_msg_free
 .text.z_log_msg_pending
                0x0000000000000bac        0xc zephyr/libzephyr.a(log_core.c.obj)
                0x0000000000000bac                z_log_msg_pending
 .text.z_impl_log_process
                0x0000000000000bb8       0xb4 zephyr/libzephyr.a(log_core.c.obj)
                0x0000000000000bb8                z_impl_log_process
 .text.z_impl_log_panic
                0x0000000000000c6c       0x44 zephyr/libzephyr.a(log_core.c.obj)
                0x0000000000000c6c                z_impl_log_panic
 .text.log_process_thread_func
                0x0000000000000cb0       0xa4 zephyr/libzephyr.a(log_core.c.obj)
 .text.z_log_msg_post_finalize
                0x0000000000000d54       0x74 zephyr/libzephyr.a(log_core.c.obj)
 .text.z_log_msg_commit
                0x0000000000000dc8       0x24 zephyr/libzephyr.a(log_core.c.obj)
                0x0000000000000dc8                z_log_msg_commit
 .text.log_source_name_get
                0x0000000000000dec       0x1c zephyr/libzephyr.a(log_mgmt.c.obj)
                0x0000000000000dec                log_source_name_get
 .text.z_impl_z_log_msg_static_create
                0x0000000000000e08      0x108 zephyr/libzephyr.a(log_msg.c.obj)
                0x0000000000000e08                z_impl_z_log_msg_static_create
 .text.z_log_msg_runtime_vcreate
                0x0000000000000f10       0xa0 zephyr/libzephyr.a(log_msg.c.obj)
                0x0000000000000f10                z_log_msg_runtime_vcreate
 .text.log_msg_get_source_id
                0x0000000000000fb0       0x18 zephyr/libzephyr.a(log_msg.c.obj)
                0x0000000000000fb0                log_msg_get_source_id
 .text.print_formatted
                0x0000000000000fc8       0x24 zephyr/libzephyr.a(log_output.c.obj)
 .text.newline_print
                0x0000000000000fec       0x1c zephyr/libzephyr.a(log_output.c.obj)
 .text.log_output_process
                0x0000000000001008      0x2d4 zephyr/libzephyr.a(log_output.c.obj)
                0x0000000000001008                log_output_process
 .text.log_output_dropped_process
                0x00000000000012dc       0x58 zephyr/libzephyr.a(log_output.c.obj)
                0x00000000000012dc                log_output_dropped_process
 .text.log_output_timestamp_freq_set
                0x0000000000001334       0x2c zephyr/libzephyr.a(log_output.c.obj)
                0x0000000000001334                log_output_timestamp_freq_set
 .text.char_out
                0x0000000000001360       0x24 zephyr/libzephyr.a(log_backend_uart.c.obj)
 .text.arch_bss_zero
                0x0000000000001384       0x18 zephyr/arch/common/libarch__common.a(init.c.obj)
                0x0000000000001384                arch_bss_zero
 .text.arch_data_copy
                0x000000000000139c       0x38 zephyr/arch/common/libarch__common.a(xip.c.obj)
                0x000000000000139c                arch_data_copy
 .text.z_arm_fatal_error
                0x00000000000013d4       0xb4 zephyr/arch/arch/arm/core/libarch__arm__core.a(fatal.c.obj)
                0x00000000000013d4                z_arm_fatal_error
 .text.z_SysNmiOnReset
                0x0000000000001488        0x8 zephyr/arch/arch/arm/core/libarch__arm__core.a(nmi_on_reset.S.obj)
                0x0000000000001488                z_SysNmiOnReset
 .text.arch_tls_stack_setup
                0x0000000000001490       0x40 zephyr/arch/arch/arm/core/libarch__arm__core.a(tls.c.obj)
                0x0000000000001490                arch_tls_stack_setup
 .text._HandlerModeExit
                0x00000000000014d0       0x20 zephyr/arch/arch/arm/core/cortex_m/libarch__arm__core__cortex_m.a(exc_exit.c.obj)
                0x00000000000014d0                z_arm_exc_exit
                0x00000000000014d0                z_arm_int_exit
 .text.mem_manage_fault.constprop.0
                0x00000000000014f0       0xac zephyr/arch/arch/arm/core/cortex_m/libarch__arm__core__cortex_m.a(fault.c.obj)
 .text.usage_fault.constprop.0
                0x000000000000159c       0xa8 zephyr/arch/arch/arm/core/cortex_m/libarch__arm__core__cortex_m.a(fault.c.obj)
 .text.bus_fault.constprop.0
                0x0000000000001644       0xb8 zephyr/arch/arch/arm/core/cortex_m/libarch__arm__core__cortex_m.a(fault.c.obj)
 .text.z_arm_fault
                0x00000000000016fc      0x1d0 zephyr/arch/arch/arm/core/cortex_m/libarch__arm__core__cortex_m.a(fault.c.obj)
                0x00000000000016fc                z_arm_fault
 .text.z_arm_fault_init
                0x00000000000018cc       0x18 zephyr/arch/arch/arm/core/cortex_m/libarch__arm__core__cortex_m.a(fault.c.obj)
                0x00000000000018cc                z_arm_fault_init
 .text.__fault  0x00000000000018e4       0x14 zephyr/arch/arch/arm/core/cortex_m/libarch__arm__core__cortex_m.a(fault_s.S.obj)
                0x00000000000018e4                z_arm_bus_fault
                0x00000000000018e4                z_arm_usage_fault
                0x00000000000018e4                z_arm_mpu_fault
                0x00000000000018e4                z_arm_exc_spurious
                0x00000000000018e4                z_arm_debug_monitor
                0x00000000000018e4                z_arm_hard_fault
 .text._reset_section
                0x00000000000018f8       0x34 zephyr/arch/arch/arm/core/cortex_m/libarch__arm__core__cortex_m.a(reset.S.obj)
                0x00000000000018f8                z_arm_reset
                0x00000000000018f8                __start
 .text.z_impl_k_thread_abort
                0x000000000000192c       0x2c zephyr/arch/arch/arm/core/cortex_m/libarch__arm__core__cortex_m.a(thread_abort.c.obj)
                0x000000000000192c                z_impl_k_thread_abort
 .text.z_arm_pendsv
                0x0000000000001958       0x54 zephyr/arch/arch/arm/core/cortex_m/libarch__arm__core__cortex_m.a(swap_helper.S.obj)
                0x0000000000001958                z_arm_pendsv
 .text.z_arm_svc
                0x00000000000019ac       0x24 zephyr/arch/arch/arm/core/cortex_m/libarch__arm__core__cortex_m.a(swap_helper.S.obj)
                0x00000000000019ac                z_arm_svc
 .text.relocate_vector_table
                0x00000000000019d0       0x20 zephyr/arch/arch/arm/core/cortex_m/libarch__arm__core__cortex_m.a(prep_c.c.obj)
                0x00000000000019d0                relocate_vector_table
 .text.arch_new_thread
                0x00000000000019f0       0x38 zephyr/arch/arch/arm/core/cortex_m/libarch__arm__core__cortex_m.a(thread.c.obj)
                0x00000000000019f0                arch_new_thread
 .text.arch_switch_to_main_thread
                0x0000000000001a28       0x38 zephyr/arch/arch/arm/core/cortex_m/libarch__arm__core__cortex_m.a(thread.c.obj)
                0x0000000000001a28                arch_switch_to_main_thread
 .text.z_arm_cpu_idle_init
                0x0000000000001a60        0xc zephyr/arch/arch/arm/core/cortex_m/libarch__arm__core__cortex_m.a(cpu_idle.c.obj)
                0x0000000000001a60                z_arm_cpu_idle_init
 .text.z_arm_interrupt_init
                0x0000000000001a6c       0x18 zephyr/arch/arch/arm/core/cortex_m/libarch__arm__core__cortex_m.a(irq_init.c.obj)
                0x0000000000001a6c                z_arm_interrupt_init
 .text._isr_wrapper
                0x0000000000001a84       0x24 zephyr/arch/arch/arm/core/cortex_m/libarch__arm__core__cortex_m.a(isr_wrapper.c.obj)
                0x0000000000001a84                _isr_wrapper
 .text.cbvprintf
                0x0000000000001aa8       0x38 zephyr/lib/libc/picolibc/liblib__libc__picolibc.a(cbprintf.c.obj)
                0x0000000000001aa8                cbvprintf
 .text.z_impl_zephyr_fputc
                0x0000000000001ae0       0x10 zephyr/lib/libc/picolibc/liblib__libc__picolibc.a(stdio.c.obj)
                0x0000000000001ae0                z_impl_zephyr_fputc
 .text.__stdout_hook_install
                0x0000000000001af0       0x18 zephyr/lib/libc/picolibc/liblib__libc__picolibc.a(stdio.c.obj)
                0x0000000000001af0                __stdout_hook_install
 .text.malloc_prepare
                0x0000000000001b08       0x24 zephyr/lib/libc/common/liblib__libc__common.a(malloc.c.obj)
 .text.uart_stellaris_init
                0x0000000000001b2c       0x30 zephyr/soc/soc/ti_lm3s6965/libsoc__ti__lm3s6965.a(soc_config.c.obj)
 .text.uart_console_init
                0x0000000000001b5c       0x28 zephyr/drivers/console/libdrivers__console.a(uart_console.c.obj)
 .text.console_out
                0x0000000000001b84       0x28 zephyr/drivers/console/libdrivers__console.a(uart_console.c.obj)
 .text.elapsed  0x0000000000001bac       0x4c zephyr/drivers/timer/libdrivers__timer.a(cortex_m_systick.c.obj)
 .text.sys_clock_driver_init
                0x0000000000001bf8       0x38 zephyr/drivers/timer/libdrivers__timer.a(cortex_m_systick.c.obj)
 .text.sys_clock_isr
                0x0000000000001c30       0x50 zephyr/drivers/timer/libdrivers__timer.a(cortex_m_systick.c.obj)
                0x0000000000001c30                sys_clock_isr
 .text.sys_clock_set_timeout
                0x0000000000001c80       0xe4 zephyr/drivers/timer/libdrivers__timer.a(cortex_m_systick.c.obj)
                0x0000000000001c80                sys_clock_set_timeout
 .text.sys_clock_elapsed
                0x0000000000001d64       0x3c zephyr/drivers/timer/libdrivers__timer.a(cortex_m_systick.c.obj)
                0x0000000000001d64                sys_clock_elapsed
 .text.k_sys_fatal_error_handler
                0x0000000000001da0       0x20 zephyr/kernel/libkernel.a(fatal.c.obj)
                0x0000000000001da0                k_sys_fatal_error_handler
 .text.z_fatal_error
                0x0000000000001dc0       0xe8 zephyr/kernel/libkernel.a(fatal.c.obj)
                0x0000000000001dc0                z_fatal_error
 .text.z_sys_init_run_level
                0x0000000000001ea8       0x30 zephyr/kernel/libkernel.a(init.c.obj)
 .text.bg_thread_main
                0x0000000000001ed8       0xc0 zephyr/kernel/libkernel.a(init.c.obj)
 .text.z_init_cpu
                0x0000000000001f98       0x68 zephyr/kernel/libkernel.a(init.c.obj)
                0x0000000000001f98                z_init_cpu
 .text.z_cstart
                0x0000000000002000       0xc4 zephyr/kernel/libkernel.a(init.c.obj)
                0x0000000000002000                z_cstart
 .text.z_impl_k_sem_give
                0x00000000000020c4       0x68 zephyr/kernel/libkernel.a(sem.c.obj)
                0x00000000000020c4                z_impl_k_sem_give
 .text.z_impl_k_sem_take
                0x000000000000212c       0x4c zephyr/kernel/libkernel.a(sem.c.obj)
                0x000000000000212c                z_impl_k_sem_take
 .text.z_setup_new_thread
                0x0000000000002178       0x70 zephyr/kernel/libkernel.a(thread.c.obj)
                0x0000000000002178                z_setup_new_thread
 .text.z_impl_k_thread_create
                0x00000000000021e8       0x58 zephyr/kernel/libkernel.a(thread.c.obj)
                0x00000000000021e8                z_impl_k_thread_create
 .text.z_dummy_thread_init
                0x0000000000002240       0x14 zephyr/kernel/libkernel.a(thread.c.obj)
                0x0000000000002240                z_dummy_thread_init
 .text.z_swap_irqlock
                0x0000000000002254       0x30 zephyr/kernel/libkernel.a(sched.c.obj)
 .text.ready_thread
                0x0000000000002284       0x94 zephyr/kernel/libkernel.a(sched.c.obj)
 .text.unready_thread
                0x0000000000002318       0xa0 zephyr/kernel/libkernel.a(sched.c.obj)
 .text.add_thread_timeout
                0x00000000000023b8       0x1c zephyr/kernel/libkernel.a(sched.c.obj)
 .text.move_thread_to_end_of_prio_q
                0x00000000000023d4       0xe8 zephyr/kernel/libkernel.a(sched.c.obj)
                0x00000000000023d4                move_thread_to_end_of_prio_q
 .text.z_pend_curr
                0x00000000000024bc       0x44 zephyr/kernel/libkernel.a(sched.c.obj)
                0x00000000000024bc                z_pend_curr
 .text.z_reschedule
                0x0000000000002500       0x24 zephyr/kernel/libkernel.a(sched.c.obj)
                0x0000000000002500                z_reschedule
 .text.z_reschedule_irqlock
                0x0000000000002524       0x28 zephyr/kernel/libkernel.a(sched.c.obj)
                0x0000000000002524                z_reschedule_irqlock
 .text.k_sched_lock
                0x000000000000254c       0x28 zephyr/kernel/libkernel.a(sched.c.obj)
                0x000000000000254c                k_sched_lock
 .text.k_sched_unlock
                0x0000000000002574       0x74 zephyr/kernel/libkernel.a(sched.c.obj)
                0x0000000000002574                k_sched_unlock
 .text.z_sched_init
                0x00000000000025e8        0xc zephyr/kernel/libkernel.a(sched.c.obj)
                0x00000000000025e8                z_sched_init
 .text.z_impl_k_yield
                0x00000000000025f4       0x6c zephyr/kernel/libkernel.a(sched.c.obj)
                0x00000000000025f4                z_impl_k_yield
 .text.z_tick_sleep
                0x0000000000002660       0x78 zephyr/kernel/libkernel.a(sched.c.obj)
 .text.z_impl_k_wakeup
                0x00000000000026d8       0x48 zephyr/kernel/libkernel.a(sched.c.obj)
                0x00000000000026d8                z_impl_k_wakeup
 .text.z_impl_k_sched_current_thread_query
                0x0000000000002720        0xc zephyr/kernel/libkernel.a(sched.c.obj)
                0x0000000000002720                z_impl_k_sched_current_thread_query
 .text.z_thread_abort
                0x000000000000272c      0x18c zephyr/kernel/libkernel.a(sched.c.obj)
                0x000000000000272c                z_thread_abort
 .text.slice_timeout
                0x00000000000028b8       0x20 zephyr/kernel/libkernel.a(timeslicing.c.obj)
 .text.thread_is_sliceable
                0x00000000000028d8       0x3c zephyr/kernel/libkernel.a(timeslicing.c.obj)
                0x00000000000028d8                thread_is_sliceable
 .text.z_reset_time_slice
                0x0000000000002914       0x50 zephyr/kernel/libkernel.a(timeslicing.c.obj)
                0x0000000000002914                z_reset_time_slice
 .text.z_time_slice
                0x0000000000002964       0x60 zephyr/kernel/libkernel.a(timeslicing.c.obj)
                0x0000000000002964                z_time_slice
 .text.first    0x00000000000029c4       0x10 zephyr/kernel/libkernel.a(timeout.c.obj)
 .text.elapsed  0x00000000000029d4       0x14 zephyr/kernel/libkernel.a(timeout.c.obj)
 .text.remove_timeout
                0x00000000000029e8       0x38 zephyr/kernel/libkernel.a(timeout.c.obj)
 .text.z_add_timeout
                0x0000000000002a20      0x120 zephyr/kernel/libkernel.a(timeout.c.obj)
                0x0000000000002a20                z_add_timeout
 .text.sys_clock_announce
                0x0000000000002b40       0xbc zephyr/kernel/libkernel.a(timeout.c.obj)
                0x0000000000002b40                sys_clock_announce
 .text.sys_clock_tick_get
                0x0000000000002bfc       0x30 zephyr/kernel/libkernel.a(timeout.c.obj)
                0x0000000000002bfc                sys_clock_tick_get
 .text.z_timer_expiration_handler
                0x0000000000002c2c      0x104 zephyr/kernel/libkernel.a(timer.c.obj)
                0x0000000000002c2c                z_timer_expiration_handler
 .text.z_impl_k_timer_start
                0x0000000000002d30       0x70 zephyr/kernel/libkernel.a(timer.c.obj)
                0x0000000000002d30                z_impl_k_timer_start
 .text.boot_banner
                0x0000000000002da0        0xc zephyr/kernel/libkernel.a(banner.c.obj)
                0x0000000000002da0                boot_banner
 .text.snprintf
                0x0000000000002dac       0x54 /home/udit27/zephyr-sdk-0.17.4/arm-zephyr-eabi/bin/../lib/gcc/../../picolibc/arm-zephyr-eabi/lib/thumb/v7-m/nofp/libc.a(libc_tinystdio_snprintf.c.o)
                0x0000000000002dac                snprintf
 .text.__l_vfprintf
                0x0000000000002e00      0x4b8 /home/udit27/zephyr-sdk-0.17.4/arm-zephyr-eabi/bin/../lib/gcc/../../picolibc/arm-zephyr-eabi/lib/thumb/v7-m/nofp/libc.a(libc_tinystdio_vflprintf.c.o)
                0x0000000000002e00                __l_vfprintf
 .text._OffsetAbsSyms
                0x00000000000032b8        0x2 zephyr/CMakeFiles/offsets.dir/./arch/arm/core/offsets/offsets.c.obj
                0x00000000000032b8                _OffsetAbsSyms
 .text.chunk_size
                0x00000000000032ba        0xa zephyr/libzephyr.a(heap.c.obj)
 .text.free_list_add
                0x00000000000032c4       0x4e zephyr/libzephyr.a(heap.c.obj)
 .text.sys_heap_init
                0x0000000000003312       0x7a zephyr/libzephyr.a(heap.c.obj)
                0x0000000000003312                sys_heap_init
 .text.cbpprintf_external
                0x000000000000338c       0x62 zephyr/libzephyr.a(cbprintf_packaged.c.obj)
                0x000000000000338c                cbpprintf_external
 .text.is_ptr   0x00000000000033ee       0x4a zephyr/libzephyr.a(cbprintf_packaged.c.obj)
                0x00000000000033ee                is_ptr
 .text.arch_printk_char_out
                0x0000000000003438        0x4 zephyr/libzephyr.a(printk.c.obj)
                0x0000000000003438                arch_printk_char_out
 .text.printk   0x000000000000343c       0x1a zephyr/libzephyr.a(printk.c.obj)
                0x000000000000343c                printk
 .text.free_space
                0x0000000000003456       0x26 zephyr/libzephyr.a(mpsc_pbuf.c.obj)
 .text.get_usage
                0x000000000000347c       0x22 zephyr/libzephyr.a(mpsc_pbuf.c.obj)
 .text.idx_inc  0x000000000000349e       0x1c zephyr/libzephyr.a(mpsc_pbuf.c.obj)
 .text.rd_idx_inc
                0x00000000000034ba       0x18 zephyr/libzephyr.a(mpsc_pbuf.c.obj)
 .text.add_skip_item
                0x00000000000034d2       0x3e zephyr/libzephyr.a(mpsc_pbuf.c.obj)
 .text.drop_item_locked
                0x0000000000003510      0x100 zephyr/libzephyr.a(mpsc_pbuf.c.obj)
 .text.post_drop_action
                0x0000000000003610       0x36 zephyr/libzephyr.a(mpsc_pbuf.c.obj)
 .text.max_utilization_update
                0x0000000000003646       0x1a zephyr/libzephyr.a(mpsc_pbuf.c.obj)
 .text.mpsc_pbuf_init
                0x0000000000003660       0x42 zephyr/libzephyr.a(mpsc_pbuf.c.obj)
                0x0000000000003660                mpsc_pbuf_init
 .text.mpsc_pbuf_alloc
                0x00000000000036a2       0xfe zephyr/libzephyr.a(mpsc_pbuf.c.obj)
                0x00000000000036a2                mpsc_pbuf_alloc
 .text.mpsc_pbuf_commit
                0x00000000000037a0       0x3e zephyr/libzephyr.a(mpsc_pbuf.c.obj)
                0x00000000000037a0                mpsc_pbuf_commit
 .text.mpsc_pbuf_claim
                0x00000000000037de       0xa8 zephyr/libzephyr.a(mpsc_pbuf.c.obj)
                0x00000000000037de                mpsc_pbuf_claim
 .text.mpsc_pbuf_free
                0x0000000000003886       0x76 zephyr/libzephyr.a(mpsc_pbuf.c.obj)
                0x0000000000003886                mpsc_pbuf_free
 .text.mpsc_pbuf_is_pending
                0x00000000000038fc       0x32 zephyr/libzephyr.a(mpsc_pbuf.c.obj)
                0x00000000000038fc                mpsc_pbuf_is_pending
 .text._ConfigAbsSyms
                0x000000000000392e        0x2 zephyr/libzephyr.a(configs.c.obj)
                0x000000000000392e                _ConfigAbsSyms
 .text.log_msg_generic_get_wlen
                0x0000000000003930       0x20 zephyr/libzephyr.a(log_core.c.obj)
 .text.dummy_timestamp
                0x0000000000003950        0x4 zephyr/libzephyr.a(log_core.c.obj)
 .text.atomic_inc
                0x0000000000003954       0x1a zephyr/libzephyr.a(log_core.c.obj)
 .text.default_lf_get_timestamp
                0x000000000000396e        0xc zephyr/libzephyr.a(log_core.c.obj)
 .text.z_log_vprintk
                0x000000000000397a       0x1c zephyr/libzephyr.a(log_core.c.obj)
                0x000000000000397a                z_log_vprintk
 .text.z_log_notify_drop
                0x0000000000003996        0x6 zephyr/libzephyr.a(log_core.c.obj)
 .text.z_log_get_tag
                0x000000000000399c        0x4 zephyr/libzephyr.a(log_core.c.obj)
                0x000000000000399c                z_log_get_tag
 .text.log_backend_enable
                0x00000000000039a0       0x12 zephyr/libzephyr.a(log_mgmt.c.obj)
                0x00000000000039a0                log_backend_enable
 .text.z_cbprintf_cpy
                0x00000000000039b2       0x2e zephyr/libzephyr.a(log_msg.c.obj)
 .text.z_log_msg_finalize
                0x00000000000039e0       0x32 zephyr/libzephyr.a(log_msg.c.obj)
                0x00000000000039e0                z_log_msg_finalize
 .text.z_log_msg_simple_create
                0x0000000000003a12       0x6e zephyr/libzephyr.a(log_msg.c.obj)
 .text.z_impl_z_log_msg_simple_create_0
                0x0000000000003a80       0x12 zephyr/libzephyr.a(log_msg.c.obj)
                0x0000000000003a80                z_impl_z_log_msg_simple_create_0
 .text.z_impl_z_log_msg_simple_create_1
                0x0000000000003a92       0x14 zephyr/libzephyr.a(log_msg.c.obj)
                0x0000000000003a92                z_impl_z_log_msg_simple_create_1
 .text.log_output_write
                0x0000000000003aa6       0x1c zephyr/libzephyr.a(log_output.c.obj)
 .text.log_output_flush
                0x0000000000003ac2       0x18 zephyr/libzephyr.a(log_output.c.obj)
 .text.out_func
                0x0000000000003ada       0x36 zephyr/libzephyr.a(log_output.c.obj)
 .text.cr_out_func
                0x0000000000003b10       0x1c zephyr/libzephyr.a(log_output.c.obj)
 .text.log_output_msg_process
                0x0000000000003b2c       0x6a zephyr/libzephyr.a(log_output.c.obj)
                0x0000000000003b2c                log_output_msg_process
 .text.format_set
                0x0000000000003b96        0xc zephyr/libzephyr.a(log_backend_uart.c.obj)
 .text.log_backend_uart_init
                0x0000000000003ba2        0xc zephyr/libzephyr.a(log_backend_uart.c.obj)
 .text.panic    0x0000000000003bae       0x32 zephyr/libzephyr.a(log_backend_uart.c.obj)
 .text.dropped  0x0000000000003be0        0xa zephyr/libzephyr.a(log_backend_uart.c.obj)
 .text.process  0x0000000000003bea       0x1e zephyr/libzephyr.a(log_backend_uart.c.obj)
 .text.arch_early_memset
                0x0000000000003c08        0x4 zephyr/arch/common/libarch__common.a(init.c.obj)
                0x0000000000003c08                arch_early_memset
 .text.arch_early_memcpy
                0x0000000000003c0c        0x4 zephyr/arch/common/libarch__common.a(init.c.obj)
                0x0000000000003c0c                arch_early_memcpy
 .text.z_do_kernel_oops
                0x0000000000003c10        0x8 zephyr/arch/arch/arm/core/libarch__arm__core.a(fatal.c.obj)
                0x0000000000003c10                z_do_kernel_oops
 .text.z_arm_nmi
                0x0000000000003c18        0xe zephyr/arch/arch/arm/core/libarch__arm__core.a(nmi.c.obj)
                0x0000000000003c18                z_arm_nmi
 .text.z_log_msg_simple_create_0.constprop.0
                0x0000000000003c26        0x8 zephyr/arch/arch/arm/core/cortex_m/libarch__arm__core__cortex_m.a(fault.c.obj)
 .text.z_irq_spurious
                0x0000000000003c2e        0x8 zephyr/arch/arch/arm/core/cortex_m/libarch__arm__core__cortex_m.a(irq_manage.c.obj)
                0x0000000000003c2e                z_irq_spurious
 .text.z_prep_c
                0x0000000000003c36       0x16 zephyr/arch/arch/arm/core/cortex_m/libarch__arm__core__cortex_m.a(prep_c.c.obj)
                0x0000000000003c36                z_prep_c
 .text.arch_coprocessors_disable
                0x0000000000003c4c        0x6 zephyr/arch/arch/arm/core/cortex_m/libarch__arm__core__cortex_m.a(thread.c.obj)
                0x0000000000003c4c                arch_coprocessors_disable
 .text.arch_irq_unlock_outlined
                0x0000000000003c52        0xe zephyr/arch/arch/arm/core/cortex_m/libarch__arm__core__cortex_m.a(thread.c.obj)
                0x0000000000003c52                arch_irq_unlock_outlined
 .text.arch_cpu_idle
                0x0000000000003c60       0x1a zephyr/arch/arch/arm/core/cortex_m/libarch__arm__core__cortex_m.a(cpu_idle.c.obj)
                0x0000000000003c60                arch_cpu_idle
 .text.cbputc   0x0000000000003c7a        0xc zephyr/lib/libc/picolibc/liblib__libc__picolibc.a(cbprintf.c.obj)
 .text.picolibc_put
                0x0000000000003c86        0xa zephyr/lib/libc/picolibc/liblib__libc__picolibc.a(stdio.c.obj)
 .text.uart_stellaris_poll_in
                0x0000000000003c90       0x16 zephyr/drivers/serial/libdrivers__serial.a(uart_stellaris.c.obj)
 .text.uart_stellaris_poll_out
                0x0000000000003ca6        0xe zephyr/drivers/serial/libdrivers__serial.a(uart_stellaris.c.obj)
 .text.uart_stellaris_init
                0x0000000000003cb4       0x60 zephyr/drivers/serial/libdrivers__serial.a(uart_stellaris.c.obj)
 .text.do_device_init
                0x0000000000003d14       0x30 zephyr/kernel/libkernel.a(device.c.obj)
                0x0000000000003d14                do_device_init
 .text.z_impl_device_is_ready
                0x0000000000003d44       0x16 zephyr/kernel/libkernel.a(device.c.obj)
                0x0000000000003d44                z_impl_device_is_ready
 .text.arch_system_halt
                0x0000000000003d5a       0x10 zephyr/kernel/libkernel.a(fatal.c.obj)
                0x0000000000003d5a                arch_system_halt
 .text.idle     0x0000000000003d6a       0x16 zephyr/kernel/libkernel.a(idle.c.obj)
                0x0000000000003d6a                idle
 .text.z_impl_k_sem_init
                0x0000000000003d80       0x18 zephyr/kernel/libkernel.a(sem.c.obj)
                0x0000000000003d80                z_impl_k_sem_init
 .text.k_is_in_isr
                0x0000000000003d98        0xc zephyr/kernel/libkernel.a(thread.c.obj)
                0x0000000000003d98                k_is_in_isr
 .text.z_impl_k_thread_name_set
                0x0000000000003da4        0x6 zephyr/kernel/libkernel.a(thread.c.obj)
                0x0000000000003da4                z_impl_k_thread_name_set
 .text.k_thread_name_get
                0x0000000000003daa        0x4 zephyr/kernel/libkernel.a(thread.c.obj)
                0x0000000000003daa                k_thread_name_get
 .text.add_to_waitq_locked
                0x0000000000003dae       0x50 zephyr/kernel/libkernel.a(sched.c.obj)
 .text.unpend_thread_no_timeout
                0x0000000000003dfe       0x1a zephyr/kernel/libkernel.a(sched.c.obj)
 .text.z_ready_thread
                0x0000000000003e18       0x1e zephyr/kernel/libkernel.a(sched.c.obj)
                0x0000000000003e18                z_ready_thread
 .text.z_unpend_thread_no_timeout
                0x0000000000003e36       0x22 zephyr/kernel/libkernel.a(sched.c.obj)
                0x0000000000003e36                z_unpend_thread_no_timeout
 .text.z_sched_wake_thread
                0x0000000000003e58       0x3a zephyr/kernel/libkernel.a(sched.c.obj)
                0x0000000000003e58                z_sched_wake_thread
 .text.z_thread_timeout
                0x0000000000003e92        0x8 zephyr/kernel/libkernel.a(sched.c.obj)
                0x0000000000003e92                z_thread_timeout
 .text.z_unpend1_no_timeout
                0x0000000000003e9a       0x2c zephyr/kernel/libkernel.a(sched.c.obj)
                0x0000000000003e9a                z_unpend1_no_timeout
 .text.init_ready_q
                0x0000000000003ec6       0x18 zephyr/kernel/libkernel.a(sched.c.obj)
                0x0000000000003ec6                init_ready_q
 .text.z_impl_k_sleep
                0x0000000000003ede       0x30 zephyr/kernel/libkernel.a(sched.c.obj)
                0x0000000000003ede                z_impl_k_sleep
 .text.next_timeout
                0x0000000000003f0e       0x2e zephyr/kernel/libkernel.a(timeout.c.obj)
 .text.z_abort_timeout
                0x0000000000003f3c       0x50 zephyr/kernel/libkernel.a(timeout.c.obj)
                0x0000000000003f3c                z_abort_timeout
 .text.sys_clock_tick_get_32
                0x0000000000003f8c        0x8 zephyr/kernel/libkernel.a(timeout.c.obj)
                0x0000000000003f8c                sys_clock_tick_get_32
 .text.z_impl_k_uptime_ticks
                0x0000000000003f94        0x4 zephyr/kernel/libkernel.a(timeout.c.obj)
                0x0000000000003f94                z_impl_k_uptime_ticks
 .text.k_timer_init
                0x0000000000003f98       0x18 zephyr/kernel/libkernel.a(timer.c.obj)
                0x0000000000003f98                k_timer_init
 .text.z_impl_k_timer_stop
                0x0000000000003fb0       0x38 zephyr/kernel/libkernel.a(timer.c.obj)
                0x0000000000003fb0                z_impl_k_timer_stop
 .text.memcpy   0x0000000000003fe8       0x1c /home/udit27/zephyr-sdk-0.17.4/arm-zephyr-eabi/bin/../lib/gcc/../../picolibc/arm-zephyr-eabi/lib/thumb/v7-m/nofp/libc.a(memcpy.c.o)
                0x0000000000003fe8                memcpy
                0x0000000000003fe8                __aeabi_memcpy
                0x0000000000003fe8                __aeabi_memcpy4
                0x0000000000003fe8                __aeabi_memcpy8
 .text.memset   0x0000000000004004       0x10 /home/udit27/zephyr-sdk-0.17.4/arm-zephyr-eabi/bin/../lib/gcc/../../picolibc/arm-zephyr-eabi/lib/thumb/v7-m/nofp/libc.a(memset.c.o)
                0x0000000000004004                memset
 .text.strnlen  0x0000000000004014       0x18 /home/udit27/zephyr-sdk-0.17.4/arm-zephyr-eabi/bin/../lib/gcc/../../picolibc/arm-zephyr-eabi/lib/thumb/v7-m/nofp/libc.a(libc_string_strnlen.c.o)
                0x0000000000004014                strnlen
 .text.__ultoa_invert
                0x000000000000402c       0xae /home/udit27/zephyr-sdk-0.17.4/arm-zephyr-eabi/bin/../lib/gcc/../../picolibc/arm-zephyr-eabi/lib/thumb/v7-m/nofp/libc.a(libc_tinystdio_vflprintf.c.o)
 .text.__file_str_put
                0x00000000000040da       0x10 /home/udit27/zephyr-sdk-0.17.4/arm-zephyr-eabi/bin/../lib/gcc/../../picolibc/arm-zephyr-eabi/lib/thumb/v7-m/nofp/libc.a(libc_tinystdio_filestrput.c.o)
                0x00000000000040da                __file_str_put
 *(SORT_BY_ALIGNMENT(.TEXT.*))
 *fill*         0x00000000000040ea        0x2 
 .TEXT.__aeabi_read_tp
                0x00000000000040ec        0xc zephyr/arch/arch/arm/core/cortex_m/libarch__arm__core__cortex_m.a(__aeabi_read_tp.S.obj)
                0x00000000000040ec                __aeabi_read_tp
 *(SORT_BY_ALIGNMENT(.gnu.linkonce.t.*))
 *(SORT_BY_ALIGNMENT(.glue_7t))
 .glue_7t       0x00000000000040f8        0x0 linker stubs
 *(SORT_BY_ALIGNMENT(.glue_7))
 .glue_7        0x00000000000040f8        0x0 linker stubs
 *(SORT_BY_ALIGNMENT(.vfp11_veneer))
 .vfp11_veneer  0x00000000000040f8        0x0 linker stubs
 *(SORT_BY_ALIGNMENT(.v4_bx))
 .v4_bx         0x00000000000040f8        0x0 linker stubs
                0x00000000000040f8                . = ALIGN (0x4)
                0x00000000000040f8                __text_region_end = .

.ARM.exidx      0x00000000000040f8        0x0
                0x00000000000040f8                __exidx_start = .
 *(SORT_BY_ALIGNMENT(.ARM.exidx*) SORT_BY_ALIGNMENT(gnu.linkonce.armexidx.*))
                0x00000000000040f8                __exidx_end = .
                0x00000000000040f8                __rodata_region_start = .

initlevel       0x00000000000040f8       0x40
                0x00000000000040f8                __init_start = .
                0x00000000000040f8                __init_EARLY_start = .
 *(SORT_BY_NAME(SORT_BY_ALIGNMENT(.z_init_EARLY_P_?_*)))
 *(SORT_BY_NAME(SORT_BY_ALIGNMENT(.z_init_EARLY_P_??_*)))
 *(SORT_BY_NAME(SORT_BY_ALIGNMENT(.z_init_EARLY_P_???_*)))
                0x00000000000040f8                __init_PRE_KERNEL_1_start = .
 *(SORT_BY_NAME(SORT_BY_ALIGNMENT(.z_init_PRE_KERNEL_1_P_?_*)))
 *(SORT_BY_NAME(SORT_BY_ALIGNMENT(.z_init_PRE_KERNEL_1_P_??_*)))
 .z_init_PRE_KERNEL_1_P_50_SUB_00018_
                0x00000000000040f8        0x8 zephyr/drivers/serial/libdrivers__serial.a(uart_stellaris.c.obj)
 .z_init_PRE_KERNEL_1_P_50_SUB_00019_
                0x0000000000004100        0x8 zephyr/drivers/serial/libdrivers__serial.a(uart_stellaris.c.obj)
 .z_init_PRE_KERNEL_1_P_50_SUB_00022_
                0x0000000000004108        0x8 zephyr/drivers/serial/libdrivers__serial.a(uart_stellaris.c.obj)
 .z_init_PRE_KERNEL_1_P_50_SUB_0_
                0x0000000000004110        0x8 zephyr/soc/soc/ti_lm3s6965/libsoc__ti__lm3s6965.a(soc_config.c.obj)
 .z_init_PRE_KERNEL_1_P_60_SUB_0_
                0x0000000000004118        0x8 zephyr/drivers/console/libdrivers__console.a(uart_console.c.obj)
 *(SORT_BY_NAME(SORT_BY_ALIGNMENT(.z_init_PRE_KERNEL_1_P_???_*)))
                0x0000000000004120                __init_PRE_KERNEL_2_start = .
 *(SORT_BY_NAME(SORT_BY_ALIGNMENT(.z_init_PRE_KERNEL_2_P_?_*)))
 .z_init_PRE_KERNEL_2_P_0_SUB_0_
                0x0000000000004120        0x8 zephyr/drivers/timer/libdrivers__timer.a(cortex_m_systick.c.obj)
 *(SORT_BY_NAME(SORT_BY_ALIGNMENT(.z_init_PRE_KERNEL_2_P_??_*)))
 *(SORT_BY_NAME(SORT_BY_ALIGNMENT(.z_init_PRE_KERNEL_2_P_???_*)))
                0x0000000000004128                __init_POST_KERNEL_start = .
 *(SORT_BY_NAME(SORT_BY_ALIGNMENT(.z_init_POST_KERNEL_P_?_*)))
 .z_init_POST_KERNEL_P_0_SUB_0_
                0x0000000000004128        0x8 zephyr/libzephyr.a(log_core.c.obj)
 *(SORT_BY_NAME(SORT_BY_ALIGNMENT(.z_init_POST_KERNEL_P_??_*)))
 .z_init_POST_KERNEL_P_35_SUB_0_
                0x0000000000004130        0x8 zephyr/lib/libc/common/liblib__libc__common.a(malloc.c.obj)
 *(SORT_BY_NAME(SORT_BY_ALIGNMENT(.z_init_POST_KERNEL_P_???_*)))
                0x0000000000004138                __init_APPLICATION_start = .
 *(SORT_BY_NAME(SORT_BY_ALIGNMENT(.z_init_APPLICATION_P_?_*)))
 *(SORT_BY_NAME(SORT_BY_ALIGNMENT(.z_init_APPLICATION_P_??_*)))
 *(SORT_BY_NAME(SORT_BY_ALIGNMENT(.z_init_APPLICATION_P_???_*)))
                0x0000000000004138                __init_SMP_start = .
 *(SORT_BY_NAME(SORT_BY_ALIGNMENT(.z_init_SMP_P_?_*)))
 *(SORT_BY_NAME(SORT_BY_ALIGNMENT(.z_init_SMP_P_??_*)))
 *(SORT_BY_NAME(SORT_BY_ALIGNMENT(.z_init_SMP_P_???_*)))
                0x0000000000004138                __init_end = .

device_area     0x0000000000004138       0x60
                0x0000000000004138                _device_list_start = .
 *(SORT_BY_NAME(SORT_BY_ALIGNMENT(._device.static.*_?_*)))
 *(SORT_BY_NAME(SORT_BY_ALIGNMENT(._device.static.*_??_*)))
 ._device.static.1_50_
                0x0000000000004138       0x60 zephyr/drivers/serial/libdrivers__serial.a(uart_stellaris.c.obj)
                0x0000000000004138                __device_dts_ord_22
                0x0000000000004158                __device_dts_ord_19
                0x0000000000004178                __device_dts_ord_18
 *(SORT_BY_NAME(SORT_BY_ALIGNMENT(._device.static.*_???_*)))
 *(SORT_BY_NAME(SORT_BY_ALIGNMENT(._device.static.*_????_*)))
 *(SORT_BY_NAME(SORT_BY_ALIGNMENT(._device.static.*_?????_*)))
                0x0000000000004198                _device_list_end = .

sw_isr_table    0x0000000000004198      0x158
                0x0000000000004198                . = ALIGN (0x4)
 *(SORT_BY_ALIGNMENT(.gnu.linkonce.sw_isr_table*))
 .gnu.linkonce.sw_isr_table
                0x0000000000004198      0x158 zephyr/CMakeFiles/zephyr_final.dir/isr_tables.c.obj
                0x0000000000004198                _sw_isr_table

initlevel_error
                0x00000000000040f8        0x0
 *(SORT_BY_NAME(SORT_BY_ALIGNMENT(.z_init_*)))
                0x0000000000000001                ASSERT ((SIZEOF (initlevel_error) == 0x0), Undefined initialization levels used.)

app_shmem_regions
                0x00000000000042f0        0x0
                0x00000000000042f0                __app_shmem_regions_start = .
 *(SORT_BY_NAME(SORT_BY_ALIGNMENT(.app_regions.*)))
                0x00000000000042f0                __app_shmem_regions_end = .

k_p4wq_initparam_area
                0x00000000000042f0        0x0
                0x00000000000042f0                _k_p4wq_initparam_list_start = .
 *(SORT_BY_NAME(SORT_BY_ALIGNMENT(._k_p4wq_initparam.static.*)))
                0x00000000000042f0                _k_p4wq_initparam_list_end = .

_static_thread_data_area
                0x00000000000042f0        0x0
                0x00000000000042f0                __static_thread_data_list_start = .
 *(SORT_BY_NAME(SORT_BY_ALIGNMENT(.__static_thread_data.static.*)))
                0x00000000000042f0                __static_thread_data_list_end = .

device_deps     0x00000000000042f0        0x0
                0x00000000000042f0                __device_deps_start = .
 *(SORT_BY_NAME(SORT_BY_ALIGNMENT(.__device_deps_pass2*)))
                0x00000000000042f0                __device_deps_end = .

shared_irq_driver_api_area
                0x00000000000042f0        0x0
                0x00000000000042f0                _shared_irq_driver_api_list_start = .
 *(SORT_BY_NAME(SORT_BY_ALIGNMENT(._shared_irq_driver_api.static.*)))
                0x00000000000042f0                _shared_irq_driver_api_list_end = .

crypto_driver_api_area
                0x00000000000042f0        0x0
                0x00000000000042f0                _crypto_driver_api_list_start = .
 *(SORT_BY_NAME(SORT_BY_ALIGNMENT(._crypto_driver_api.static.*)))
                0x00000000000042f0                _crypto_driver_api_list_end = .

adc_driver_api_area
                0x00000000000042f0        0x0
                0x00000000000042f0                _adc_driver_api_list_start = .
 *(SORT_BY_NAME(SORT_BY_ALIGNMENT(._adc_driver_api.static.*)))
                0x00000000000042f0                _adc_driver_api_list_end = .

auxdisplay_driver_api_area
                0x00000000000042f0        0x0
                0x00000000000042f0                _auxdisplay_driver_api_list_start = .
 *(SORT_BY_NAME(SORT_BY_ALIGNMENT(._auxdisplay_driver_api.static.*)))
                0x00000000000042f0                _auxdisplay_driver_api_list_end = .

bbram_driver_api_area
                0x00000000000042f0        0x0
                0x00000000000042f0                _bbram_driver_api_list_start = .
 *(SORT_BY_NAME(SORT_BY_ALIGNMENT(._bbram_driver_api.static.*)))
                0x00000000000042f0                _bbram_driver_api_list_end = .

bt_hci_driver_api_area
                0x00000000000042f0        0x0
                0x00000000000042f0                _bt_hci_driver_api_list_start = .
 *(SORT_BY_NAME(SORT_BY_ALIGNMENT(._bt_hci_driver_api.static.*)))
                0x00000000000042f0                _bt_hci_driver_api_list_end = .

can_driver_api_area
                0x00000000000042f0        0x0
                0x00000000000042f0                _can_driver_api_list_start = .
 *(SORT_BY_NAME(SORT_BY_ALIGNMENT(._can_driver_api.static.*)))
                0x00000000000042f0                _can_driver_api_list_end = .

cellular_driver_api_area
                0x00000000000042f0        0x0
                0x00000000000042f0                _cellular_driver_api_list_start = .
 *(SORT_BY_NAME(SORT_BY_ALIGNMENT(._cellular_driver_api.static.*)))
                0x00000000000042f0                _cellular_driver_api_list_end = .

charger_driver_api_area
                0x00000000000042f0        0x0
                0x00000000000042f0                _charger_driver_api_list_start = .
 *(SORT_BY_NAME(SORT_BY_ALIGNMENT(._charger_driver_api.static.*)))
                0x00000000000042f0                _charger_driver_api_list_end = .

clock_control_driver_api_area
                0x00000000000042f0        0x0
                0x00000000000042f0                _clock_control_driver_api_list_start = .
 *(SORT_BY_NAME(SORT_BY_ALIGNMENT(._clock_control_driver_api.static.*)))
                0x00000000000042f0                _clock_control_driver_api_list_end = .

comparator_driver_api_area
                0x00000000000042f0        0x0
                0x00000000000042f0                _comparator_driver_api_list_start = .
 *(SORT_BY_NAME(SORT_BY_ALIGNMENT(._comparator_driver_api.static.*)))
                0x00000000000042f0                _comparator_driver_api_list_end = .

coredump_driver_api_area
                0x00000000000042f0        0x0
                0x00000000000042f0                _coredump_driver_api_list_start = .
 *(SORT_BY_NAME(SORT_BY_ALIGNMENT(._coredump_driver_api.static.*)))
                0x00000000000042f0                _coredump_driver_api_list_end = .

counter_driver_api_area
                0x00000000000042f0        0x0
                0x00000000000042f0                _counter_driver_api_list_start = .
 *(SORT_BY_NAME(SORT_BY_ALIGNMENT(._counter_driver_api.static.*)))
                0x00000000000042f0                _counter_driver_api_list_end = .

crc_driver_api_area
                0x00000000000042f0        0x0
                0x00000000000042f0                _crc_driver_api_list_start = .
 *(SORT_BY_NAME(SORT_BY_ALIGNMENT(._crc_driver_api.static.*)))
                0x00000000000042f0                _crc_driver_api_list_end = .

dac_driver_api_area
                0x00000000000042f0        0x0
                0x00000000000042f0                _dac_driver_api_list_start = .
 *(SORT_BY_NAME(SORT_BY_ALIGNMENT(._dac_driver_api.static.*)))
                0x00000000000042f0                _dac_driver_api_list_end = .

dai_driver_api_area
                0x00000000000042f0        0x0
                0x00000000000042f0                _dai_driver_api_list_start = .
 *(SORT_BY_NAME(SORT_BY_ALIGNMENT(._dai_driver_api.static.*)))
                0x00000000000042f0                _dai_driver_api_list_end = .

display_driver_api_area
                0x00000000000042f0        0x0
                0x00000000000042f0                _display_driver_api_list_start = .
 *(SORT_BY_NAME(SORT_BY_ALIGNMENT(._display_driver_api.static.*)))
                0x00000000000042f0                _display_driver_api_list_end = .

dma_driver_api_area
                0x00000000000042f0        0x0
                0x00000000000042f0                _dma_driver_api_list_start = .
 *(SORT_BY_NAME(SORT_BY_ALIGNMENT(._dma_driver_api.static.*)))
                0x00000000000042f0                _dma_driver_api_list_end = .

edac_driver_api_area
                0x00000000000042f0        0x0
                0x00000000000042f0                _edac_driver_api_list_start = .
 *(SORT_BY_NAME(SORT_BY_ALIGNMENT(._edac_driver_api.static.*)))
                0x00000000000042f0                _edac_driver_api_list_end = .

eeprom_driver_api_area
                0x00000000000042f0        0x0
                0x00000000000042f0                _eeprom_driver_api_list_start = .
 *(SORT_BY_NAME(SORT_BY_ALIGNMENT(._eeprom_driver_api.static.*)))
                0x00000000000042f0                _eeprom_driver_api_list_end = .

emul_bbram_driver_api_area
                0x00000000000042f0        0x0
                0x00000000000042f0                _emul_bbram_driver_api_list_start = .
 *(SORT_BY_NAME(SORT_BY_ALIGNMENT(._emul_bbram_driver_api.static.*)))
                0x00000000000042f0                _emul_bbram_driver_api_list_end = .

fuel_gauge_emul_driver_api_area
                0x00000000000042f0        0x0
                0x00000000000042f0                _fuel_gauge_emul_driver_api_list_start = .
 *(SORT_BY_NAME(SORT_BY_ALIGNMENT(._fuel_gauge_emul_driver_api.static.*)))
                0x00000000000042f0                _fuel_gauge_emul_driver_api_list_end = .

emul_sensor_driver_api_area
                0x00000000000042f0        0x0
                0x00000000000042f0                _emul_sensor_driver_api_list_start = .
 *(SORT_BY_NAME(SORT_BY_ALIGNMENT(._emul_sensor_driver_api.static.*)))
                0x00000000000042f0                _emul_sensor_driver_api_list_end = .

entropy_driver_api_area
                0x00000000000042f0        0x0
                0x00000000000042f0                _entropy_driver_api_list_start = .
 *(SORT_BY_NAME(SORT_BY_ALIGNMENT(._entropy_driver_api.static.*)))
                0x00000000000042f0                _entropy_driver_api_list_end = .

espi_driver_api_area
                0x00000000000042f0        0x0
                0x00000000000042f0                _espi_driver_api_list_start = .
 *(SORT_BY_NAME(SORT_BY_ALIGNMENT(._espi_driver_api.static.*)))
                0x00000000000042f0                _espi_driver_api_list_end = .

espi_saf_driver_api_area
                0x00000000000042f0        0x0
                0x00000000000042f0                _espi_saf_driver_api_list_start = .
 *(SORT_BY_NAME(SORT_BY_ALIGNMENT(._espi_saf_driver_api.static.*)))
                0x00000000000042f0                _espi_saf_driver_api_list_end = .

flash_driver_api_area
                0x00000000000042f0        0x0
                0x00000000000042f0                _flash_driver_api_list_start = .
 *(SORT_BY_NAME(SORT_BY_ALIGNMENT(._flash_driver_api.static.*)))
                0x00000000000042f0                _flash_driver_api_list_end = .

fpga_driver_api_area
                0x00000000000042f0        0x0
                0x00000000000042f0                _fpga_driver_api_list_start = .
 *(SORT_BY_NAME(SORT_BY_ALIGNMENT(._fpga_driver_api.static.*)))
                0x00000000000042f0                _fpga_driver_api_list_end = .

fuel_gauge_driver_api_area
                0x00000000000042f0        0x0
                0x00000000000042f0                _fuel_gauge_driver_api_list_start = .
 *(SORT_BY_NAME(SORT_BY_ALIGNMENT(._fuel_gauge_driver_api.static.*)))
                0x00000000000042f0                _fuel_gauge_driver_api_list_end = .

gnss_driver_api_area
                0x00000000000042f0        0x0
                0x00000000000042f0                _gnss_driver_api_list_start = .
 *(SORT_BY_NAME(SORT_BY_ALIGNMENT(._gnss_driver_api.static.*)))
                0x00000000000042f0                _gnss_driver_api_list_end = .

gpio_driver_api_area
                0x00000000000042f0        0x0
                0x00000000000042f0                _gpio_driver_api_list_start = .
 *(SORT_BY_NAME(SORT_BY_ALIGNMENT(._gpio_driver_api.static.*)))
                0x00000000000042f0                _gpio_driver_api_list_end = .

haptics_driver_api_area
                0x00000000000042f0        0x0
                0x00000000000042f0                _haptics_driver_api_list_start = .
 *(SORT_BY_NAME(SORT_BY_ALIGNMENT(._haptics_driver_api.static.*)))
                0x00000000000042f0                _haptics_driver_api_list_end = .

hwspinlock_driver_api_area
                0x00000000000042f0        0x0
                0x00000000000042f0                _hwspinlock_driver_api_list_start = .
 *(SORT_BY_NAME(SORT_BY_ALIGNMENT(._hwspinlock_driver_api.static.*)))
                0x00000000000042f0                _hwspinlock_driver_api_list_end = .

i2c_driver_api_area
                0x00000000000042f0        0x0
                0x00000000000042f0                _i2c_driver_api_list_start = .
 *(SORT_BY_NAME(SORT_BY_ALIGNMENT(._i2c_driver_api.static.*)))
                0x00000000000042f0                _i2c_driver_api_list_end = .

i2c_target_driver_api_area
                0x00000000000042f0        0x0
                0x00000000000042f0                _i2c_target_driver_api_list_start = .
 *(SORT_BY_NAME(SORT_BY_ALIGNMENT(._i2c_target_driver_api.static.*)))
                0x00000000000042f0                _i2c_target_driver_api_list_end = .

i2s_driver_api_area
                0x00000000000042f0        0x0
                0x00000000000042f0                _i2s_driver_api_list_start = .
 *(SORT_BY_NAME(SORT_BY_ALIGNMENT(._i2s_driver_api.static.*)))
                0x00000000000042f0                _i2s_driver_api_list_end = .

i3c_driver_api_area
                0x00000000000042f0        0x0
                0x00000000000042f0                _i3c_driver_api_list_start = .
 *(SORT_BY_NAME(SORT_BY_ALIGNMENT(._i3c_driver_api.static.*)))
                0x00000000000042f0                _i3c_driver_api_list_end = .

ipm_driver_api_area
                0x00000000000042f0        0x0
                0x00000000000042f0                _ipm_driver_api_list_start = .
 *(SORT_BY_NAME(SORT_BY_ALIGNMENT(._ipm_driver_api.static.*)))
                0x00000000000042f0                _ipm_driver_api_list_end = .

led_driver_api_area
                0x00000000000042f0        0x0
                0x00000000000042f0                _led_driver_api_list_start = .
 *(SORT_BY_NAME(SORT_BY_ALIGNMENT(._led_driver_api.static.*)))
                0x00000000000042f0                _led_driver_api_list_end = .

led_strip_driver_api_area
                0x00000000000042f0        0x0
                0x00000000000042f0                _led_strip_driver_api_list_start = .
 *(SORT_BY_NAME(SORT_BY_ALIGNMENT(._led_strip_driver_api.static.*)))
                0x00000000000042f0                _led_strip_driver_api_list_end = .

lora_driver_api_area
                0x00000000000042f0        0x0
                0x00000000000042f0                _lora_driver_api_list_start = .
 *(SORT_BY_NAME(SORT_BY_ALIGNMENT(._lora_driver_api.static.*)))
                0x00000000000042f0                _lora_driver_api_list_end = .

mbox_driver_api_area
                0x00000000000042f0        0x0
                0x00000000000042f0                _mbox_driver_api_list_start = .
 *(SORT_BY_NAME(SORT_BY_ALIGNMENT(._mbox_driver_api.static.*)))
                0x00000000000042f0                _mbox_driver_api_list_end = .

mdio_driver_api_area
                0x00000000000042f0        0x0
                0x00000000000042f0                _mdio_driver_api_list_start = .
 *(SORT_BY_NAME(SORT_BY_ALIGNMENT(._mdio_driver_api.static.*)))
                0x00000000000042f0                _mdio_driver_api_list_end = .

mipi_dbi_driver_api_area
                0x00000000000042f0        0x0
                0x00000000000042f0                _mipi_dbi_driver_api_list_start = .
 *(SORT_BY_NAME(SORT_BY_ALIGNMENT(._mipi_dbi_driver_api.static.*)))
                0x00000000000042f0                _mipi_dbi_driver_api_list_end = .

mipi_dsi_driver_api_area
                0x00000000000042f0        0x0
                0x00000000000042f0                _mipi_dsi_driver_api_list_start = .
 *(SORT_BY_NAME(SORT_BY_ALIGNMENT(._mipi_dsi_driver_api.static.*)))
                0x00000000000042f0                _mipi_dsi_driver_api_list_end = .

mspi_driver_api_area
                0x00000000000042f0        0x0
                0x00000000000042f0                _mspi_driver_api_list_start = .
 *(SORT_BY_NAME(SORT_BY_ALIGNMENT(._mspi_driver_api.static.*)))
                0x00000000000042f0                _mspi_driver_api_list_end = .

opamp_driver_api_area
                0x00000000000042f0        0x0
                0x00000000000042f0                _opamp_driver_api_list_start = .
 *(SORT_BY_NAME(SORT_BY_ALIGNMENT(._opamp_driver_api.static.*)))
                0x00000000000042f0                _opamp_driver_api_list_end = .

peci_driver_api_area
                0x00000000000042f0        0x0
                0x00000000000042f0                _peci_driver_api_list_start = .
 *(SORT_BY_NAME(SORT_BY_ALIGNMENT(._peci_driver_api.static.*)))
                0x00000000000042f0                _peci_driver_api_list_end = .

ps2_driver_api_area
                0x00000000000042f0        0x0
                0x00000000000042f0                _ps2_driver_api_list_start = .
 *(SORT_BY_NAME(SORT_BY_ALIGNMENT(._ps2_driver_api.static.*)))
                0x00000000000042f0                _ps2_driver_api_list_end = .

ptp_clock_driver_api_area
                0x00000000000042f0        0x0
                0x00000000000042f0                _ptp_clock_driver_api_list_start = .
 *(SORT_BY_NAME(SORT_BY_ALIGNMENT(._ptp_clock_driver_api.static.*)))
                0x00000000000042f0                _ptp_clock_driver_api_list_end = .

pwm_driver_api_area
                0x00000000000042f0        0x0
                0x00000000000042f0                _pwm_driver_api_list_start = .
 *(SORT_BY_NAME(SORT_BY_ALIGNMENT(._pwm_driver_api.static.*)))
                0x00000000000042f0                _pwm_driver_api_list_end = .

regulator_parent_driver_api_area
                0x00000000000042f0        0x0
                0x00000000000042f0                _regulator_parent_driver_api_list_start = .
 *(SORT_BY_NAME(SORT_BY_ALIGNMENT(._regulator_parent_driver_api.static.*)))
                0x00000000000042f0                _regulator_parent_driver_api_list_end = .

regulator_driver_api_area
                0x00000000000042f0        0x0
                0x00000000000042f0                _regulator_driver_api_list_start = .
 *(SORT_BY_NAME(SORT_BY_ALIGNMENT(._regulator_driver_api.static.*)))
                0x00000000000042f0                _regulator_driver_api_list_end = .

reset_driver_api_area
                0x00000000000042f0        0x0
                0x00000000000042f0                _reset_driver_api_list_start = .
 *(SORT_BY_NAME(SORT_BY_ALIGNMENT(._reset_driver_api.static.*)))
                0x00000000000042f0                _reset_driver_api_list_end = .

retained_mem_driver_api_area
                0x00000000000042f0        0x0
                0x00000000000042f0                _retained_mem_driver_api_list_start = .
 *(SORT_BY_NAME(SORT_BY_ALIGNMENT(._retained_mem_driver_api.static.*)))
                0x00000000000042f0                _retained_mem_driver_api_list_end = .

rtc_driver_api_area
                0x00000000000042f0        0x0
                0x00000000000042f0                _rtc_driver_api_list_start = .
 *(SORT_BY_NAME(SORT_BY_ALIGNMENT(._rtc_driver_api.static.*)))
                0x00000000000042f0                _rtc_driver_api_list_end = .

sdhc_driver_api_area
                0x00000000000042f0        0x0
                0x00000000000042f0                _sdhc_driver_api_list_start = .
 *(SORT_BY_NAME(SORT_BY_ALIGNMENT(._sdhc_driver_api.static.*)))
                0x00000000000042f0                _sdhc_driver_api_list_end = .

sensor_driver_api_area
                0x00000000000042f0        0x0
                0x00000000000042f0                _sensor_driver_api_list_start = .
 *(SORT_BY_NAME(SORT_BY_ALIGNMENT(._sensor_driver_api.static.*)))
                0x00000000000042f0                _sensor_driver_api_list_end = .

smbus_driver_api_area
                0x00000000000042f0        0x0
                0x00000000000042f0                _smbus_driver_api_list_start = .
 *(SORT_BY_NAME(SORT_BY_ALIGNMENT(._smbus_driver_api.static.*)))
                0x00000000000042f0                _smbus_driver_api_list_end = .

spi_driver_api_area
                0x00000000000042f0        0x0
                0x00000000000042f0                _spi_driver_api_list_start = .
 *(SORT_BY_NAME(SORT_BY_ALIGNMENT(._spi_driver_api.static.*)))
                0x00000000000042f0                _spi_driver_api_list_end = .

stepper_driver_api_area
                0x00000000000042f0        0x0
                0x00000000000042f0                _stepper_driver_api_list_start = .
 *(SORT_BY_NAME(SORT_BY_ALIGNMENT(._stepper_driver_api.static.*)))
                0x00000000000042f0                _stepper_driver_api_list_end = .

syscon_driver_api_area
                0x00000000000042f0        0x0
                0x00000000000042f0                _syscon_driver_api_list_start = .
 *(SORT_BY_NAME(SORT_BY_ALIGNMENT(._syscon_driver_api.static.*)))
                0x00000000000042f0                _syscon_driver_api_list_end = .

tee_driver_api_area
                0x00000000000042f0        0x0
                0x00000000000042f0                _tee_driver_api_list_start = .
 *(SORT_BY_NAME(SORT_BY_ALIGNMENT(._tee_driver_api.static.*)))
                0x00000000000042f0                _tee_driver_api_list_end = .

video_driver_api_area
                0x00000000000042f0        0x0
                0x00000000000042f0                _video_driver_api_list_start = .
 *(SORT_BY_NAME(SORT_BY_ALIGNMENT(._video_driver_api.static.*)))
                0x00000000000042f0                _video_driver_api_list_end = .

virtio_driver_api_area
                0x00000000000042f0        0x0
                0x00000000000042f0                _virtio_driver_api_list_start = .
 *(SORT_BY_NAME(SORT_BY_ALIGNMENT(._virtio_driver_api.static.*)))
                0x00000000000042f0                _virtio_driver_api_list_end = .

w1_driver_api_area
                0x00000000000042f0        0x0
                0x00000000000042f0                _w1_driver_api_list_start = .
 *(SORT_BY_NAME(SORT_BY_ALIGNMENT(._w1_driver_api.static.*)))
                0x00000000000042f0                _w1_driver_api_list_end = .

wdt_driver_api_area
                0x00000000000042f0        0x0
                0x00000000000042f0                _wdt_driver_api_list_start = .
 *(SORT_BY_NAME(SORT_BY_ALIGNMENT(._wdt_driver_api.static.*)))
                0x00000000000042f0                _wdt_driver_api_list_end = .

can_transceiver_driver_api_area
                0x00000000000042f0        0x0
                0x00000000000042f0                _can_transceiver_driver_api_list_start = .
 *(SORT_BY_NAME(SORT_BY_ALIGNMENT(._can_transceiver_driver_api.static.*)))
                0x00000000000042f0                _can_transceiver_driver_api_list_end = .

nrf_clock_control_driver_api_area
                0x00000000000042f0        0x0
                0x00000000000042f0                _nrf_clock_control_driver_api_list_start = .
 *(SORT_BY_NAME(SORT_BY_ALIGNMENT(._nrf_clock_control_driver_api.static.*)))
                0x00000000000042f0                _nrf_clock_control_driver_api_list_end = .

i3c_target_driver_api_area
                0x00000000000042f0        0x0
                0x00000000000042f0                _i3c_target_driver_api_list_start = .
 *(SORT_BY_NAME(SORT_BY_ALIGNMENT(._i3c_target_driver_api.static.*)))
                0x00000000000042f0                _i3c_target_driver_api_list_end = .

its_driver_api_area
                0x00000000000042f0        0x0
                0x00000000000042f0                _its_driver_api_list_start = .
 *(SORT_BY_NAME(SORT_BY_ALIGNMENT(._its_driver_api.static.*)))
                0x00000000000042f0                _its_driver_api_list_end = .

vtd_driver_api_area
                0x00000000000042f0        0x0
                0x00000000000042f0                _vtd_driver_api_list_start = .
 *(SORT_BY_NAME(SORT_BY_ALIGNMENT(._vtd_driver_api.static.*)))
                0x00000000000042f0                _vtd_driver_api_list_end = .

renesas_elc_driver_api_area
                0x00000000000042f0        0x0
                0x00000000000042f0                _renesas_elc_driver_api_list_start = .
 *(SORT_BY_NAME(SORT_BY_ALIGNMENT(._renesas_elc_driver_api.static.*)))
                0x00000000000042f0                _renesas_elc_driver_api_list_end = .

tgpio_driver_api_area
                0x00000000000042f0        0x0
                0x00000000000042f0                _tgpio_driver_api_list_start = .
 *(SORT_BY_NAME(SORT_BY_ALIGNMENT(._tgpio_driver_api.static.*)))
                0x00000000000042f0                _tgpio_driver_api_list_end = .

pcie_ctrl_driver_api_area
                0x00000000000042f0        0x0
                0x00000000000042f0                _pcie_ctrl_driver_api_list_start = .
 *(SORT_BY_NAME(SORT_BY_ALIGNMENT(._pcie_ctrl_driver_api.static.*)))
                0x00000000000042f0                _pcie_ctrl_driver_api_list_end = .

pcie_ep_driver_api_area
                0x00000000000042f0        0x0
                0x00000000000042f0                _pcie_ep_driver_api_list_start = .
 *(SORT_BY_NAME(SORT_BY_ALIGNMENT(._pcie_ep_driver_api.static.*)))
                0x00000000000042f0                _pcie_ep_driver_api_list_end = .

psi5_driver_api_area
                0x00000000000042f0        0x0
                0x00000000000042f0                _psi5_driver_api_list_start = .
 *(SORT_BY_NAME(SORT_BY_ALIGNMENT(._psi5_driver_api.static.*)))
                0x00000000000042f0                _psi5_driver_api_list_end = .

sent_driver_api_area
                0x00000000000042f0        0x0
                0x00000000000042f0                _sent_driver_api_list_start = .
 *(SORT_BY_NAME(SORT_BY_ALIGNMENT(._sent_driver_api.static.*)))
                0x00000000000042f0                _sent_driver_api_list_end = .

svc_driver_api_area
                0x00000000000042f0        0x0
                0x00000000000042f0                _svc_driver_api_list_start = .
 *(SORT_BY_NAME(SORT_BY_ALIGNMENT(._svc_driver_api.static.*)))
                0x00000000000042f0                _svc_driver_api_list_end = .

uart_driver_api_area
                0x00000000000042f0       0x14
                0x00000000000042f0                _uart_driver_api_list_start = .
 *(SORT_BY_NAME(SORT_BY_ALIGNMENT(._uart_driver_api.static.*)))
 ._uart_driver_api.static.uart_stellaris_driver_api_
                0x00000000000042f0       0x14 zephyr/drivers/serial/libdrivers__serial.a(uart_stellaris.c.obj)
                0x0000000000004304                _uart_driver_api_list_end = .

bc12_emul_driver_api_area
                0x0000000000004304        0x0
                0x0000000000004304                _bc12_emul_driver_api_list_start = .
 *(SORT_BY_NAME(SORT_BY_ALIGNMENT(._bc12_emul_driver_api.static.*)))
                0x0000000000004304                _bc12_emul_driver_api_list_end = .

bc12_driver_api_area
                0x0000000000004304        0x0
                0x0000000000004304                _bc12_driver_api_list_start = .
 *(SORT_BY_NAME(SORT_BY_ALIGNMENT(._bc12_driver_api.static.*)))
                0x0000000000004304                _bc12_driver_api_list_end = .

usbc_ppc_driver_api_area
                0x0000000000004304        0x0
                0x0000000000004304                _usbc_ppc_driver_api_list_start = .
 *(SORT_BY_NAME(SORT_BY_ALIGNMENT(._usbc_ppc_driver_api.static.*)))
                0x0000000000004304                _usbc_ppc_driver_api_list_end = .

tcpc_driver_api_area
                0x0000000000004304        0x0
                0x0000000000004304                _tcpc_driver_api_list_start = .
 *(SORT_BY_NAME(SORT_BY_ALIGNMENT(._tcpc_driver_api.static.*)))
                0x0000000000004304                _tcpc_driver_api_list_end = .

usbc_vbus_driver_api_area
                0x0000000000004304        0x0
                0x0000000000004304                _usbc_vbus_driver_api_list_start = .
 *(SORT_BY_NAME(SORT_BY_ALIGNMENT(._usbc_vbus_driver_api.static.*)))
                0x0000000000004304                _usbc_vbus_driver_api_list_end = .

ivshmem_driver_api_area
                0x0000000000004304        0x0
                0x0000000000004304                _ivshmem_driver_api_list_start = .
 *(SORT_BY_NAME(SORT_BY_ALIGNMENT(._ivshmem_driver_api.static.*)))
                0x0000000000004304                _ivshmem_driver_api_list_end = .

ethphy_driver_api_area
                0x0000000000004304        0x0
                0x0000000000004304                _ethphy_driver_api_list_start = .
 *(SORT_BY_NAME(SORT_BY_ALIGNMENT(._ethphy_driver_api.static.*)))
                0x0000000000004304                _ethphy_driver_api_list_end = .

ztest           0x0000000000004304        0x0
                0x0000000000004304                _ztest_expected_result_entry_list_start = .
 *(SORT_BY_NAME(SORT_BY_ALIGNMENT(._ztest_expected_result_entry.static.*)))
                0x0000000000004304                _ztest_expected_result_entry_list_end = .
                0x0000000000004304                _ztest_suite_node_list_start = .
 *(SORT_BY_NAME(SORT_BY_ALIGNMENT(._ztest_suite_node.static.*)))
                0x0000000000004304                _ztest_suite_node_list_end = .
                0x0000000000004304                _ztest_unit_test_list_start = .
 *(SORT_BY_NAME(SORT_BY_ALIGNMENT(._ztest_unit_test.static.*)))
                0x0000000000004304                _ztest_unit_test_list_end = .
                0x0000000000004304                _ztest_test_rule_list_start = .
 *(SORT_BY_NAME(SORT_BY_ALIGNMENT(._ztest_test_rule.static.*)))
                0x0000000000004304                _ztest_test_rule_list_end = .

init_array      0x0000000000004304        0x0
                0x0000000000004304                __zephyr_init_array_start = .
 *(SORT_BY_INIT_PRIORITY(.init_array.*) SORT_BY_INIT_PRIORITY(.ctors.*))
 *(SORT_BY_ALIGNMENT(.init_array) SORT_BY_ALIGNMENT(.ctors))
                0x0000000000004304                __zephyr_init_array_end = .
                0x0000000000000001                ASSERT ((__zephyr_init_array_start == __zephyr_init_array_end), GNU-style constructors required but STATIC_INIT_GNU not enabled)

bt_l2cap_fixed_chan_area
                0x0000000000004304        0x0
                0x0000000000004304                _bt_l2cap_fixed_chan_list_start = .
 *(SORT_BY_NAME(SORT_BY_ALIGNMENT(._bt_l2cap_fixed_chan.static.*)))
                0x0000000000004304                _bt_l2cap_fixed_chan_list_end = .

bt_gatt_service_static_area
                0x0000000000004304        0x0
                0x0000000000004304                _bt_gatt_service_static_list_start = .
 *(SORT_BY_NAME(SORT_BY_ALIGNMENT(._bt_gatt_service_static.static.*)))
                0x0000000000004304                _bt_gatt_service_static_list_end = .

log_strings_area
                0x0000000000004304        0x0
                0x0000000000004304                _log_strings_list_start = .
 *(SORT_BY_NAME(SORT_BY_ALIGNMENT(._log_strings.static.*)))
                0x0000000000004304                _log_strings_list_end = .

log_stmesp_ptr_area
                0x0000000000004304        0x0
                0x0000000000004304                _log_stmesp_ptr_list_start = .
 *(SORT_BY_NAME(SORT_BY_ALIGNMENT(._log_stmesp_ptr.static.*)))
                0x0000000000004304                _log_stmesp_ptr_list_end = .

log_stmesp_str_area
                0x0000000000004304        0x0
                0x0000000000004304                _log_stmesp_str_list_start = .
 *(SORT_BY_NAME(SORT_BY_ALIGNMENT(._log_stmesp_str.static.*)))
                0x0000000000004304                _log_stmesp_str_list_end = .

log_const_area  0x0000000000004304       0x38
                0x0000000000004304                _log_const_list_start = .
 *(SORT_BY_NAME(SORT_BY_ALIGNMENT(._log_const.static.*)))
 ._log_const.static.log_const_cbprintf_package_
                0x0000000000004304        0x8 zephyr/libzephyr.a(cbprintf_packaged.c.obj)
                0x0000000000004304                log_const_cbprintf_package
 ._log_const.static.log_const_getopt_
                0x000000000000430c        0x8 zephyr/lib/posix/c_lib_ext/liblib__posix__c_lib_ext.a(getopt.c.obj)
                0x000000000000430c                log_const_getopt
 ._log_const.static.log_const_log_
                0x0000000000004314        0x8 zephyr/libzephyr.a(log_core.c.obj)
                0x0000000000004314                log_const_log
 ._log_const.static.log_const_log_mgmt_
                0x000000000000431c        0x8 zephyr/libzephyr.a(log_mgmt.c.obj)
                0x000000000000431c                log_const_log_mgmt
 ._log_const.static.log_const_log_uart_
                0x0000000000004324        0x8 zephyr/libzephyr.a(log_backend_uart.c.obj)
                0x0000000000004324                log_const_log_uart
 ._log_const.static.log_const_main_
                0x000000000000432c        0x8 app/libapp.a(main.c.obj)
                0x000000000000432c                log_const_main
 ._log_const.static.log_const_os_
                0x0000000000004334        0x8 zephyr/kernel/libkernel.a(init.c.obj)
                0x0000000000004334                log_const_os
                0x000000000000433c                _log_const_list_end = .

log_backend_area
                0x000000000000433c       0x10
                0x000000000000433c                _log_backend_list_start = .
 *(SORT_BY_NAME(SORT_BY_ALIGNMENT(._log_backend.static.*)))
 ._log_backend.static.log_backend_uart_
                0x000000000000433c       0x10 zephyr/libzephyr.a(log_backend_uart.c.obj)
                0x000000000000434c                _log_backend_list_end = .

log_link_area   0x000000000000434c        0x0
                0x000000000000434c                _log_link_list_start = .
 *(SORT_BY_NAME(SORT_BY_ALIGNMENT(._log_link.static.*)))
                0x000000000000434c                _log_link_list_end = .

tracing_backend_area
                0x000000000000434c        0x0
                0x000000000000434c                _tracing_backend_list_start = .
 *(SORT_BY_NAME(SORT_BY_ALIGNMENT(._tracing_backend.static.*)))
                0x000000000000434c                _tracing_backend_list_end = .

zephyr_dbg_info
 *(SORT_BY_ALIGNMENT(.dbg_thread_info))

intc_table_area
                0x000000000000434c        0x0
                0x000000000000434c                _intc_table_list_start = .
 *(SORT_BY_NAME(SORT_BY_ALIGNMENT(._intc_table.static.*)))
                0x000000000000434c                _intc_table_list_end = .

symbol_to_keep  0x000000000000434c        0x0
                0x000000000000434c                __symbol_to_keep_start = .
 *(SORT_BY_NAME(SORT_BY_ALIGNMENT(.symbol_to_keep*)))
                0x000000000000434c                __symbol_to_keep_end = .

shell_area      0x000000000000434c        0x0
                0x000000000000434c                _shell_list_start = .
 *(SORT_BY_NAME(SORT_BY_ALIGNMENT(._shell.static.*)))
                0x000000000000434c                _shell_list_end = .

shell_root_cmds_area
                0x000000000000434c        0x0
                0x000000000000434c                _shell_root_cmds_list_start = .
 *(SORT_BY_NAME(SORT_BY_ALIGNMENT(._shell_root_cmds.static.*)))
                0x000000000000434c                _shell_root_cmds_list_end = .

shell_subcmds_area
                0x000000000000434c        0x0
                0x000000000000434c                _shell_subcmds_list_start = .
 *(SORT_BY_NAME(SORT_BY_ALIGNMENT(._shell_subcmds.static.*)))
                0x000000000000434c                _shell_subcmds_list_end = .

shell_dynamic_subcmds_area
                0x000000000000434c        0x0
                0x000000000000434c                _shell_dynamic_subcmds_list_start = .
 *(SORT_BY_NAME(SORT_BY_ALIGNMENT(._shell_dynamic_subcmds.static.*)))
                0x000000000000434c                _shell_dynamic_subcmds_list_end = .

cfb_font_area   0x000000000000434c        0x0
                0x000000000000434c                _cfb_font_list_start = .
 *(SORT_BY_NAME(SORT_BY_ALIGNMENT(._cfb_font.static.*)))
                0x000000000000434c                _cfb_font_list_end = .

tdata           0x000000000000434c        0x0
 *(SORT_BY_ALIGNMENT(.tdata) SORT_BY_ALIGNMENT(.tdata.*) SORT_BY_ALIGNMENT(.gnu.linkonce.td.*))

tbss            0x000000000000434c        0x4
 *(SORT_BY_ALIGNMENT(.tbss) SORT_BY_ALIGNMENT(.tbss.*) SORT_BY_ALIGNMENT(.gnu.linkonce.tb.*) SORT_BY_ALIGNMENT(.tcommon))
 .tbss.z_tls_current
                0x000000000000434c        0x4 zephyr/libzephyr.a(thread_entry.c.obj)
                0x000000000000434c                z_tls_current
                0x000000000000434c                PROVIDE (__tdata_start = LOADADDR (tdata))
                0x0000000000000001                PROVIDE (__tdata_align = ALIGNOF (tdata))
                0x0000000000000000                PROVIDE (__tdata_size = (((SIZEOF (tdata) + __tdata_align) - 0x1) & ~ ((__tdata_align - 0x1))))
                [!provide]                        PROVIDE (__tdata_end = (__tdata_start + __tdata_size))
                0x0000000000000004                PROVIDE (__tbss_align = ALIGNOF (tbss))
                [!provide]                        PROVIDE (__tbss_start = ADDR (tbss))
                0x0000000000000004                PROVIDE (__tbss_size = (((SIZEOF (tbss) + __tbss_align) - 0x1) & ~ ((__tbss_align - 0x1))))
                [!provide]                        PROVIDE (__tbss_end = (__tbss_start + __tbss_size))
                [!provide]                        PROVIDE (__tls_start = __tdata_start)
                [!provide]                        PROVIDE (__tls_end = __tbss_end)
                [!provide]                        PROVIDE (__tls_size = (__tbss_end - __tdata_start))

rodata          0x000000000000434c      0x7e4
 *(SORT_BY_ALIGNMENT(.rodata))
 *(SORT_BY_ALIGNMENT(.rodata.*))
 .rodata.mpsc_config
                0x000000000000434c       0x14 zephyr/libzephyr.a(log_core.c.obj)
 .rodata.format_table
                0x0000000000004360       0x10 zephyr/libzephyr.a(log_core.c.obj)
 .rodata.colors
                0x0000000000004370       0x14 zephyr/libzephyr.a(log_output.c.obj)
 .rodata.severity
                0x0000000000004384       0x14 zephyr/libzephyr.a(log_output.c.obj)
 .rodata.lbu_cb_ctx
                0x0000000000004398        0x8 zephyr/libzephyr.a(log_backend_uart.c.obj)
 .rodata.lbu_output
                0x00000000000043a0       0x10 zephyr/libzephyr.a(log_backend_uart.c.obj)
 .rodata.log_backend_uart_api
                0x00000000000043b0       0x1c zephyr/libzephyr.a(log_backend_uart.c.obj)
                0x00000000000043b0                log_backend_uart_api
 .rodata.uart_stellaris_dev_cfg_2
                0x00000000000043cc        0x8 zephyr/drivers/serial/libdrivers__serial.a(uart_stellaris.c.obj)
 .rodata.uart_stellaris_dev_cfg_0
                0x00000000000043d4        0x8 zephyr/drivers/serial/libdrivers__serial.a(uart_stellaris.c.obj)
 .rodata.CSWTCH.489
                0x00000000000043dc       0x14 zephyr/kernel/libkernel.a(fatal.c.obj)
 .rodata.levels.0
                0x00000000000043f0       0x18 zephyr/kernel/libkernel.a(init.c.obj)
 .rodata.main.str1.1
                0x0000000000004408       0x22 app/libapp.a(main.c.obj)
 .rodata.str1.1
                0x000000000000442a        0x5 app/libapp.a(main.c.obj)
 .rodata.cbprintf_package_convert.str1.1
                0x000000000000442f       0xa3 zephyr/libzephyr.a(cbprintf_packaged.c.obj)
 .rodata.str1.1
                0x00000000000044d2       0x11 zephyr/libzephyr.a(cbprintf_packaged.c.obj)
 .rodata.enable_logger.str1.1
                0x00000000000044e3        0x8 zephyr/libzephyr.a(log_core.c.obj)
 .rodata.str1.1
                0x00000000000044eb        0x4 zephyr/libzephyr.a(log_core.c.obj)
 .rodata.str1.1
                0x00000000000044ef        0x9 zephyr/libzephyr.a(log_mgmt.c.obj)
 .rodata.z_impl_z_log_msg_static_create.str1.1
                0x00000000000044f8       0x3f zephyr/libzephyr.a(log_msg.c.obj)
 .rodata.z_log_msg_runtime_vcreate.str1.1
                0x0000000000004537       0x38 zephyr/libzephyr.a(log_msg.c.obj)
 .rodata.newline_print.str1.1
                0x000000000000456f        0x3 zephyr/libzephyr.a(log_output.c.obj)
                                          0x5 (size before relaxing)
 .rodata.log_output_process.str1.1
                0x0000000000004572       0x4f zephyr/libzephyr.a(log_output.c.obj)
                                         0x51 (size before relaxing)
 .rodata.log_output_dropped_process.str1.1
                0x00000000000045c1       0x4f zephyr/libzephyr.a(log_output.c.obj)
                                          0x3 (size before relaxing)
 .rodata.postfix.0
                0x00000000000045c1       0x1c zephyr/libzephyr.a(log_output.c.obj)
 .rodata.prefix.1
                0x00000000000045dd        0xc zephyr/libzephyr.a(log_output.c.obj)
 .rodata.str1.1
                0x00000000000045e9       0x20 zephyr/libzephyr.a(log_output.c.obj)
 .rodata.str1.1
                0x0000000000004609       0x1a zephyr/libzephyr.a(log_backend_uart.c.obj)
 .rodata.z_arm_fatal_error.str1.1
                0x0000000000004623       0xae zephyr/arch/arch/arm/core/libarch__arm__core.a(fatal.c.obj)
 .rodata.mem_manage_fault.constprop.0.str1.1
                0x00000000000046d1       0xa9 zephyr/arch/arch/arm/core/cortex_m/libarch__arm__core__cortex_m.a(fault.c.obj)
 .rodata.usage_fault.constprop.0.str1.1
                0x000000000000477a       0xcd zephyr/arch/arch/arm/core/cortex_m/libarch__arm__core__cortex_m.a(fault.c.obj)
 .rodata.bus_fault.constprop.0.str1.1
                0x0000000000004847       0x88 zephyr/arch/arch/arm/core/cortex_m/libarch__arm__core__cortex_m.a(fault.c.obj)
 .rodata.z_arm_fault.str1.1
                0x00000000000048cf      0x111 zephyr/arch/arch/arm/core/cortex_m/libarch__arm__core__cortex_m.a(fault.c.obj)
 .rodata.str1.1
                0x00000000000049e0        0x7 zephyr/lib/posix/c_lib_ext/liblib__posix__c_lib_ext.a(getopt.c.obj)
 .rodata.str1.1
                0x00000000000049e7       0x2a zephyr/drivers/serial/libdrivers__serial.a(uart_stellaris.c.obj)
 .rodata.k_sys_fatal_error_handler.str1.1
                0x0000000000004a11        0xf zephyr/kernel/libkernel.a(fatal.c.obj)
 .rodata.z_fatal_error.str1.1
                0x0000000000004a20       0x77 zephyr/kernel/libkernel.a(fatal.c.obj)
 .rodata.str1.1
                0x0000000000004a97       0x4a zephyr/kernel/libkernel.a(fatal.c.obj)
 .rodata.z_cstart.str1.1
                0x0000000000004ae1        0x5 zephyr/kernel/libkernel.a(init.c.obj)
 .rodata.str1.1
                0x0000000000004ae1        0x3 zephyr/kernel/libkernel.a(init.c.obj)
 .rodata.boot_banner.str1.1
                0x0000000000004ae4       0x3d zephyr/kernel/libkernel.a(banner.c.obj)
 .rodata.__l_vfprintf.str1.1
                0x0000000000004b21        0xf /home/udit27/zephyr-sdk-0.17.4/arm-zephyr-eabi/bin/../lib/gcc/../../picolibc/arm-zephyr-eabi/lib/thumb/v7-m/nofp/libc.a(libc_tinystdio_vflprintf.c.o)
 *(SORT_BY_ALIGNMENT(.gnu.linkonce.r.*))
                0x0000000000004b30                . = ALIGN (0x4)

/DISCARD/
 *(SORT_BY_ALIGNMENT(.eh_frame))
                0x0000000000004b30                __rodata_region_end = .
                0x0000000000004b30                . = ALIGN (_region_min_align)
                0x0000000000004b30                __rom_region_end = ((__rom_region_start + .) - ADDR (rom_start))
                0x0000000000004b30                __rom_region_size = (__rom_region_end - __rom_region_start)

/DISCARD/
 *(SORT_BY_ALIGNMENT(.got.plt))
 *(SORT_BY_ALIGNMENT(.igot.plt))
 *(SORT_BY_ALIGNMENT(.got))
 *(SORT_BY_ALIGNMENT(.igot))
                0x0000000020000000                . = 0x20000000
                0x0000000020000000                . = ALIGN (_region_min_align)
                0x0000000020000000                _image_ram_start = .

.ramfunc        0x0000000020000000        0x0 load address 0x0000000000004b30
                0x0000000020000000                __ramfunc_region_start = .
                0x0000000020000000                . = ALIGN (_region_min_align)
                0x0000000020000000                __ramfunc_start = .
 *(SORT_BY_ALIGNMENT(.ramfunc))
 *(SORT_BY_ALIGNMENT(.ramfunc.*))
                0x0000000020000000                . = ALIGN (_region_min_align)
                0x0000000020000000                __ramfunc_end = .
                0x0000000000000000                __ramfunc_size = (__ramfunc_end - __ramfunc_start)
                0x0000000000004b30                __ramfunc_load_start = LOADADDR (.ramfunc)

datas           0x0000000020000000       0x40 load address 0x0000000000004b30
                0x0000000020000000                __data_region_start = .
                0x0000000020000000                __data_start = .
 *(SORT_BY_ALIGNMENT(.data))
 *(SORT_BY_ALIGNMENT(.data.*))
 .data._char_out
                0x0000000020000000        0x4 zephyr/libzephyr.a(printk.c.obj)
 .data.timestamp_func
                0x0000000020000004        0x4 zephyr/libzephyr.a(log_core.c.obj)
 .data.backend_cb_log_backend_uart
                0x0000000020000008        0x8 zephyr/libzephyr.a(log_backend_uart.c.obj)
 .data.__stdout
                0x0000000020000010       0x10 zephyr/lib/libc/picolibc/liblib__libc__picolibc.a(stdio.c.obj)
 .data.uart_stellaris_dev_data_2
                0x0000000020000020        0x4 zephyr/drivers/serial/libdrivers__serial.a(uart_stellaris.c.obj)
 .data.uart_stellaris_dev_data_1
                0x0000000020000024        0x4 zephyr/drivers/serial/libdrivers__serial.a(uart_stellaris.c.obj)
 .data.uart_stellaris_dev_cfg_1
                0x0000000020000028        0x8 zephyr/drivers/serial/libdrivers__serial.a(uart_stellaris.c.obj)
 .data.uart_stellaris_dev_data_0
                0x0000000020000030        0x4 zephyr/drivers/serial/libdrivers__serial.a(uart_stellaris.c.obj)
 .data.slice_ticks
                0x0000000020000034        0x4 zephyr/kernel/libkernel.a(timeslicing.c.obj)
 .data.timeout_list
                0x0000000020000038        0x8 zephyr/kernel/libkernel.a(timeout.c.obj)
 *(SORT_BY_ALIGNMENT(.kernel.*))
                0x0000000020000040                __data_end = .
                0x0000000000000040                __data_size = (__data_end - __data_start)
                0x0000000000004b30                __data_load_start = LOADADDR (datas)
                0x0000000000004b30                __data_region_load_start = LOADADDR (datas)

device_states   0x0000000020000040        0x8 load address 0x0000000000004b70
                0x0000000020000040                . = ALIGN (0x4)
                0x0000000020000040                __device_states_start = .
 *(SORT_BY_ALIGNMENT(.z_devstate))
 .z_devstate    0x0000000020000040        0x6 zephyr/drivers/serial/libdrivers__serial.a(uart_stellaris.c.obj)
 *(SORT_BY_ALIGNMENT(.z_devstate.*))
                0x0000000020000046                __device_states_end = .
                0x0000000020000048                . = ALIGN (0x4)
 *fill*         0x0000000020000046        0x2 

log_mpsc_pbuf_area
                0x0000000020000048       0x38 load address 0x0000000000004b78
                0x0000000020000048                _log_mpsc_pbuf_list_start = .
 *(SORT_BY_NAME(SORT_BY_ALIGNMENT(._log_mpsc_pbuf.static.*)))
 ._log_mpsc_pbuf.static.log_buffer_
                0x0000000020000048       0x38 zephyr/libzephyr.a(log_core.c.obj)
                0x0000000020000080                _log_mpsc_pbuf_list_end = .

log_msg_ptr_area
                0x0000000020000080        0x4 load address 0x0000000000004bb0
                0x0000000020000080                _log_msg_ptr_list_start = .
 *(SORT_BY_NAME(SORT_BY_ALIGNMENT(._log_msg_ptr.static.*)))
 ._log_msg_ptr.static.log_msg_ptr_
                0x0000000020000080        0x4 zephyr/libzephyr.a(log_core.c.obj)
                0x0000000020000084                _log_msg_ptr_list_end = .

log_dynamic_area
                0x0000000020000084        0x0 load address 0x0000000000004bb4
                0x0000000020000084                _log_dynamic_list_start = .
 *(SORT_BY_NAME(SORT_BY_ALIGNMENT(._log_dynamic.static.*)))
                0x0000000020000084                _log_dynamic_list_end = .

k_timer_area    0x0000000020000084        0x0 load address 0x0000000000004bb4
                0x0000000020000084                _k_timer_list_start = .
 *(SORT_BY_NAME(SORT_BY_ALIGNMENT(._k_timer.static.*)))
                0x0000000020000084                _k_timer_list_end = .

k_mem_slab_area
                0x0000000020000084        0x0 load address 0x0000000000004bb4
                0x0000000020000084                _k_mem_slab_list_start = .
 *(SORT_BY_NAME(SORT_BY_ALIGNMENT(._k_mem_slab.static.*)))
                0x0000000020000084                _k_mem_slab_list_end = .

k_heap_area     0x0000000020000084        0x0 load address 0x0000000000004bb4
                0x0000000020000084                _k_heap_list_start = .
 *(SORT_BY_NAME(SORT_BY_ALIGNMENT(._k_heap.static.*)))
                0x0000000020000084                _k_heap_list_end = .

k_mutex_area    0x0000000020000084        0x0 load address 0x0000000000004bb4
                0x0000000020000084                _k_mutex_list_start = .
 *(SORT_BY_NAME(SORT_BY_ALIGNMENT(._k_mutex.static.*)))
                0x0000000020000084                _k_mutex_list_end = .

k_stack_area    0x0000000020000084        0x0 load address 0x0000000000004bb4
                0x0000000020000084                _k_stack_list_start = .
 *(SORT_BY_NAME(SORT_BY_ALIGNMENT(._k_stack.static.*)))
                0x0000000020000084                _k_stack_list_end = .

k_msgq_area     0x0000000020000084        0x0 load address 0x0000000000004bb4
                0x0000000020000084                _k_msgq_list_start = .
 *(SORT_BY_NAME(SORT_BY_ALIGNMENT(._k_msgq.static.*)))
                0x0000000020000084                _k_msgq_list_end = .

k_mbox_area     0x0000000020000084        0x0 load address 0x0000000000004bb4
                0x0000000020000084                _k_mbox_list_start = .
 *(SORT_BY_NAME(SORT_BY_ALIGNMENT(._k_mbox.static.*)))
                0x0000000020000084                _k_mbox_list_end = .

k_pipe_area     0x0000000020000084        0x0 load address 0x0000000000004bb4
                0x0000000020000084                _k_pipe_list_start = .
 *(SORT_BY_NAME(SORT_BY_ALIGNMENT(._k_pipe.static.*)))
                0x0000000020000084                _k_pipe_list_end = .

k_sem_area      0x0000000020000084       0x10 load address 0x0000000000004bb4
                0x0000000020000084                _k_sem_list_start = .
 *(SORT_BY_NAME(SORT_BY_ALIGNMENT(._k_sem.static.*)))
 ._k_sem.static.log_process_thread_sem_
                0x0000000020000084       0x10 zephyr/libzephyr.a(log_core.c.obj)
                0x0000000020000084                log_process_thread_sem
                0x0000000020000094                _k_sem_list_end = .

k_event_area    0x0000000020000094        0x0 load address 0x0000000000004bc4
                0x0000000020000094                _k_event_list_start = .
 *(SORT_BY_NAME(SORT_BY_ALIGNMENT(._k_event.static.*)))
                0x0000000020000094                _k_event_list_end = .

k_queue_area    0x0000000020000094        0x0 load address 0x0000000000004bc4
                0x0000000020000094                _k_queue_list_start = .
 *(SORT_BY_NAME(SORT_BY_ALIGNMENT(._k_queue.static.*)))
                0x0000000020000094                _k_queue_list_end = .

k_fifo_area     0x0000000020000094        0x0 load address 0x0000000000004bc4
                0x0000000020000094                _k_fifo_list_start = .
 *(SORT_BY_NAME(SORT_BY_ALIGNMENT(._k_fifo.static.*)))
                0x0000000020000094                _k_fifo_list_end = .

k_lifo_area     0x0000000020000094        0x0 load address 0x0000000000004bc4
                0x0000000020000094                _k_lifo_list_start = .
 *(SORT_BY_NAME(SORT_BY_ALIGNMENT(._k_lifo.static.*)))
                0x0000000020000094                _k_lifo_list_end = .

k_condvar_area  0x0000000020000094        0x0 load address 0x0000000000004bc4
                0x0000000020000094                _k_condvar_list_start = .
 *(SORT_BY_NAME(SORT_BY_ALIGNMENT(._k_condvar.static.*)))