Archive member included to satisfy reference by file (symbol)

app/libapp.a(main.c.obj)      (--whole-archive)
zephyr/libzephyr.a(validate_libc.c.obj)
                              (--whole-archive)
zephyr/libzephyr.a(heap.c.obj)
                              (--whole-archive)
zephyr/libzephyr.a(boot_banner.c.obj)
                              (--whole-archive)
zephyr/libzephyr.a(cbprintf_packaged.c.obj)
                              (--whole-archive)
zephyr/libzephyr.a(clock.c.obj)
                              (--whole-archive)
zephyr/libzephyr.a(printk.c.obj)
                              (--whole-archive)
zephyr/libzephyr.a(cbprintf_complete.c.obj)
                              (--whole-archive)
zephyr/libzephyr.a(assert.c.obj)
                              (--whole-archive)
zephyr/libzephyr.a(mpsc_pbuf.c.obj)
                              (--whole-archive)
zephyr/libzephyr.a(dec.c.obj)
                              (--whole-archive)
zephyr/libzephyr.a(hex.c.obj)
                              (--whole-archive)
zephyr/libzephyr.a(rb.c.obj)  (--whole-archive)
zephyr/libzephyr.a(set.c.obj)
                              (--whole-archive)
zephyr/libzephyr.a(timeutil.c.obj)
                              (--whole-archive)
zephyr/libzephyr.a(bitarray.c.obj)
                              (--whole-archive)
zephyr/libzephyr.a(bitmask.c.obj)
                              (--whole-archive)
zephyr/libzephyr.a(getopt.c.obj)
                              (--whole-archive)
zephyr/libzephyr.a(getopt_common.c.obj)
                              (--whole-archive)
zephyr/libzephyr.a(ring_buffer.c.obj)
                              (--whole-archive)
zephyr/libzephyr.a(last_section_id.c.obj)
                              (--whole-archive)
zephyr/libzephyr.a(configs.c.obj)
                              (--whole-archive)
zephyr/libzephyr.a(log_core.c.obj)
                              (--whole-archive)
zephyr/libzephyr.a(log_mgmt.c.obj)
                              (--whole-archive)
zephyr/libzephyr.a(log_cache.c.obj)
                              (--whole-archive)
zephyr/libzephyr.a(log_msg.c.obj)
                              (--whole-archive)
zephyr/libzephyr.a(log_output.c.obj)
                              (--whole-archive)
zephyr/libzephyr.a(log_backend_uart.c.obj)
                              (--whole-archive)
zephyr/libzephyr.a(tracing_none.c.obj)
                              (--whole-archive)
zephyr/libzephyr.a(sem.c.obj)
                              (--whole-archive)
zephyr/libzephyr.a(thread_entry.c.obj)
                              (--whole-archive)
zephyr/arch/common/libarch__common.a(sw_isr_common.c.obj)
                              (--whole-archive)
zephyr/arch/common/libarch__common.a(init.c.obj)
                              (--whole-archive)
zephyr/arch/common/libarch__common.a(xip.c.obj)
                              (--whole-archive)
zephyr/arch/arch/arm/core/libarch__arm__core.a(fatal.c.obj)
                              (--whole-archive)
zephyr/arch/arch/arm/core/libarch__arm__core.a(nmi.c.obj)
                              (--whole-archive)
zephyr/arch/arch/arm/core/libarch__arm__core.a(nmi_on_reset.S.obj)
                              (--whole-archive)
zephyr/arch/arch/arm/core/libarch__arm__core.a(tls.c.obj)
                              (--whole-archive)
zephyr/arch/arch/arm/core/cortex_m/libarch__arm__core__cortex_m.a(fault.c.obj)
                              (--whole-archive)
zephyr/arch/arch/arm/core/cortex_m/libarch__arm__core__cortex_m.a(fault_s.S.obj)
                              (--whole-archive)
zephyr/arch/arch/arm/core/cortex_m/libarch__arm__core__cortex_m.a(fpu.c.obj)
                              (--whole-archive)
zephyr/arch/arch/arm/core/cortex_m/libarch__arm__core__cortex_m.a(reset.S.obj)
                              (--whole-archive)
zephyr/arch/arch/arm/core/cortex_m/libarch__arm__core__cortex_m.a(scb.c.obj)
                              (--whole-archive)
zephyr/arch/arch/arm/core/cortex_m/libarch__arm__core__cortex_m.a(vector_table.S.obj)
                              (--whole-archive)
zephyr/arch/arch/arm/core/cortex_m/libarch__arm__core__cortex_m.a(svc.S.obj)
                              (--whole-archive)
zephyr/arch/arch/arm/core/cortex_m/libarch__arm__core__cortex_m.a(irq_manage.c.obj)
                              (--whole-archive)
zephyr/arch/arch/arm/core/cortex_m/libarch__arm__core__cortex_m.a(prep_c.c.obj)
                              (--whole-archive)
zephyr/arch/arch/arm/core/cortex_m/libarch__arm__core__cortex_m.a(thread.c.obj)
                              (--whole-archive)
zephyr/arch/arch/arm/core/cortex_m/libarch__arm__core__cortex_m.a(cpu_idle.c.obj)
                              (--whole-archive)
zephyr/arch/arch/arm/core/cortex_m/libarch__arm__core__cortex_m.a(exc_exit.c.obj)
                              (--whole-archive)
zephyr/arch/arch/arm/core/cortex_m/libarch__arm__core__cortex_m.a(thread_abort.c.obj)
                              (--whole-archive)
[...]
Memory Configuration

Name             Origin             Length             Attributes
FLASH            0x00000000         0x00040000         xr
RAM              0x20000000         0x00010000         xw
IDT_LIST         0xffff7fff         0x00008000         xw
*default*        0x00000000         0xffffffff

Linker script and memory map

                0x00002e08                        vfprintf = __l_vfprintf
                0x00000000                        vfscanf = __l_vfscanf
LOAD zephyr/CMakeFiles/zephyr_final.dir/misc/empty_file.c.obj
LOAD zephyr/CMakeFiles/zephyr_final.dir/isr_tables.c.obj
LOAD zephyr/CMakeFiles/offsets.dir/./arch/arm/core/offsets/offsets.c.obj
LOAD app/libapp.a
LOAD zephyr/libzephyr.a
LOAD zephyr/arch/common/libarch__common.a
LOAD zephyr/arch/arch/arm/core/libarch__arm__core.a
LOAD zephyr/arch/arch/arm/core/cortex_m/libarch__arm__core__cortex_m.a
LOAD zephyr/lib/libc/picolibc/liblib__libc__picolibc.a
LOAD zephyr/lib/libc/common/liblib__libc__common.a
LOAD zephyr/soc/soc/ti_lm3s6965/libsoc__ti__lm3s6965.a
LOAD zephyr/subsys/portability/posix/c_lib_ext/libsubsys__portability__posix__c_lib_ext.a
LOAD zephyr/drivers/console/libdrivers__console.a
LOAD zephyr/drivers/serial/libdrivers__serial.a
LOAD zephyr/drivers/timer/libdrivers__timer.a
LOAD zephyr/kernel/libkernel.a
LOAD zephyr/arch/common/libisr_tables.a
LOAD /home/udit/zephyr-sdk-1.0.1/gnu/arm-zephyr-eabi/bin/../lib/gcc/arm-zephyr-eabi/14.3.0/../../../../arm-zephyr-eabi/lib/thumb/v7-m/nofp/space/libc.a
LOAD /home/udit/zephyr-sdk-1.0.1/gnu/arm-zephyr-eabi/bin/../lib/gcc/arm-zephyr-eabi/14.3.0/thumb/v7-m/nofp/space/libgcc.a
                0x00000004                        _region_min_align = 0x4

.rel.plt        0x00000000        0x0
 *(SORT_BY_ALIGNMENT(.rel.plt))
                [!provide]                        PROVIDE (__rel_iplt_start = .)
 *(SORT_BY_ALIGNMENT(.rel.iplt))
 .rel.iplt      0x00000000        0x0 zephyr/CMakeFiles/zephyr_final.dir/isr_tables.c.obj
                [!provide]                        PROVIDE (__rel_iplt_end = .)

.rela.plt       0x00000000        0x0
 *(SORT_BY_ALIGNMENT(.rela.plt))
                [!provide]                        PROVIDE (__rela_iplt_start = .)
 *(SORT_BY_ALIGNMENT(.rela.iplt))
                [!provide]                        PROVIDE (__rela_iplt_end = .)

.rel.dyn
 *(SORT_BY_ALIGNMENT(.rel.*))

.rela.dyn
 *(SORT_BY_ALIGNMENT(.rela.*))

/DISCARD/
 *(SORT_BY_ALIGNMENT(.plt))

/DISCARD/
 *(SORT_BY_ALIGNMENT(.iplt))
                0x00000000                        __rom_region_start = 0x0

rom_start       0x00000000       0xec
                0x00000000                        __rom_start_address = .
 FILL mask 0x00
                0x00000000                        . = (. + (0x0 - (. - __rom_start_address)))
                0x00000000                        . = ALIGN (0x4)
                0x00000000                        . = ALIGN (0x80)
                0x00000000                        . = ALIGN (0x100)
                0x00000000                        _vector_start = .
 *(SORT_BY_ALIGNMENT(.exc_vector_table))
 *(SORT_BY_ALIGNMENT(.exc_vector_table.*))
 .exc_vector_table._vector_table_section
                0x00000000       0x40 zephyr/arch/arch/arm/core/cortex_m/libarch__arm__core__cortex_m.a(vector_table.S.obj)
                0x00000000                _vector_table
 *(SORT_BY_ALIGNMENT(.vectors))
                0x000000ec                        _vector_end = .
                0x00000040                        . = ALIGN (0x4)
 *(SORT_BY_ALIGNMENT(.gnu.linkonce.irq_vector_table*))
 .gnu.linkonce.irq_vector_table
                0x00000040       0xac zephyr/CMakeFiles/zephyr_final.dir/isr_tables.c.obj
                0x00000040                _irq_vector_table
                0x000000ec                        _vector_end = .

text            0x000000ec     0x3f90
                0x000000ec                        __text_region_start = .
 *(SORT_BY_ALIGNMENT(.text))
 .text          0x000000ec       0x10 /home/udit/zephyr-sdk-1.0.1/gnu/arm-zephyr-eabi/bin/../lib/gcc/arm-zephyr-eabi/14.3.0/../../../../arm-zephyr-eabi/lib/thumb/v7-m/nofp/space/libc.a(strlen.S.o)
                0x000000ec                strlen
 *(SORT_BY_ALIGNMENT(.text.*))
 .text.thread2_func
                0x000000fc       0x18 app/libapp.a(main.c.obj)
                0x000000fc                thread2_func
 .text.thread1_func
                0x00000114       0x18 app/libapp.a(main.c.obj)
                0x00000114                thread1_func
 .text.main     0x0000012c       0x6c app/libapp.a(main.c.obj)
                0x0000012c                main
 .text.boot_banner
                0x00000198       0x10 zephyr/libzephyr.a(boot_banner.c.obj)
 .text.cbvprintf_package
                0x000001a8      0x364 zephyr/libzephyr.a(cbprintf_packaged.c.obj)
                0x000001a8                cbvprintf_package
 .text.cbprintf_package_convert
                0x0000050c      0x3cc zephyr/libzephyr.a(cbprintf_packaged.c.obj)
                0x0000050c                cbprintf_package_convert
 .text.__printk_hook_install
                0x000008d8        0xc zephyr/libzephyr.a(printk.c.obj)
                0x000008d8                __printk_hook_install
 .text.activate_foreach_backend
                0x000008e4       0x60 zephyr/libzephyr.a(log_core.c.obj)
 .text.enable_logger
                0x00000944       0x58 zephyr/libzephyr.a(log_core.c.obj)
 .text.log_process_thread_timer_expiry_fn
                0x0000099c        0xc zephyr/libzephyr.a(log_core.c.obj)
 .text.z_log_init
                0x000009a8       0x94 zephyr/libzephyr.a(log_core.c.obj)
 .text.log_format_func_t_get
                0x00000a3c        0xc zephyr/libzephyr.a(log_core.c.obj)
                0x00000a3c                log_format_func_t_get
 .text.log_set_timestamp_func
                0x00000a48       0x20 zephyr/libzephyr.a(log_core.c.obj)
                0x00000a48                log_set_timestamp_func
 .text.z_log_notify_backend_enabled
                0x00000a68       0x1c zephyr/libzephyr.a(log_core.c.obj)
                0x00000a68                z_log_notify_backend_enabled
 .text.z_log_dropped
                0x00000a84       0x44 zephyr/libzephyr.a(log_core.c.obj)
                0x00000a84                z_log_dropped
 .text.z_log_dropped_read_and_clear
                0x00000ac8       0x20 zephyr/libzephyr.a(log_core.c.obj)
                0x00000ac8                z_log_dropped_read_and_clear
 .text.dropped_notify
                0x00000ae8       0x30 zephyr/libzephyr.a(log_core.c.obj)
                0x00000ae8                dropped_notify
 .text.z_log_msg_init
                0x00000b18       0x20 zephyr/libzephyr.a(log_core.c.obj)
                0x00000b18                z_log_msg_init
 .text.log_core_init
                0x00000b38       0x50 zephyr/libzephyr.a(log_core.c.obj)
                0x00000b38                log_core_init
 .text.z_log_msg_alloc
                0x00000b88       0x10 zephyr/libzephyr.a(log_core.c.obj)
                0x00000b88                z_log_msg_alloc
 .text.z_log_msg_local_claim
                0x00000b98        0xc zephyr/libzephyr.a(log_core.c.obj)
                0x00000b98                z_log_msg_local_claim
 .text.z_log_msg_free
                0x00000ba4       0x10 zephyr/libzephyr.a(log_core.c.obj)
                0x00000ba4                z_log_msg_free
 .text.z_log_msg_pending
                0x00000bb4        0xc zephyr/libzephyr.a(log_core.c.obj)
                0x00000bb4                z_log_msg_pending
 .text.z_impl_log_process
                0x00000bc0       0xb8 zephyr/libzephyr.a(log_core.c.obj)
                0x00000bc0                z_impl_log_process
 .text.z_impl_log_panic
                0x00000c78       0x44 zephyr/libzephyr.a(log_core.c.obj)
                0x00000c78                z_impl_log_panic
 .text.log_process_thread_func
                0x00000cbc       0xa0 zephyr/libzephyr.a(log_core.c.obj)
 .text.z_log_msg_post_finalize
                0x00000d5c       0x74 zephyr/libzephyr.a(log_core.c.obj)
 .text.z_log_msg_commit
                0x00000dd0       0x24 zephyr/libzephyr.a(log_core.c.obj)
                0x00000dd0                z_log_msg_commit
 .text.log_source_name_get
                0x00000df4       0x1c zephyr/libzephyr.a(log_mgmt.c.obj)
                0x00000df4                log_source_name_get
 .text.z_impl_z_log_msg_static_create
                0x00000e10      0x100 zephyr/libzephyr.a(log_msg.c.obj)
                0x00000e10                z_impl_z_log_msg_static_create
 .text.z_log_msg_runtime_vcreate
                0x00000f10       0xa4 zephyr/libzephyr.a(log_msg.c.obj)
                0x00000f10                z_log_msg_runtime_vcreate
 .text.log_msg_get_source_id
                0x00000fb4       0x18 zephyr/libzephyr.a(log_msg.c.obj)
                0x00000fb4                log_msg_get_source_id
 .text.print_formatted
                0x00000fcc       0x24 zephyr/libzephyr.a(log_output.c.obj)
 .text.newline_print
                0x00000ff0       0x1c zephyr/libzephyr.a(log_output.c.obj)
 .text.log_output_process
                0x0000100c      0x290 zephyr/libzephyr.a(log_output.c.obj)
                0x0000100c                log_output_process
 .text.log_output_dropped_process
                0x0000129c       0x58 zephyr/libzephyr.a(log_output.c.obj)
                0x0000129c                log_output_dropped_process
 .text.log_output_timestamp_freq_set
                0x000012f4       0x2c zephyr/libzephyr.a(log_output.c.obj)
                0x000012f4                log_output_timestamp_freq_set
 .text.char_out
                0x00001320       0x24 zephyr/libzephyr.a(log_backend_uart.c.obj)
 .text.z_thread_entry
                0x00001344       0x34 zephyr/libzephyr.a(thread_entry.c.obj)
                0x00001344                z_thread_entry
 .text.arch_bss_zero
                0x00001378       0x18 zephyr/arch/common/libarch__common.a(init.c.obj)
                0x00001378                arch_bss_zero
 .text.arch_data_copy
                0x00001390       0x38 zephyr/arch/common/libarch__common.a(xip.c.obj)
                0x00001390                arch_data_copy
 .text.z_arm_fatal_error
                0x000013c8       0xb4 zephyr/arch/arch/arm/core/libarch__arm__core.a(fatal.c.obj)
                0x000013c8                z_arm_fatal_error
 .text.z_SysNmiOnReset
                0x0000147c        0x8 zephyr/arch/arch/arm/core/libarch__arm__core.a(nmi_on_reset.S.obj)
                0x0000147c                z_SysNmiOnReset
 .text.arch_tls_stack_setup
                0x00001484       0x40 zephyr/arch/arch/arm/core/libarch__arm__core.a(tls.c.obj)
                0x00001484                arch_tls_stack_setup
 .text.usage_fault.isra.0
                0x000014c4       0xa8 zephyr/arch/arch/arm/core/cortex_m/libarch__arm__core__cortex_m.a(fault.c.obj)
 .text.mem_manage_fault.isra.0
                0x0000156c       0xac zephyr/arch/arch/arm/core/cortex_m/libarch__arm__core__cortex_m.a(fault.c.obj)
 .text.bus_fault.isra.0
                0x00001618       0xb8 zephyr/arch/arch/arm/core/cortex_m/libarch__arm__core__cortex_m.a(fault.c.obj)
 .text.z_arm_fault
                0x000016d0      0x1d8 zephyr/arch/arch/arm/core/cortex_m/libarch__arm__core__cortex_m.a(fault.c.obj)
                0x000016d0                z_arm_fault
 .text.z_arm_fault_init
                0x000018a8       0x18 zephyr/arch/arch/arm/core/cortex_m/libarch__arm__core__cortex_m.a(fault.c.obj)
                0x000018a8                z_arm_fault_init
 .text.__fault  0x000018c0       0x14 zephyr/arch/arch/arm/core/cortex_m/libarch__arm__core__cortex_m.a(fault_s.S.obj)
                0x000018c0                z_arm_bus_fault
                0x000018c0                z_arm_usage_fault
                0x000018c0                z_arm_mpu_fault
                0x000018c0                z_arm_exc_spurious
                0x000018c0                z_arm_debug_monitor
                0x000018c0                z_arm_hard_fault
 .text._reset_section
                0x000018d4       0x34 zephyr/arch/arch/arm/core/cortex_m/libarch__arm__core__cortex_m.a(reset.S.obj)
                0x000018d4                z_arm_reset
                0x000018d4                __start
 .text.z_arm_svc
                0x00001908       0x24 zephyr/arch/arch/arm/core/cortex_m/libarch__arm__core__cortex_m.a(svc.S.obj)
                0x00001908                z_arm_svc
 .text.relocate_vector_table
                0x0000192c       0x20 zephyr/arch/arch/arm/core/cortex_m/libarch__arm__core__cortex_m.a(prep_c.c.obj)
                0x0000192c                relocate_vector_table
 .text.arch_new_thread
                0x0000194c       0x38 zephyr/arch/arch/arm/core/cortex_m/libarch__arm__core__cortex_m.a(thread.c.obj)
                0x0000194c                arch_new_thread
 .text.arch_switch_to_main_thread
                0x00001984       0x38 zephyr/arch/arch/arm/core/cortex_m/libarch__arm__core__cortex_m.a(thread.c.obj)
                0x00001984                arch_switch_to_main_thread
 .text.z_arm_cpu_idle_init
                0x000019bc        0xc zephyr/arch/arch/arm/core/cortex_m/libarch__arm__core__cortex_m.a(cpu_idle.c.obj)
                0x000019bc                z_arm_cpu_idle_init
 .text._HandlerModeExit
                0x000019c8       0x20 zephyr/arch/arch/arm/core/cortex_m/libarch__arm__core__cortex_m.a(exc_exit.c.obj)
                0x000019c8                z_arm_exc_exit
                0x000019c8                z_arm_int_exit
 .text.z_impl_k_thread_abort
                0x000019e8       0x2c zephyr/arch/arch/arm/core/cortex_m/libarch__arm__core__cortex_m.a(thread_abort.c.obj)
                0x000019e8                z_impl_k_thread_abort
 .text.z_arm_pendsv
                0x00001a14       0x54 zephyr/arch/arch/arm/core/cortex_m/libarch__arm__core__cortex_m.a(swap_helper.S.obj)
                0x00001a14                z_arm_pendsv
 .text.z_arm_interrupt_init
                0x00001a68       0x18 zephyr/arch/arch/arm/core/cortex_m/libarch__arm__core__cortex_m.a(irq_init.c.obj)
                0x00001a68                z_arm_interrupt_init
 .text._isr_wrapper
                0x00001a80       0x24 zephyr/arch/arch/arm/core/cortex_m/libarch__arm__core__cortex_m.a(isr_wrapper.c.obj)
                0x00001a80                _isr_wrapper
 .text.__aeabi_read_tp
                0x00001aa4        0xc zephyr/arch/arch/arm/core/cortex_m/libarch__arm__core__cortex_m.a(__aeabi_read_tp.S.obj)
                0x00001aa4                __aeabi_read_tp
 .text.cbvprintf
                0x00001ab0       0x38 zephyr/lib/libc/picolibc/liblib__libc__picolibc.a(cbprintf.c.obj)
                0x00001ab0                cbvprintf
 .text.z_impl_zephyr_fputc
                0x00001ae8       0x10 zephyr/lib/libc/picolibc/liblib__libc__picolibc.a(stdio.c.obj)
                0x00001ae8                z_impl_zephyr_fputc
 .text.__stdout_hook_install
                0x00001af8       0x18 zephyr/lib/libc/picolibc/liblib__libc__picolibc.a(stdio.c.obj)
                0x00001af8                __stdout_hook_install
 .text.malloc_prepare
                0x00001b10       0x24 zephyr/lib/libc/common/liblib__libc__common.a(malloc.c.obj)
 .text.uart_stellaris_init
                0x00001b34       0x30 zephyr/soc/soc/ti_lm3s6965/libsoc__ti__lm3s6965.a(soc_config.c.obj)
 .text.uart_console_init
                0x00001b64       0x28 zephyr/drivers/console/libdrivers__console.a(uart_console.c.obj)
 .text.console_out
                0x00001b8c       0x28 zephyr/drivers/console/libdrivers__console.a(uart_console.c.obj)
 .text.elapsed  0x00001bb4       0x44 zephyr/drivers/timer/libdrivers__timer.a(cortex_m_systick.c.obj)
 .text.sys_clock_driver_init
                0x00001bf8       0x34 zephyr/drivers/timer/libdrivers__timer.a(cortex_m_systick.c.obj)
 .text.sys_clock_isr
                0x00001c2c       0x60 zephyr/drivers/timer/libdrivers__timer.a(cortex_m_systick.c.obj)
                0x00001c2c                sys_clock_isr
 .text.sys_clock_set_timeout
                0x00001c8c       0xe0 zephyr/drivers/timer/libdrivers__timer.a(cortex_m_systick.c.obj)
                0x00001c8c                sys_clock_set_timeout
 .text.sys_clock_elapsed
                0x00001d6c       0x3c zephyr/drivers/timer/libdrivers__timer.a(cortex_m_systick.c.obj)
                0x00001d6c                sys_clock_elapsed
 .text.k_sys_fatal_error_handler
                0x00001da8       0x20 zephyr/kernel/libkernel.a(fatal.c.obj)
                0x00001da8                k_sys_fatal_error_handler
 .text.z_fatal_error
                0x00001dc8       0xec zephyr/kernel/libkernel.a(fatal.c.obj)
                0x00001dc8                z_fatal_error
 .text.z_sys_init_run_level
                0x00001eb4       0x30 zephyr/kernel/libkernel.a(init.c.obj)
 .text.bg_thread_main
                0x00001ee4       0xbc zephyr/kernel/libkernel.a(init.c.obj)
 .text.z_init_cpu
                0x00001fa0       0x68 zephyr/kernel/libkernel.a(init.c.obj)
                0x00001fa0                z_init_cpu
 .text.z_cstart
                0x00002008       0xc4 zephyr/kernel/libkernel.a(init.c.obj)
                0x00002008                z_cstart
 .text.z_impl_k_sem_give
                0x000020cc       0x68 zephyr/kernel/libkernel.a(sem.c.obj)
                0x000020cc                z_impl_k_sem_give
 .text.z_impl_k_sem_take
                0x00002134       0x4c zephyr/kernel/libkernel.a(sem.c.obj)
                0x00002134                z_impl_k_sem_take
 .text.z_setup_new_thread
                0x00002180       0x70 zephyr/kernel/libkernel.a(thread.c.obj)
                0x00002180                z_setup_new_thread
 .text.z_dummy_thread_init
                0x000021f0       0x14 zephyr/kernel/libkernel.a(thread.c.obj)
                0x000021f0                z_dummy_thread_init
 .text.z_impl_k_wakeup
                0x00002204       0x48 zephyr/kernel/libkernel.a(thread.c.obj)
                0x00002204                z_impl_k_wakeup
 .text.z_impl_k_thread_create
                0x0000224c       0x58 zephyr/kernel/libkernel.a(thread.c.obj)
                0x0000224c                z_impl_k_thread_create
 .text.z_swap_irqlock
                0x000022a4       0x30 zephyr/kernel/libkernel.a(sched.c.obj)
 .text.unready_thread
                0x000022d4       0xa4 zephyr/kernel/libkernel.a(sched.c.obj)
 .text.ready_thread
                0x00002378       0x98 zephyr/kernel/libkernel.a(sched.c.obj)
 .text.reschedule.isra.0
                0x00002410       0x28 zephyr/kernel/libkernel.a(sched.c.obj)
 .text.move_current_to_end_of_prio_q
                0x00002438       0x5c zephyr/kernel/libkernel.a(sched.c.obj)
                0x00002438                move_current_to_end_of_prio_q
 .text.z_thread_halt
                0x00002494      0x188 zephyr/kernel/libkernel.a(sched.c.obj)
                0x00002494                z_thread_halt
 .text.z_sched_lock_reschedule
                0x0000261c       0x50 zephyr/kernel/libkernel.a(sched.c.obj)
                0x0000261c                z_sched_lock_reschedule
 .text.z_sched_yield
                0x0000266c       0x70 zephyr/kernel/libkernel.a(sched.c.obj)
                0x0000266c                z_sched_yield
 .text.z_pend_curr
                0x000026dc       0x58 zephyr/kernel/libkernel.a(sched.c.obj)
                0x000026dc                z_pend_curr
 .text.z_tick_sleep
                0x00002734       0x90 zephyr/kernel/libkernel.a(sleep.c.obj)
 .text.z_sched_init
                0x000027c4       0x24 zephyr/kernel/libkernel.a(scheduler.c.obj)
                0x000027c4                z_sched_init
 .text.k_sched_lock
                0x000027e8       0x28 zephyr/kernel/libkernel.a(scheduler.c.obj)
                0x000027e8                k_sched_lock
 .text.k_sched_unlock
                0x00002810       0x20 zephyr/kernel/libkernel.a(scheduler.c.obj)
                0x00002810                k_sched_unlock
 .text.z_impl_k_sched_current_thread_query
                0x00002830        0xc zephyr/kernel/libkernel.a(scheduler.c.obj)
                0x00002830                z_impl_k_sched_current_thread_query
 .text.z_time_slice_size
                0x0000283c       0x40 zephyr/kernel/libkernel.a(timeslicing.c.obj)
 .text.slice_timeout
                0x0000287c       0x20 zephyr/kernel/libkernel.a(timeslicing.c.obj)
 .text.z_time_slice_reset
                0x0000289c       0x44 zephyr/kernel/libkernel.a(timeslicing.c.obj)
                0x0000289c                z_time_slice_reset
 .text.z_time_slice
                0x000028e0       0x5c zephyr/kernel/libkernel.a(timeslicing.c.obj)
                0x000028e0                z_time_slice
 .text.first    0x0000293c       0x10 zephyr/kernel/libkernel.a(timeout.c.obj)
 .text.elapsed  0x0000294c       0x14 zephyr/kernel/libkernel.a(timeout.c.obj)
 .text.z_add_timeout
                0x00002960      0x12c zephyr/kernel/libkernel.a(timeout.c.obj)
                0x00002960                z_add_timeout
 .text.z_abort_timeout
                0x00002a8c       0x90 zephyr/kernel/libkernel.a(timeout.c.obj)
                0x00002a8c                z_abort_timeout
 .text.sys_clock_announce_locked
                0x00002b1c       0xcc zephyr/kernel/libkernel.a(timeout.c.obj)
                0x00002b1c                sys_clock_announce_locked
 .text.sys_clock_tick_get
                0x00002be8       0x30 zephyr/kernel/libkernel.a(timeout.c.obj)
                0x00002be8                sys_clock_tick_get
 .text.z_timer_expiration_handler
                0x00002c18       0xec zephyr/kernel/libkernel.a(timer.c.obj)
                0x00002c18                z_timer_expiration_handler
 .text.z_impl_k_timer_start
                0x00002d04       0x50 zephyr/kernel/libkernel.a(timer.c.obj)
                0x00002d04                z_impl_k_timer_start
 .text.z_impl_k_timer_stop
                0x00002d54       0x60 zephyr/kernel/libkernel.a(timer.c.obj)
                0x00002d54                z_impl_k_timer_stop
 .text.snprintf
                0x00002db4       0x54 /home/udit/zephyr-sdk-1.0.1/gnu/arm-zephyr-eabi/bin/../lib/gcc/arm-zephyr-eabi/14.3.0/../../../../arm-zephyr-eabi/lib/thumb/v7-m/nofp/space/libc.a(libc_tinystdio_snprintf.c.o)
                0x00002db4                snprintf
 .text.__l_vfprintf
                0x00002e08      0x484 /home/udit/zephyr-sdk-1.0.1/gnu/arm-zephyr-eabi/bin/../lib/gcc/arm-zephyr-eabi/14.3.0/../../../../arm-zephyr-eabi/lib/thumb/v7-m/nofp/space/libc.a(libc_tinystdio_vflprintf.c.o)
                0x00002e08                __l_vfprintf
 .text._OffsetAbsSyms
                0x0000328c        0x2 zephyr/CMakeFiles/offsets.dir/./arch/arm/core/offsets/offsets.c.obj
                0x0000328c                _OffsetAbsSyms
 .text.chunk_size
                0x0000328e        0xa zephyr/libzephyr.a(heap.c.obj)
 .text.free_list_add
                0x00003298       0x4e zephyr/libzephyr.a(heap.c.obj)
 .text.sys_heap_init
                0x000032e6       0x82 zephyr/libzephyr.a(heap.c.obj)
                0x000032e6                sys_heap_init
 .text.cbpprintf_external
                0x00003368       0x62 zephyr/libzephyr.a(cbprintf_packaged.c.obj)
                0x00003368                cbpprintf_external
 .text.is_ptr   0x000033ca       0x3a zephyr/libzephyr.a(cbprintf_packaged.c.obj)
                0x000033ca                is_ptr
 .text.arch_printk_char_out
                0x00003404        0x4 zephyr/libzephyr.a(printk.c.obj)
                0x00003404                arch_printk_char_out
 .text.printk   0x00003408       0x1a zephyr/libzephyr.a(printk.c.obj)
                0x00003408                printk
 .text.free_space
                0x00003422       0x26 zephyr/libzephyr.a(mpsc_pbuf.c.obj)
 .text.get_usage
                0x00003448       0x22 zephyr/libzephyr.a(mpsc_pbuf.c.obj)
 .text.idx_inc  0x0000346a       0x1c zephyr/libzephyr.a(mpsc_pbuf.c.obj)
 .text.rd_idx_inc
                0x00003486       0x18 zephyr/libzephyr.a(mpsc_pbuf.c.obj)
 .text.add_skip_item
                0x0000349e       0x3e zephyr/libzephyr.a(mpsc_pbuf.c.obj)
 .text.drop_item_locked
                0x000034dc       0xf8 zephyr/libzephyr.a(mpsc_pbuf.c.obj)
 .text.post_drop_action
                0x000035d4       0x36 zephyr/libzephyr.a(mpsc_pbuf.c.obj)
 .text.max_utilization_update
                0x0000360a       0x1a zephyr/libzephyr.a(mpsc_pbuf.c.obj)
 .text.mpsc_pbuf_init
                0x00003624       0x42 zephyr/libzephyr.a(mpsc_pbuf.c.obj)
                0x00003624                mpsc_pbuf_init
 .text.mpsc_pbuf_alloc
                0x00003666       0xfa zephyr/libzephyr.a(mpsc_pbuf.c.obj)
                0x00003666                mpsc_pbuf_alloc
 .text.mpsc_pbuf_commit
                0x00003760       0x3e zephyr/libzephyr.a(mpsc_pbuf.c.obj)
                0x00003760                mpsc_pbuf_commit
 .text.mpsc_pbuf_claim
                0x0000379e       0xb6 zephyr/libzephyr.a(mpsc_pbuf.c.obj)
                0x0000379e                mpsc_pbuf_claim
 .text.mpsc_pbuf_free
                0x00003854       0x76 zephyr/libzephyr.a(mpsc_pbuf.c.obj)
                0x00003854                mpsc_pbuf_free
 .text.mpsc_pbuf_is_pending
                0x000038ca       0x30 zephyr/libzephyr.a(mpsc_pbuf.c.obj)
                0x000038ca                mpsc_pbuf_is_pending
 .text._ConfigAbsSyms
                0x000038fa        0x2 zephyr/libzephyr.a(configs.c.obj)
                0x000038fa                _ConfigAbsSyms
 .text.log_msg_generic_get_wlen
                0x000038fc       0x20 zephyr/libzephyr.a(log_core.c.obj)
 .text.dummy_timestamp
                0x0000391c        0x4 zephyr/libzephyr.a(log_core.c.obj)
 .text.atomic_inc
                0x00003920       0x1a zephyr/libzephyr.a(log_core.c.obj)
 .text.default_lf_get_timestamp
                0x0000393a        0xc zephyr/libzephyr.a(log_core.c.obj)
 .text.z_log_vprintk
                0x00003946       0x1c zephyr/libzephyr.a(log_core.c.obj)
                0x00003946                z_log_vprintk
 .text.z_log_notify_drop
                0x00003962        0x6 zephyr/libzephyr.a(log_core.c.obj)
 .text.z_log_get_tag
                0x00003968        0x4 zephyr/libzephyr.a(log_core.c.obj)
                0x00003968                z_log_get_tag
 .text.log_backend_enable
                0x0000396c       0x12 zephyr/libzephyr.a(log_mgmt.c.obj)
                0x0000396c                log_backend_enable
 .text.z_cbprintf_cpy
                0x0000397e       0x2e zephyr/libzephyr.a(log_msg.c.obj)
 .text.z_log_msg_finalize
                0x000039ac       0x32 zephyr/libzephyr.a(log_msg.c.obj)
                0x000039ac                z_log_msg_finalize
 .text.z_log_msg_simple_create
                0x000039de       0x6e zephyr/libzephyr.a(log_msg.c.obj)
 .text.z_impl_z_log_msg_simple_create_0
                0x00003a4c       0x12 zephyr/libzephyr.a(log_msg.c.obj)
                0x00003a4c                z_impl_z_log_msg_simple_create_0
 .text.z_impl_z_log_msg_simple_create_1
                0x00003a5e       0x14 zephyr/libzephyr.a(log_msg.c.obj)
                0x00003a5e                z_impl_z_log_msg_simple_create_1
 .text.log_output_write
                0x00003a72       0x1c zephyr/libzephyr.a(log_output.c.obj)
 .text.log_output_flush
                0x00003a8e       0x18 zephyr/libzephyr.a(log_output.c.obj)
 .text.out_func
                0x00003aa6       0x36 zephyr/libzephyr.a(log_output.c.obj)
 .text.cr_out_func
                0x00003adc       0x1c zephyr/libzephyr.a(log_output.c.obj)
 .text.log_output_msg_process
                0x00003af8       0x6c zephyr/libzephyr.a(log_output.c.obj)
                0x00003af8                log_output_msg_process
 .text.format_set
                0x00003b64        0xc zephyr/libzephyr.a(log_backend_uart.c.obj)
 .text.log_backend_uart_init
                0x00003b70        0xc zephyr/libzephyr.a(log_backend_uart.c.obj)
 .text.panic    0x00003b7c       0x32 zephyr/libzephyr.a(log_backend_uart.c.obj)
 .text.dropped  0x00003bae        0xa zephyr/libzephyr.a(log_backend_uart.c.obj)
 .text.process  0x00003bb8       0x1e zephyr/libzephyr.a(log_backend_uart.c.obj)
 .text.arch_early_memset
                0x00003bd6        0x4 zephyr/arch/common/libarch__common.a(init.c.obj)
                0x00003bd6                arch_early_memset
 .text.arch_early_memcpy
                0x00003bda        0x4 zephyr/arch/common/libarch__common.a(init.c.obj)
                0x00003bda                arch_early_memcpy
 .text.z_do_kernel_oops
                0x00003bde        0x8 zephyr/arch/arch/arm/core/libarch__arm__core.a(fatal.c.obj)
                0x00003bde                z_do_kernel_oops
 .text.z_arm_nmi
                0x00003be6        0xe zephyr/arch/arch/arm/core/libarch__arm__core.a(nmi.c.obj)
                0x00003be6                z_arm_nmi
 .text.z_log_msg_simple_create_0.constprop.0
                0x00003bf4        0x8 zephyr/arch/arch/arm/core/cortex_m/libarch__arm__core__cortex_m.a(fault.c.obj)
 .text.z_irq_spurious
                0x00003bfc        0x8 zephyr/arch/arch/arm/core/cortex_m/libarch__arm__core__cortex_m.a(irq_manage.c.obj)
                0x00003bfc                z_irq_spurious
 .text.z_prep_c
                0x00003c04       0x16 zephyr/arch/arch/arm/core/cortex_m/libarch__arm__core__cortex_m.a(prep_c.c.obj)
                0x00003c04                z_prep_c
 .text.arch_coprocessors_disable
                0x00003c1a        0x6 zephyr/arch/arch/arm/core/cortex_m/libarch__arm__core__cortex_m.a(thread.c.obj)
                0x00003c1a                arch_coprocessors_disable
 .text.arch_irq_unlock_outlined
                0x00003c20        0xe zephyr/arch/arch/arm/core/cortex_m/libarch__arm__core__cortex_m.a(thread.c.obj)
                0x00003c20                arch_irq_unlock_outlined
 .text.arch_cpu_idle
                0x00003c2e       0x1a zephyr/arch/arch/arm/core/cortex_m/libarch__arm__core__cortex_m.a(cpu_idle.c.obj)
                0x00003c2e                arch_cpu_idle
 .text.cbputc   0x00003c48        0xc zephyr/lib/libc/picolibc/liblib__libc__picolibc.a(cbprintf.c.obj)
 .text.picolibc_put
                0x00003c54        0xa zephyr/lib/libc/picolibc/liblib__libc__picolibc.a(stdio.c.obj)
 .text.uart_stellaris_poll_in
                0x00003c5e       0x16 zephyr/drivers/serial/libdrivers__serial.a(uart_stellaris.c.obj)
 .text.uart_stellaris_poll_out
                0x00003c74        0xe zephyr/drivers/serial/libdrivers__serial.a(uart_stellaris.c.obj)
 .text.uart_stellaris_init
                0x00003c82       0x60 zephyr/drivers/serial/libdrivers__serial.a(uart_stellaris.c.obj)
 .text.do_device_init
                0x00003ce2       0x30 zephyr/kernel/libkernel.a(device.c.obj)
                0x00003ce2                do_device_init
 .text.z_impl_device_is_ready
                0x00003d12       0x16 zephyr/kernel/libkernel.a(device.c.obj)
                0x00003d12                z_impl_device_is_ready
 .text.arch_system_halt
                0x00003d28       0x10 zephyr/kernel/libkernel.a(fatal.c.obj)
                0x00003d28                arch_system_halt
 .text.idle     0x00003d38       0x16 zephyr/kernel/libkernel.a(idle.c.obj)
                0x00003d38                idle
 .text.z_impl_k_sem_init
                0x00003d4e       0x18 zephyr/kernel/libkernel.a(sem.c.obj)
                0x00003d4e                z_impl_k_sem_init
 .text.k_is_in_isr
                0x00003d66        0xc zephyr/kernel/libkernel.a(thread.c.obj)
                0x00003d66                k_is_in_isr
 .text.z_impl_k_thread_name_set
                0x00003d72        0x6 zephyr/kernel/libkernel.a(thread.c.obj)
                0x00003d72                z_impl_k_thread_name_set
 .text.k_thread_name_get
                0x00003d78        0x4 zephyr/kernel/libkernel.a(thread.c.obj)
                0x00003d78                k_thread_name_get
 .text.z_thread_abort
                0x00003d7c       0x3e zephyr/kernel/libkernel.a(thread.c.obj)
                0x00003d7c                z_thread_abort
 .text.z_impl_k_yield
                0x00003dba        0x4 zephyr/kernel/libkernel.a(thread.c.obj)
                0x00003dba                z_impl_k_yield
 .text.add_to_waitq_locked
                0x00003dbe       0x4c zephyr/kernel/libkernel.a(sched.c.obj)
 .text.unpend_thread_no_timeout
                0x00003e0a       0x1a zephyr/kernel/libkernel.a(sched.c.obj)
 .text.z_ready_thread
                0x00003e24       0x1e zephyr/kernel/libkernel.a(sched.c.obj)
                0x00003e24                z_ready_thread
 .text.z_sched_ready_locked
                0x00003e42        0x4 zephyr/kernel/libkernel.a(sched.c.obj)
                0x00003e42                z_sched_ready_locked
 .text.z_sched_unready_locked
                0x00003e46        0x4 zephyr/kernel/libkernel.a(sched.c.obj)
                0x00003e46                z_sched_unready_locked
 .text.z_unpend_thread_no_timeout
                0x00003e4a       0x22 zephyr/kernel/libkernel.a(sched.c.obj)
                0x00003e4a                z_unpend_thread_no_timeout
 .text.z_sched_wake_thread_locked
                0x00003e6c       0x28 zephyr/kernel/libkernel.a(sched.c.obj)
                0x00003e6c                z_sched_wake_thread_locked
 .text.z_thread_timeout
                0x00003e94       0x30 zephyr/kernel/libkernel.a(sched.c.obj)
                0x00003e94                z_thread_timeout
 .text.z_unpend1_no_timeout
                0x00003ec4       0x2c zephyr/kernel/libkernel.a(sched.c.obj)
                0x00003ec4                z_unpend1_no_timeout
 .text.z_reschedule
                0x00003ef0        0x6 zephyr/kernel/libkernel.a(sched.c.obj)
                0x00003ef0                z_reschedule
 .text.z_impl_k_sleep
                0x00003ef6       0x32 zephyr/kernel/libkernel.a(sleep.c.obj)
                0x00003ef6                z_impl_k_sleep
 .text.next_timeout
                0x00003f28       0x2e zephyr/kernel/libkernel.a(timeout.c.obj)
 .text.sys_clock_tick_get_32
                0x00003f56        0x8 zephyr/kernel/libkernel.a(timeout.c.obj)
                0x00003f56                sys_clock_tick_get_32
 .text.z_impl_k_uptime_ticks
                0x00003f5e        0x4 zephyr/kernel/libkernel.a(timeout.c.obj)
                0x00003f5e                z_impl_k_uptime_ticks
 .text.k_timer_init
                0x00003f62       0x18 zephyr/kernel/libkernel.a(timer.c.obj)
                0x00003f62                k_timer_init
 .text.memcpy   0x00003f7a       0x1c /home/udit/zephyr-sdk-1.0.1/gnu/arm-zephyr-eabi/bin/../lib/gcc/arm-zephyr-eabi/14.3.0/../../../../arm-zephyr-eabi/lib/thumb/v7-m/nofp/space/libc.a(memcpy.c.o)
                0x00003f7a                memcpy
                0x00003f7a                __aeabi_memcpy
                0x00003f7a                __aeabi_memcpy4
                0x00003f7a                __aeabi_memcpy8
 .text.memset   0x00003f96       0x10 /home/udit/zephyr-sdk-1.0.1/gnu/arm-zephyr-eabi/bin/../lib/gcc/arm-zephyr-eabi/14.3.0/../../../../arm-zephyr-eabi/lib/thumb/v7-m/nofp/space/libc.a(memset.c.o)
                0x00003f96                memset
 .text.strnlen  0x00003fa6       0x18 /home/udit/zephyr-sdk-1.0.1/gnu/arm-zephyr-eabi/bin/../lib/gcc/arm-zephyr-eabi/14.3.0/../../../../arm-zephyr-eabi/lib/thumb/v7-m/nofp/space/libc.a(libc_string_strnlen.c.o)
                0x00003fa6                strnlen
 .text.__ultoa_invert
                0x00003fbe       0xae /home/udit/zephyr-sdk-1.0.1/gnu/arm-zephyr-eabi/bin/../lib/gcc/arm-zephyr-eabi/14.3.0/../../../../arm-zephyr-eabi/lib/thumb/v7-m/nofp/space/libc.a(libc_tinystdio_vflprintf.c.o)
 .text.__file_str_put
                0x0000406c       0x10 /home/udit/zephyr-sdk-1.0.1/gnu/arm-zephyr-eabi/bin/../lib/gcc/arm-zephyr-eabi/14.3.0/../../../../arm-zephyr-eabi/lib/thumb/v7-m/nofp/space/libc.a(libc_tinystdio_filestrput.c.o)
                0x0000406c                __file_str_put
 *(SORT_BY_ALIGNMENT(.gnu.linkonce.t.*))
 *(SORT_BY_ALIGNMENT(.glue_7t))
 .glue_7t       0x0000407c        0x0 linker stubs
 *(SORT_BY_ALIGNMENT(.glue_7))
 .glue_7        0x0000407c        0x0 linker stubs
 *(SORT_BY_ALIGNMENT(.vfp11_veneer))
 .vfp11_veneer  0x0000407c        0x0 linker stubs
 *(SORT_BY_ALIGNMENT(.v4_bx))
 .v4_bx         0x0000407c        0x0 linker stubs
                0x0000407c                        . = ALIGN (0x4)
                0x0000407c                        __text_region_end = .

.ARM.exidx      0x0000407c        0x0
                0x0000407c                        __exidx_start = .
 *(SORT_BY_ALIGNMENT(.ARM.exidx*) SORT_BY_ALIGNMENT(gnu.linkonce.armexidx.*))
                0x0000407c                        __exidx_end = .
                0x0000407c                        __rodata_region_start = .

initlevel       0x0000407c       0x48
                0x0000407c                        __init_start = .
                0x0000407c                        __init_EARLY_start = .
 *(SORT_BY_NAME(SORT_BY_ALIGNMENT(.z_init_EARLY_P_?_*)))
 *(SORT_BY_NAME(SORT_BY_ALIGNMENT(.z_init_EARLY_P_??_*)))
 *(SORT_BY_NAME(SORT_BY_ALIGNMENT(.z_init_EARLY_P_???_*)))
                0x0000407c                        __init_PRE_KERNEL_1_start = .
 *(SORT_BY_NAME(SORT_BY_ALIGNMENT(.z_init_PRE_KERNEL_1_P_?_*)))
 *(SORT_BY_NAME(SORT_BY_ALIGNMENT(.z_init_PRE_KERNEL_1_P_??_*)))
 .z_init_PRE_KERNEL_1_P_50_SUB_00018_
                0x0000407c        0x8 zephyr/drivers/serial/libdrivers__serial.a(uart_stellaris.c.obj)
 .z_init_PRE_KERNEL_1_P_50_SUB_00019_
                0x00004084        0x8 zephyr/drivers/serial/libdrivers__serial.a(uart_stellaris.c.obj)
 .z_init_PRE_KERNEL_1_P_50_SUB_00022_
                0x0000408c        0x8 zephyr/drivers/serial/libdrivers__serial.a(uart_stellaris.c.obj)
 .z_init_PRE_KERNEL_1_P_50_SUB_0_
                0x00004094        0x8 zephyr/soc/soc/ti_lm3s6965/libsoc__ti__lm3s6965.a(soc_config.c.obj)
 .z_init_PRE_KERNEL_1_P_60_SUB_0_
                0x0000409c        0x8 zephyr/drivers/console/libdrivers__console.a(uart_console.c.obj)
 *(SORT_BY_NAME(SORT_BY_ALIGNMENT(.z_init_PRE_KERNEL_1_P_???_*)))
                0x000040a4                        __init_PRE_KERNEL_2_start = .
 *(SORT_BY_NAME(SORT_BY_ALIGNMENT(.z_init_PRE_KERNEL_2_P_?_*)))
 .z_init_PRE_KERNEL_2_P_0_SUB_0_
                0x000040a4        0x8 zephyr/drivers/timer/libdrivers__timer.a(cortex_m_systick.c.obj)
 *(SORT_BY_NAME(SORT_BY_ALIGNMENT(.z_init_PRE_KERNEL_2_P_??_*)))
 *(SORT_BY_NAME(SORT_BY_ALIGNMENT(.z_init_PRE_KERNEL_2_P_???_*)))
                0x000040ac                        __init_POST_KERNEL_start = .
 *(SORT_BY_NAME(SORT_BY_ALIGNMENT(.z_init_POST_KERNEL_P_?_*)))
 .z_init_POST_KERNEL_P_0_SUB_0_
                0x000040ac        0x8 zephyr/libzephyr.a(log_core.c.obj)
 *(SORT_BY_NAME(SORT_BY_ALIGNMENT(.z_init_POST_KERNEL_P_??_*)))
 .z_init_POST_KERNEL_P_35_SUB_0_
                0x000040b4        0x8 zephyr/lib/libc/common/liblib__libc__common.a(malloc.c.obj)
 *(SORT_BY_NAME(SORT_BY_ALIGNMENT(.z_init_POST_KERNEL_P_???_*)))
                0x000040bc                        __init_APPLICATION_start = .
 *(SORT_BY_NAME(SORT_BY_ALIGNMENT(.z_init_APPLICATION_P_?_*)))
 .z_init_APPLICATION_P_0_SUB_0_
                0x000040bc        0x8 zephyr/libzephyr.a(boot_banner.c.obj)
 *(SORT_BY_NAME(SORT_BY_ALIGNMENT(.z_init_APPLICATION_P_??_*)))
 *(SORT_BY_NAME(SORT_BY_ALIGNMENT(.z_init_APPLICATION_P_???_*)))
                0x000040c4                        __init_SMP_start = .
 *(SORT_BY_NAME(SORT_BY_ALIGNMENT(.z_init_SMP_P_?_*)))
 *(SORT_BY_NAME(SORT_BY_ALIGNMENT(.z_init_SMP_P_??_*)))
 *(SORT_BY_NAME(SORT_BY_ALIGNMENT(.z_init_SMP_P_???_*)))
                0x000040c4                        __init_end = .

device_area     0x000040c4       0x54
                0x000040c4                        _device_list_start = .
 *(SORT_BY_NAME(SORT_BY_ALIGNMENT(._device.static.*_?_*)))
 *(SORT_BY_NAME(SORT_BY_ALIGNMENT(._device.static.*_??_*)))
 ._device.static.1_50_
                0x000040c4       0x54 zephyr/drivers/serial/libdrivers__serial.a(uart_stellaris.c.obj)
                0x000040c4                __device_dts_ord_22
                0x000040e0                __device_dts_ord_19
                0x000040fc                __device_dts_ord_18
 *(SORT_BY_NAME(SORT_BY_ALIGNMENT(._device.static.*_???_*)))
 *(SORT_BY_NAME(SORT_BY_ALIGNMENT(._device.static.*_????_*)))
 *(SORT_BY_NAME(SORT_BY_ALIGNMENT(._device.static.*_?????_*)))
                0x00004118                        _device_list_end = .

sw_isr_table    0x00004118      0x158
                0x00004118                        . = ALIGN (0x4)
 *(SORT_BY_ALIGNMENT(.gnu.linkonce.sw_isr_table*))
 .gnu.linkonce.sw_isr_table
                0x00004118      0x158 zephyr/CMakeFiles/zephyr_final.dir/isr_tables.c.obj
                0x00004118                _sw_isr_table

initlevel_error
 *(SORT_BY_NAME(SORT_BY_ALIGNMENT(.z_init_*)))
                0x00000001                        ASSERT ((SIZEOF (initlevel_error) == 0x0), Undefined initialization levels used.)

app_shmem_regions
                0x00004270        0x0
                0x00004270                        __app_shmem_regions_start = .
 *(SORT_BY_NAME(SORT_BY_ALIGNMENT(.app_regions.*)))
                0x00004270                        __app_shmem_regions_end = .

k_p4wq_initparam_area
                0x00004270        0x0
                0x00004270                        _k_p4wq_initparam_list_start = .
 *(SORT_BY_NAME(SORT_BY_ALIGNMENT(._k_p4wq_initparam.static.*)))
                0x00004270                        _k_p4wq_initparam_list_end = .

_static_thread_data_area
                0x00004270        0x0
                0x00004270                        __static_thread_data_list_start = .
 *(SORT_BY_NAME(SORT_BY_ALIGNMENT(.__static_thread_data.static.*)))
                0x00004270                        __static_thread_data_list_end = .

device_deps     0x00004270        0x0
                0x00004270                        __device_deps_start = .
 *(SORT_BY_NAME(SORT_BY_ALIGNMENT(.__device_deps_pass2*)))
                0x00004270                        __device_deps_end = .

device_api_area
                0x00004270       0x14
                0x00004270                        _shared_irq_driver_api_list_start = .
 *(SORT_BY_NAME(SORT_BY_ALIGNMENT(._shared_irq_driver_api.static.*)))
                0x00004270                        _shared_irq_driver_api_list_end = .
                0x00004270                        _shared_irq_driver_api_ext_end = .
                0x00004270                        _dmic_driver_api_list_start = .
 *(SORT_BY_NAME(SORT_BY_ALIGNMENT(._dmic_driver_api.static.*)))
                0x00004270                        _dmic_driver_api_list_end = .
                0x00004270                        _dmic_driver_api_ext_end = .
                0x00004270                        _crypto_driver_api_list_start = .
 *(SORT_BY_NAME(SORT_BY_ALIGNMENT(._crypto_driver_api.static.*)))
                0x00004270                        _crypto_driver_api_list_end = .
                0x00004270                        _crypto_driver_api_ext_end = .
                0x00004270                        _adc_driver_api_list_start = .
 *(SORT_BY_NAME(SORT_BY_ALIGNMENT(._adc_driver_api.static.*)))
                0x00004270                        _adc_driver_api_list_end = .
                0x00004270                        _adc_driver_api_ext_end = .
                0x00004270                        _auxdisplay_driver_api_list_start = .
 *(SORT_BY_NAME(SORT_BY_ALIGNMENT(._auxdisplay_driver_api.static.*)))
                0x00004270                        _auxdisplay_driver_api_list_end = .
                0x00004270                        _auxdisplay_driver_api_ext_end = .
                0x00004270                        _bbram_driver_api_list_start = .
 *(SORT_BY_NAME(SORT_BY_ALIGNMENT(._bbram_driver_api.static.*)))
                0x00004270                        _bbram_driver_api_list_end = .
                0x00004270                        _bbram_driver_api_ext_end = .
                0x00004270                        _biometric_driver_api_list_start = .
 *(SORT_BY_NAME(SORT_BY_ALIGNMENT(._biometric_driver_api.static.*)))
                0x00004270                        _biometric_driver_api_list_end = .
                0x00004270                        _biometric_driver_api_ext_end = .
                0x00004270                        _bt_hci_driver_api_list_start = .
 *(SORT_BY_NAME(SORT_BY_ALIGNMENT(._bt_hci_driver_api.static.*)))
                0x00004270                        _bt_hci_driver_api_list_end = .
                0x00004270                        _bt_hci_driver_api_ext_end = .
                0x00004270                        _can_driver_api_list_start = .
 *(SORT_BY_NAME(SORT_BY_ALIGNMENT(._can_driver_api.static.*)))
                0x00004270                        _can_driver_api_list_end = .
                0x00004270                        _can_driver_api_ext_end = .
                0x00004270                        _cellular_driver_api_list_start = .
 *(SORT_BY_NAME(SORT_BY_ALIGNMENT(._cellular_driver_api.static.*)))
                0x00004270                        _cellular_driver_api_list_end = .
                0x00004270                        _cellular_driver_api_ext_end = .
                0x00004270                        _charger_driver_api_list_start = .
 *(SORT_BY_NAME(SORT_BY_ALIGNMENT(._charger_driver_api.static.*)))
                0x00004270                        _charger_driver_api_list_end = .
                0x00004270                        _charger_driver_api_ext_end = .
                0x00004270                        _clock_control_driver_api_list_start = .
 *(SORT_BY_NAME(SORT_BY_ALIGNMENT(._clock_control_driver_api.static.*)))
                0x00004270                        _clock_control_driver_api_list_end = .
                0x00004270                        _nrf_clock_control_driver_api_list_start = .
 *(SORT_BY_NAME(SORT_BY_ALIGNMENT(._nrf_clock_control_driver_api.static.*)))
                0x00004270                        _nrf_clock_control_driver_api_list_end = .
                0x00004270                        _nrf_clock_control_driver_api_ext_end = .
                0x00004270                        _clock_control_driver_api_ext_end = .
                0x00004270                        _comparator_driver_api_list_start = .
 *(SORT_BY_NAME(SORT_BY_ALIGNMENT(._comparator_driver_api.static.*)))
                0x00004270                        _comparator_driver_api_list_end = .
                0x00004270                        _comparator_driver_api_ext_end = .
                0x00004270                        _coredump_driver_api_list_start = .
 *(SORT_BY_NAME(SORT_BY_ALIGNMENT(._coredump_driver_api.static.*)))
                0x00004270                        _coredump_driver_api_list_end = .
                0x00004270                        _coredump_driver_api_ext_end = .
                0x00004270                        _counter_driver_api_list_start = .
 *(SORT_BY_NAME(SORT_BY_ALIGNMENT(._counter_driver_api.static.*)))
                0x00004270                        _counter_driver_api_list_end = .
                0x00004270                        _counter_driver_api_ext_end = .
                0x00004270                        _crc_driver_api_list_start = .
 *(SORT_BY_NAME(SORT_BY_ALIGNMENT(._crc_driver_api.static.*)))
                0x00004270                        _crc_driver_api_list_end = .
                0x00004270                        _crc_driver_api_ext_end = .
                0x00004270                        _dac_driver_api_list_start = .
 *(SORT_BY_NAME(SORT_BY_ALIGNMENT(._dac_driver_api.static.*)))
                0x00004270                        _dac_driver_api_list_end = .
                0x00004270                        _dac_driver_api_ext_end = .
                0x00004270                        _dai_driver_api_list_start = .
 *(SORT_BY_NAME(SORT_BY_ALIGNMENT(._dai_driver_api.static.*)))
                0x00004270                        _dai_driver_api_list_end = .
                0x00004270                        _dai_driver_api_ext_end = .
                0x00004270                        _display_driver_api_list_start = .
 *(SORT_BY_NAME(SORT_BY_ALIGNMENT(._display_driver_api.static.*)))
                0x00004270                        _display_driver_api_list_end = .
                0x00004270                        _display_driver_api_ext_end = .
                0x00004270                        _dma_driver_api_list_start = .
 *(SORT_BY_NAME(SORT_BY_ALIGNMENT(._dma_driver_api.static.*)))
                0x00004270                        _dma_driver_api_list_end = .
                0x00004270                        _dma_driver_api_ext_end = .
                0x00004270                        _edac_driver_api_list_start = .
 *(SORT_BY_NAME(SORT_BY_ALIGNMENT(._edac_driver_api.static.*)))
                0x00004270                        _edac_driver_api_list_end = .
                0x00004270                        _edac_driver_api_ext_end = .
                0x00004270                        _eeprom_driver_api_list_start = .
 *(SORT_BY_NAME(SORT_BY_ALIGNMENT(._eeprom_driver_api.static.*)))
                0x00004270                        _eeprom_driver_api_list_end = .
                0x00004270                        _eeprom_driver_api_ext_end = .
                0x00004270                        _emul_bbram_driver_api_list_start = .
 *(SORT_BY_NAME(SORT_BY_ALIGNMENT(._emul_bbram_driver_api.static.*)))
                0x00004270                        _emul_bbram_driver_api_list_end = .
                0x00004270                        _emul_bbram_driver_api_ext_end = .
                0x00004270                        _fuel_gauge_emul_driver_api_list_start = .
 *(SORT_BY_NAME(SORT_BY_ALIGNMENT(._fuel_gauge_emul_driver_api.static.*)))
                0x00004270                        _fuel_gauge_emul_driver_api_list_end = .
                0x00004270                        _fuel_gauge_emul_driver_api_ext_end = .
                0x00004270                        _emul_sensor_driver_api_list_start = .
 *(SORT_BY_NAME(SORT_BY_ALIGNMENT(._emul_sensor_driver_api.static.*)))
                0x00004270                        _emul_sensor_driver_api_list_end = .
                0x00004270                        _emul_sensor_driver_api_ext_end = .
                0x00004270                        _entropy_driver_api_list_start = .
 *(SORT_BY_NAME(SORT_BY_ALIGNMENT(._entropy_driver_api.static.*)))
                0x00004270                        _entropy_driver_api_list_end = .
                0x00004270                        _entropy_driver_api_ext_end = .
                0x00004270                        _espi_driver_api_list_start = .
 *(SORT_BY_NAME(SORT_BY_ALIGNMENT(._espi_driver_api.static.*)))
                0x00004270                        _espi_driver_api_list_end = .
                0x00004270                        _espi_driver_api_ext_end = .
                0x00004270                        _espi_saf_driver_api_list_start = .
 *(SORT_BY_NAME(SORT_BY_ALIGNMENT(._espi_saf_driver_api.static.*)))
                0x00004270                        _espi_saf_driver_api_list_end = .
                0x00004270                        _espi_saf_driver_api_ext_end = .
                0x00004270                        _flash_driver_api_list_start = .
 *(SORT_BY_NAME(SORT_BY_ALIGNMENT(._flash_driver_api.static.*)))
                0x00004270                        _flash_driver_api_list_end = .
                0x00004270                        _flash_driver_api_ext_end = .
                0x00004270                        _fpga_driver_api_list_start = .
 *(SORT_BY_NAME(SORT_BY_ALIGNMENT(._fpga_driver_api.static.*)))
                0x00004270                        _fpga_driver_api_list_end = .
                0x00004270                        _fpga_driver_api_ext_end = .
                0x00004270                        _fuel_gauge_driver_api_list_start = .
 *(SORT_BY_NAME(SORT_BY_ALIGNMENT(._fuel_gauge_driver_api.static.*)))
                0x00004270                        _fuel_gauge_driver_api_list_end = .
                0x00004270                        _fuel_gauge_driver_api_ext_end = .
                0x00004270                        _gnss_driver_api_list_start = .
 *(SORT_BY_NAME(SORT_BY_ALIGNMENT(._gnss_driver_api.static.*)))
                0x00004270                        _gnss_driver_api_list_end = .
                0x00004270                        _gnss_driver_api_ext_end = .
                0x00004270                        _gpio_driver_api_list_start = .
 *(SORT_BY_NAME(SORT_BY_ALIGNMENT(._gpio_driver_api.static.*)))
                0x00004270                        _gpio_driver_api_list_end = .
                0x00004270                        _gpio_driver_api_ext_end = .
                0x00004270                        _haptics_driver_api_list_start = .
 *(SORT_BY_NAME(SORT_BY_ALIGNMENT(._haptics_driver_api.static.*)))
                0x00004270                        _haptics_driver_api_list_end = .
                0x00004270                        _haptics_driver_api_ext_end = .
                0x00004270                        _hwspinlock_driver_api_list_start = .
 *(SORT_BY_NAME(SORT_BY_ALIGNMENT(._hwspinlock_driver_api.static.*)))
                0x00004270                        _hwspinlock_driver_api_list_end = .
                0x00004270                        _hwspinlock_driver_api_ext_end = .
                0x00004270                        _i2c_driver_api_list_start = .
 *(SORT_BY_NAME(SORT_BY_ALIGNMENT(._i2c_driver_api.static.*)))
                0x00004270                        _i2c_driver_api_list_end = .
                0x00004270                        _i3c_driver_api_list_start = .
 *(SORT_BY_NAME(SORT_BY_ALIGNMENT(._i3c_driver_api.static.*)))
                0x00004270                        _i3c_driver_api_list_end = .
                0x00004270                        _i3c_driver_api_ext_end = .
                0x00004270                        _i2c_driver_api_ext_end = .
                0x00004270                        _i2c_target_driver_api_list_start = .
 *(SORT_BY_NAME(SORT_BY_ALIGNMENT(._i2c_target_driver_api.static.*)))
                0x00004270                        _i2c_target_driver_api_list_end = .
                0x00004270                        _i2c_target_driver_api_ext_end = .
                0x00004270                        _i2s_driver_api_list_start = .
 *(SORT_BY_NAME(SORT_BY_ALIGNMENT(._i2s_driver_api.static.*)))
                0x00004270                        _i2s_driver_api_list_end = .
                0x00004270                        _i2s_driver_api_ext_end = .
                0x00004270                        _ipm_driver_api_list_start = .
 *(SORT_BY_NAME(SORT_BY_ALIGNMENT(._ipm_driver_api.static.*)))
                0x00004270                        _ipm_driver_api_list_end = .
                0x00004270                        _ipm_driver_api_ext_end = .
                0x00004270                        _led_driver_api_list_start = .
 *(SORT_BY_NAME(SORT_BY_ALIGNMENT(._led_driver_api.static.*)))
                0x00004270                        _led_driver_api_list_end = .
                0x00004270                        _led_driver_api_ext_end = .
                0x00004270                        _led_strip_driver_api_list_start = .
 *(SORT_BY_NAME(SORT_BY_ALIGNMENT(._led_strip_driver_api.static.*)))
                0x00004270                        _led_strip_driver_api_list_end = .
                0x00004270                        _led_strip_driver_api_ext_end = .
                0x00004270                        _lora_driver_api_list_start = .
 *(SORT_BY_NAME(SORT_BY_ALIGNMENT(._lora_driver_api.static.*)))
                0x00004270                        _lora_driver_api_list_end = .
                0x00004270                        _lora_driver_api_ext_end = .
                0x00004270                        _mbox_driver_api_list_start = .
 *(SORT_BY_NAME(SORT_BY_ALIGNMENT(._mbox_driver_api.static.*)))
                0x00004270                        _mbox_driver_api_list_end = .
                0x00004270                        _mbox_driver_api_ext_end = .
                0x00004270                        _mdio_driver_api_list_start = .
 *(SORT_BY_NAME(SORT_BY_ALIGNMENT(._mdio_driver_api.static.*)))
                0x00004270                        _mdio_driver_api_list_end = .
                0x00004270                        _mdio_driver_api_ext_end = .
                0x00004270                        _mipi_dbi_driver_api_list_start = .
 *(SORT_BY_NAME(SORT_BY_ALIGNMENT(._mipi_dbi_driver_api.static.*)))
                0x00004270                        _mipi_dbi_driver_api_list_end = .
                0x00004270                        _mipi_dbi_driver_api_ext_end = .
                0x00004270                        _mipi_dsi_driver_api_list_start = .
 *(SORT_BY_NAME(SORT_BY_ALIGNMENT(._mipi_dsi_driver_api.static.*)))
                0x00004270                        _mipi_dsi_driver_api_list_end = .
                0x00004270                        _mipi_dsi_driver_api_ext_end = .
                0x00004270                        _mspi_driver_api_list_start = .
 *(SORT_BY_NAME(SORT_BY_ALIGNMENT(._mspi_driver_api.static.*)))
                0x00004270                        _mspi_driver_api_list_end = .
                0x00004270                        _mspi_driver_api_ext_end = .
                0x00004270                        _opamp_driver_api_list_start = .
 *(SORT_BY_NAME(SORT_BY_ALIGNMENT(._opamp_driver_api.static.*)))
                0x00004270                        _opamp_driver_api_list_end = .
                0x00004270                        _opamp_driver_api_ext_end = .
                0x00004270                        _otp_driver_api_list_start = .
 *(SORT_BY_NAME(SORT_BY_ALIGNMENT(._otp_driver_api.static.*)))
                0x00004270                        _otp_driver_api_list_end = .
                0x00004270                        _otp_driver_api_ext_end = .
                0x00004270                        _peci_driver_api_list_start = .
 *(SORT_BY_NAME(SORT_BY_ALIGNMENT(._peci_driver_api.static.*)))
                0x00004270                        _peci_driver_api_list_end = .
                0x00004270                        _peci_driver_api_ext_end = .
                0x00004270                        _ps2_driver_api_list_start = .
 *(SORT_BY_NAME(SORT_BY_ALIGNMENT(._ps2_driver_api.static.*)))
                0x00004270                        _ps2_driver_api_list_end = .
                0x00004270                        _ps2_driver_api_ext_end = .
                0x00004270                        _ptp_clock_driver_api_list_start = .
 *(SORT_BY_NAME(SORT_BY_ALIGNMENT(._ptp_clock_driver_api.static.*)))
                0x00004270                        _ptp_clock_driver_api_list_end = .
                0x00004270                        _ptp_clock_driver_api_ext_end = .
                0x00004270                        _pwm_driver_api_list_start = .
 *(SORT_BY_NAME(SORT_BY_ALIGNMENT(._pwm_driver_api.static.*)))
                0x00004270                        _pwm_driver_api_list_end = .
                0x00004270                        _pwm_driver_api_ext_end = .
                0x00004270                        _regulator_parent_driver_api_list_start = .
 *(SORT_BY_NAME(SORT_BY_ALIGNMENT(._regulator_parent_driver_api.static.*)))
                0x00004270                        _regulator_parent_driver_api_list_end = .
                0x00004270                        _regulator_parent_driver_api_ext_end = .
                0x00004270                        _regulator_driver_api_list_start = .
 *(SORT_BY_NAME(SORT_BY_ALIGNMENT(._regulator_driver_api.static.*)))
                0x00004270                        _regulator_driver_api_list_end = .
                0x00004270                        _regulator_driver_api_ext_end = .
                0x00004270                        _reset_driver_api_list_start = .
 *(SORT_BY_NAME(SORT_BY_ALIGNMENT(._reset_driver_api.static.*)))
                0x00004270                        _reset_driver_api_list_end = .
                0x00004270                        _reset_driver_api_ext_end = .
                0x00004270                        _retained_mem_driver_api_list_start = .
 *(SORT_BY_NAME(SORT_BY_ALIGNMENT(._retained_mem_driver_api.static.*)))
                0x00004270                        _retained_mem_driver_api_list_end = .
                0x00004270                        _retained_mem_driver_api_ext_end = .
                0x00004270                        _rtc_driver_api_list_start = .
 *(SORT_BY_NAME(SORT_BY_ALIGNMENT(._rtc_driver_api.static.*)))
                0x00004270                        _rtc_driver_api_list_end = .
                0x00004270                        _rtc_driver_api_ext_end = .
                0x00004270                        _sdhc_driver_api_list_start = .
 *(SORT_BY_NAME(SORT_BY_ALIGNMENT(._sdhc_driver_api.static.*)))
                0x00004270                        _sdhc_driver_api_list_end = .
                0x00004270                        _sdhc_driver_api_ext_end = .
                0x00004270                        _sensor_driver_api_list_start = .
 *(SORT_BY_NAME(SORT_BY_ALIGNMENT(._sensor_driver_api.static.*)))
                0x00004270                        _sensor_driver_api_list_end = .
                0x00004270                        _sensor_driver_api_ext_end = .
                0x00004270                        _smbus_driver_api_list_start = .
 *(SORT_BY_NAME(SORT_BY_ALIGNMENT(._smbus_driver_api.static.*)))
                0x00004270                        _smbus_driver_api_list_end = .
                0x00004270                        _smbus_driver_api_ext_end = .
                0x00004270                        _spi_driver_api_list_start = .
 *(SORT_BY_NAME(SORT_BY_ALIGNMENT(._spi_driver_api.static.*)))
                0x00004270                        _spi_driver_api_list_end = .
                0x00004270                        _spi_driver_api_ext_end = .
                0x00004270                        _syscon_driver_api_list_start = .
 *(SORT_BY_NAME(SORT_BY_ALIGNMENT(._syscon_driver_api.static.*)))
                0x00004270                        _syscon_driver_api_list_end = .
                0x00004270                        _syscon_driver_api_ext_end = .
                0x00004270                        _tee_driver_api_list_start = .
 *(SORT_BY_NAME(SORT_BY_ALIGNMENT(._tee_driver_api.static.*)))
                0x00004270                        _tee_driver_api_list_end = .
                0x00004270                        _tee_driver_api_ext_end = .
                0x00004270                        _tgpio_driver_api_list_start = .
 *(SORT_BY_NAME(SORT_BY_ALIGNMENT(._tgpio_driver_api.static.*)))
                0x00004270                        _tgpio_driver_api_list_end = .
                0x00004270                        _tgpio_driver_api_ext_end = .
                0x00004270                        _uaol_driver_api_list_start = .
 *(SORT_BY_NAME(SORT_BY_ALIGNMENT(._uaol_driver_api.static.*)))
                0x00004270                        _uaol_driver_api_list_end = .
                0x00004270                        _uaol_driver_api_ext_end = .
                0x00004270                        _video_driver_api_list_start = .
 *(SORT_BY_NAME(SORT_BY_ALIGNMENT(._video_driver_api.static.*)))
                0x00004270                        _video_driver_api_list_end = .
                0x00004270                        _video_driver_api_ext_end = .
                0x00004270                        _virtio_driver_api_list_start = .
 *(SORT_BY_NAME(SORT_BY_ALIGNMENT(._virtio_driver_api.static.*)))
                0x00004270                        _virtio_driver_api_list_end = .
                0x00004270                        _virtio_driver_api_ext_end = .
                0x00004270                        _w1_driver_api_list_start = .
 *(SORT_BY_NAME(SORT_BY_ALIGNMENT(._w1_driver_api.static.*)))
                0x00004270                        _w1_driver_api_list_end = .
                0x00004270                        _w1_driver_api_ext_end = .
                0x00004270                        _wdt_driver_api_list_start = .
 *(SORT_BY_NAME(SORT_BY_ALIGNMENT(._wdt_driver_api.static.*)))
                0x00004270                        _wdt_driver_api_list_end = .
                0x00004270                        _wdt_driver_api_ext_end = .
                0x00004270                        _wuc_driver_api_list_start = .
 *(SORT_BY_NAME(SORT_BY_ALIGNMENT(._wuc_driver_api.static.*)))
                0x00004270                        _wuc_driver_api_list_end = .
                0x00004270                        _wuc_driver_api_ext_end = .
                0x00004270                        _can_transceiver_driver_api_list_start = .
 *(SORT_BY_NAME(SORT_BY_ALIGNMENT(._can_transceiver_driver_api.static.*)))
                0x00004270                        _can_transceiver_driver_api_list_end = .
                0x00004270                        _can_transceiver_driver_api_ext_end = .
                0x00004270                        _i3c_target_driver_api_list_start = .
 *(SORT_BY_NAME(SORT_BY_ALIGNMENT(._i3c_target_driver_api.static.*)))
                0x00004270                        _i3c_target_driver_api_list_end = .
                0x00004270                        _i3c_target_driver_api_ext_end = .
                0x00004270                        _its_driver_api_list_start = .
 *(SORT_BY_NAME(SORT_BY_ALIGNMENT(._its_driver_api.static.*)))
                0x00004270                        _its_driver_api_list_end = .
                0x00004270                        _its_driver_api_ext_end = .
                0x00004270                        _vtd_driver_api_list_start = .
 *(SORT_BY_NAME(SORT_BY_ALIGNMENT(._vtd_driver_api.static.*)))
                0x00004270                        _vtd_driver_api_list_end = .
                0x00004270                        _vtd_driver_api_ext_end = .
                0x00004270                        _renesas_elc_driver_api_list_start = .
 *(SORT_BY_NAME(SORT_BY_ALIGNMENT(._renesas_elc_driver_api.static.*)))
                0x00004270                        _renesas_elc_driver_api_list_end = .
                0x00004270                        _renesas_elc_driver_api_ext_end = .
                0x00004270                        _pcie_ctrl_driver_api_list_start = .
 *(SORT_BY_NAME(SORT_BY_ALIGNMENT(._pcie_ctrl_driver_api.static.*)))
                0x00004270                        _pcie_ctrl_driver_api_list_end = .
                0x00004270                        _pcie_ctrl_driver_api_ext_end = .
                0x00004270                        _pcie_ep_driver_api_list_start = .
 *(SORT_BY_NAME(SORT_BY_ALIGNMENT(._pcie_ep_driver_api.static.*)))
                0x00004270                        _pcie_ep_driver_api_list_end = .
                0x00004270                        _pcie_ep_driver_api_ext_end = .
                0x00004270                        _psi5_driver_api_list_start = .
 *(SORT_BY_NAME(SORT_BY_ALIGNMENT(._psi5_driver_api.static.*)))
                0x00004270                        _psi5_driver_api_list_end = .
                0x00004270                        _psi5_driver_api_ext_end = .
                0x00004270                        _sent_driver_api_list_start = .
 *(SORT_BY_NAME(SORT_BY_ALIGNMENT(._sent_driver_api.static.*)))
                0x00004270                        _sent_driver_api_list_end = .
                0x00004270                        _sent_driver_api_ext_end = .
                0x00004270                        _svc_driver_api_list_start = .
 *(SORT_BY_NAME(SORT_BY_ALIGNMENT(._svc_driver_api.static.*)))
                0x00004270                        _svc_driver_api_list_end = .
                0x00004270                        _svc_driver_api_ext_end = .
                0x00004270                        _stepper_driver_api_list_start = .
 *(SORT_BY_NAME(SORT_BY_ALIGNMENT(._stepper_driver_api.static.*)))
                0x00004270                        _stepper_driver_api_list_end = .
                0x00004270                        _stepper_driver_api_ext_end = .
                0x00004270                        _stepper_ctrl_driver_api_list_start = .
 *(SORT_BY_NAME(SORT_BY_ALIGNMENT(._stepper_ctrl_driver_api.static.*)))
                0x00004270                        _stepper_ctrl_driver_api_list_end = .
                0x00004270                        _stepper_ctrl_driver_api_ext_end = .
                0x00004270                        _uart_driver_api_list_start = .
 *(SORT_BY_NAME(SORT_BY_ALIGNMENT(._uart_driver_api.static.*)))
 ._uart_driver_api.static.uart_stellaris_driver_api_
                0x00004270       0x14 zephyr/drivers/serial/libdrivers__serial.a(uart_stellaris.c.obj)
                0x00004284                        _uart_driver_api_list_end = .
                0x00004284                        _uart_driver_api_ext_end = .
                0x00004284                        _bc12_emul_driver_api_list_start = .
 *(SORT_BY_NAME(SORT_BY_ALIGNMENT(._bc12_emul_driver_api.static.*)))
                0x00004284                        _bc12_emul_driver_api_list_end = .
                0x00004284                        _bc12_emul_driver_api_ext_end = .
                0x00004284                        _bc12_driver_api_list_start = .
 *(SORT_BY_NAME(SORT_BY_ALIGNMENT(._bc12_driver_api.static.*)))
                0x00004284                        _bc12_driver_api_list_end = .
                0x00004284                        _bc12_driver_api_ext_end = .
                0x00004284                        _usbc_ppc_driver_api_list_start = .
 *(SORT_BY_NAME(SORT_BY_ALIGNMENT(._usbc_ppc_driver_api.static.*)))
                0x00004284                        _usbc_ppc_driver_api_list_end = .
                0x00004284                        _usbc_ppc_driver_api_ext_end = .
                0x00004284                        _tcpc_driver_api_list_start = .
 *(SORT_BY_NAME(SORT_BY_ALIGNMENT(._tcpc_driver_api.static.*)))
                0x00004284                        _tcpc_driver_api_list_end = .
                0x00004284                        _tcpc_driver_api_ext_end = .
                0x00004284                        _usbc_vbus_driver_api_list_start = .
 *(SORT_BY_NAME(SORT_BY_ALIGNMENT(._usbc_vbus_driver_api.static.*)))
                0x00004284                        _usbc_vbus_driver_api_list_end = .
                0x00004284                        _usbc_vbus_driver_api_ext_end = .
                0x00004284                        _ivshmem_driver_api_list_start = .
 *(SORT_BY_NAME(SORT_BY_ALIGNMENT(._ivshmem_driver_api.static.*)))
                0x00004284                        _ivshmem_driver_api_list_end = .
                0x00004284                        _ivshmem_driver_api_ext_end = .
                0x00004284                        _ethphy_driver_api_list_start = .
 *(SORT_BY_NAME(SORT_BY_ALIGNMENT(._ethphy_driver_api.static.*)))
                0x00004284                        _ethphy_driver_api_list_end = .
                0x00004284                        _ethphy_driver_api_ext_end = .

ztest           0x00004284        0x0
                0x00004284                        _ztest_expected_result_entry_list_start = .
 *(SORT_BY_NAME(SORT_BY_ALIGNMENT(._ztest_expected_result_entry.static.*)))
                0x00004284                        _ztest_expected_result_entry_list_end = .
                0x00004284                        _ztest_suite_node_list_start = .
 *(SORT_BY_NAME(SORT_BY_ALIGNMENT(._ztest_suite_node.static.*)))
                0x00004284                        _ztest_suite_node_list_end = .
                0x00004284                        _ztest_unit_test_list_start = .
 *(SORT_BY_NAME(SORT_BY_ALIGNMENT(._ztest_unit_test.static.*)))
                0x00004284                        _ztest_unit_test_list_end = .
                0x00004284                        _ztest_test_rule_list_start = .
 *(SORT_BY_NAME(SORT_BY_ALIGNMENT(._ztest_test_rule.static.*)))
                0x00004284                        _ztest_test_rule_list_end = .

init_array      0x00004284        0x0
                0x00004284                        __zephyr_init_array_start = .
 *(SORT_BY_INIT_PRIORITY(.init_array.*) SORT_BY_INIT_PRIORITY(.ctors.*))
 *(SORT_BY_ALIGNMENT(.init_array) SORT_BY_ALIGNMENT(.ctors))
                0x00004284                        __zephyr_init_array_end = .
                0x00000001                        ASSERT ((__zephyr_init_array_start == __zephyr_init_array_end), GNU-style constructors required but STATIC_INIT_GNU not enabled)

bt_l2cap_fixed_chan_area
                0x00004284        0x0
                0x00004284                        _bt_l2cap_fixed_chan_list_start = .
 *(SORT_BY_NAME(SORT_BY_ALIGNMENT(._bt_l2cap_fixed_chan.static.*)))
                0x00004284                        _bt_l2cap_fixed_chan_list_end = .

bt_gatt_service_static_area
                0x00004284        0x0
                0x00004284                        _bt_gatt_service_static_list_start = .
 *(SORT_BY_NAME(SORT_BY_ALIGNMENT(._bt_gatt_service_static.static.*)))
                0x00004284                        _bt_gatt_service_static_list_end = .

log_strings_area
                0x00004284        0x0
                0x00004284                        _log_strings_list_start = .
 *(SORT_BY_NAME(SORT_BY_ALIGNMENT(._log_strings.static.*)))
                0x00004284                        _log_strings_list_end = .

log_stmesp_ptr_area
                0x00004284        0x0
                0x00004284                        _log_stmesp_ptr_list_start = .
 *(SORT_BY_NAME(SORT_BY_ALIGNMENT(._log_stmesp_ptr.static.*)))
                0x00004284                        _log_stmesp_ptr_list_end = .

log_stmesp_str_area
                0x00004284        0x0
                0x00004284                        _log_stmesp_str_list_start = .
 *(SORT_BY_NAME(SORT_BY_ALIGNMENT(._log_stmesp_str.static.*)))
                0x00004284                        _log_stmesp_str_list_end = .

log_const_area  0x00004284       0x38
                0x00004284                        _log_const_list_start = .
 *(SORT_BY_NAME(SORT_BY_ALIGNMENT(._log_const.static.*)))
 ._log_const.static.log_const_cbprintf_package_
                0x00004284        0x8 zephyr/libzephyr.a(cbprintf_packaged.c.obj)
                0x00004284                log_const_cbprintf_package
 ._log_const.static.log_const_log_
                0x0000428c        0x8 zephyr/libzephyr.a(log_core.c.obj)
                0x0000428c                log_const_log
 ._log_const.static.log_const_log_mgmt_
                0x00004294        0x8 zephyr/libzephyr.a(log_mgmt.c.obj)
                0x00004294                log_const_log_mgmt
 ._log_const.static.log_const_log_uart_
                0x0000429c        0x8 zephyr/libzephyr.a(log_backend_uart.c.obj)
                0x0000429c                log_const_log_uart
 ._log_const.static.log_const_os_
                0x000042a4        0x8 zephyr/kernel/libkernel.a(init.c.obj)
                0x000042a4                log_const_os
 ._log_const.static.log_const_os_heap_
                0x000042ac        0x8 zephyr/libzephyr.a(heap.c.obj)
                0x000042ac                log_const_os_heap
 ._log_const.static.log_const_sys_getopt_
                0x000042b4        0x8 zephyr/libzephyr.a(getopt.c.obj)
                0x000042b4                log_const_sys_getopt
                0x000042bc                        _log_const_list_end = .

log_backend_area
                0x000042bc       0x10
                0x000042bc                        _log_backend_list_start = .
 *(SORT_BY_NAME(SORT_BY_ALIGNMENT(._log_backend.static.*)))
 ._log_backend.static.log_backend_uart_
                0x000042bc       0x10 zephyr/libzephyr.a(log_backend_uart.c.obj)
                0x000042cc                        _log_backend_list_end = .

log_link_area   0x000042cc        0x0
                0x000042cc                        _log_link_list_start = .
 *(SORT_BY_NAME(SORT_BY_ALIGNMENT(._log_link.static.*)))
                0x000042cc                        _log_link_list_end = .

tracing_backend_area
                0x000042cc        0x0
                0x000042cc                        _tracing_backend_list_start = .
 *(SORT_BY_NAME(SORT_BY_ALIGNMENT(._tracing_backend.static.*)))
                0x000042cc                        _tracing_backend_list_end = .

zephyr_dbg_info
 *(SORT_BY_ALIGNMENT(.dbg_thread_info))

intc_table_area
                0x000042cc        0x0
                0x000042cc                        _intc_table_list_start = .
 *(SORT_BY_NAME(SORT_BY_ALIGNMENT(._intc_table.static.*)))
                0x000042cc                        _intc_table_list_end = .

symbol_to_keep  0x000042cc        0x0
                0x000042cc                        __symbol_to_keep_start = .
 *(SORT_BY_NAME(SORT_BY_ALIGNMENT(.symbol_to_keep*)))
                0x000042cc                        __symbol_to_keep_end = .

shell_area      0x000042cc        0x0
                0x000042cc                        _shell_list_start = .
 *(SORT_BY_NAME(SORT_BY_ALIGNMENT(._shell.static.*)))
                0x000042cc                        _shell_list_end = .

shell_root_cmds_area
                0x000042cc        0x0
                0x000042cc                        _shell_root_cmds_list_start = .
 *(SORT_BY_NAME(SORT_BY_ALIGNMENT(._shell_root_cmds.static.*)))
                0x000042cc                        _shell_root_cmds_list_end = .

shell_subcmds_area
                0x000042cc        0x0
                0x000042cc                        _shell_subcmds_list_start = .
 *(SORT_BY_NAME(SORT_BY_ALIGNMENT(._shell_subcmds.static.*)))
                0x000042cc                        _shell_subcmds_list_end = .

shell_dynamic_subcmds_area
                0x000042cc        0x0
                0x000042cc                        _shell_dynamic_subcmds_list_start = .
 *(SORT_BY_NAME(SORT_BY_ALIGNMENT(._shell_dynamic_subcmds.static.*)))
                0x000042cc                        _shell_dynamic_subcmds_list_end = .

shell_remote_area
                0x000042cc        0x0
                0x000042cc                        _shell_remote_list_start = .
 *(SORT_BY_NAME(SORT_BY_ALIGNMENT(._shell_remote.static.*)))
                0x000042cc                        _shell_remote_list_end = .

cfb_font_area   0x000042cc        0x0
                0x000042cc                        _cfb_font_list_start = .
 *(SORT_BY_NAME(SORT_BY_ALIGNMENT(._cfb_font.static.*)))
                0x000042cc                        _cfb_font_list_end = .

tdata           0x000042cc        0x0
 *(SORT_BY_ALIGNMENT(.tdata) SORT_BY_ALIGNMENT(.tdata.*) SORT_BY_ALIGNMENT(.gnu.linkonce.td.*))

tbss            0x000042cc        0x4
 *(SORT_BY_ALIGNMENT(.tbss) SORT_BY_ALIGNMENT(.tbss.*) SORT_BY_ALIGNMENT(.gnu.linkonce.tb.*) SORT_BY_ALIGNMENT(.tcommon))
 .tbss.z_tls_current
                0x000042cc        0x4 zephyr/libzephyr.a(thread_entry.c.obj)
                0x000042cc                z_tls_current
                0x000042cc                        PROVIDE (__tdata_start = LOADADDR (tdata))
                0x00000001                        PROVIDE (__tdata_align = ALIGNOF (tdata))
                0x00000000                        PROVIDE (__tdata_size = (((SIZEOF (tdata) + __tdata_align) - 0x1) & ~ ((__tdata_align - 0x1))))
                [!provide]                        PROVIDE (__tdata_end = (__tdata_start + __tdata_size))
                0x00000004                        PROVIDE (__tbss_align = ALIGNOF (tbss))
                [!provide]                        PROVIDE (__tbss_start = ADDR (tbss))
                0x00000004                        PROVIDE (__tbss_size = (((SIZEOF (tbss) + __tbss_align) - 0x1) & ~ ((__tbss_align - 0x1))))
                [!provide]                        PROVIDE (__tbss_end = (__tbss_start + __tbss_size))
                [!provide]                        PROVIDE (__tls_start = __tdata_start)
                [!provide]                        PROVIDE (__tls_end = __tbss_end)
                [!provide]                        PROVIDE (__tls_size = (__tbss_end - __tdata_start))

rodata          0x000042cc      0x820
 *(SORT_BY_ALIGNMENT(.rodata))
 *(SORT_BY_ALIGNMENT(.rodata.*))
 .rodata.mpsc_config
                0x000042cc       0x14 zephyr/libzephyr.a(log_core.c.obj)
 .rodata.format_table
                0x000042e0       0x10 zephyr/libzephyr.a(log_core.c.obj)
 .rodata.colors
                0x000042f0       0x14 zephyr/libzephyr.a(log_output.c.obj)
 .rodata.severity
                0x00004304       0x14 zephyr/libzephyr.a(log_output.c.obj)
 .rodata.lbu_cb_ctx
                0x00004318        0x8 zephyr/libzephyr.a(log_backend_uart.c.obj)
 .rodata.lbu_output
                0x00004320       0x10 zephyr/libzephyr.a(log_backend_uart.c.obj)
 .rodata.log_backend_uart_api
                0x00004330       0x1c zephyr/libzephyr.a(log_backend_uart.c.obj)
                0x00004330                log_backend_uart_api
 .rodata.uart_stellaris_dev_cfg_2
                0x0000434c        0x8 zephyr/drivers/serial/libdrivers__serial.a(uart_stellaris.c.obj)
 .rodata.uart_stellaris_dev_cfg_0
                0x00004354        0x8 zephyr/drivers/serial/libdrivers__serial.a(uart_stellaris.c.obj)
 .rodata.CSWTCH.489
                0x0000435c       0x14 zephyr/kernel/libkernel.a(fatal.c.obj)
 .rodata.levels.0
                0x00004370       0x18 zephyr/kernel/libkernel.a(init.c.obj)
 .rodata.thread2_func.str1.1
                0x00004388      0x734 app/libapp.a(main.c.obj)
                                 0x13 (size before relaxing)
 .rodata.thread1_func.str1.1
                0x00004abc       0x13 app/libapp.a(main.c.obj)
 .rodata.main.str1.1
                0x00004abc       0x22 app/libapp.a(main.c.obj)
 .rodata.str1.1
                0x00004abc        0x8 zephyr/libzephyr.a(heap.c.obj)
 .rodata.boot_banner.str1.1
                0x00004abc       0x3b zephyr/libzephyr.a(boot_banner.c.obj)
 .rodata.cbprintf_package_convert.str1.1
                0x00004abc       0xa3 zephyr/libzephyr.a(cbprintf_packaged.c.obj)
 .rodata.str1.1
                0x00004abc       0x11 zephyr/libzephyr.a(cbprintf_packaged.c.obj)
 .rodata.str1.1
                0x00004abc        0xb zephyr/libzephyr.a(getopt.c.obj)
 .rodata.enable_logger.str1.1
                0x00004abc        0x8 zephyr/libzephyr.a(log_core.c.obj)
 .rodata.str1.1
                0x00004abc        0x4 zephyr/libzephyr.a(log_core.c.obj)
 .rodata.str1.1
                0x00004abc        0x9 zephyr/libzephyr.a(log_mgmt.c.obj)
 .rodata.z_impl_z_log_msg_static_create.str1.1
                0x00004abc       0x3f zephyr/libzephyr.a(log_msg.c.obj)
 .rodata.z_log_msg_runtime_vcreate.str1.1
                0x00004abc       0x38 zephyr/libzephyr.a(log_msg.c.obj)
 .rodata.newline_print.str1.1
                0x00004abc        0x5 zephyr/libzephyr.a(log_output.c.obj)
 .rodata.log_output_process.str1.1
                0x00004abc       0x55 zephyr/libzephyr.a(log_output.c.obj)
 .rodata.log_output_dropped_process.str1.1
                0x00004abc        0x3 zephyr/libzephyr.a(log_output.c.obj)
 .rodata.postfix.0
                0x00004abc       0x1c zephyr/libzephyr.a(log_output.c.obj)
 .rodata.prefix.1
                0x00004ad8        0xc zephyr/libzephyr.a(log_output.c.obj)
 .rodata.func_on_lut
                0x00004ae4        0x5 zephyr/libzephyr.a(log_output.c.obj)
 .rodata.str1.1
                0x00004ae9       0x20 zephyr/libzephyr.a(log_output.c.obj)
 .rodata.str1.1
                0x00004ae9       0x1a zephyr/libzephyr.a(log_backend_uart.c.obj)
 .rodata.z_arm_fatal_error.str1.1
                0x00004ae9       0xae zephyr/arch/arch/arm/core/libarch__arm__core.a(fatal.c.obj)
 .rodata.usage_fault.isra.0.str1.1
                0x00004ae9       0xcd zephyr/arch/arch/arm/core/cortex_m/libarch__arm__core__cortex_m.a(fault.c.obj)
 .rodata.mem_manage_fault.isra.0.str1.1
                0x00004ae9       0xa9 zephyr/arch/arch/arm/core/cortex_m/libarch__arm__core__cortex_m.a(fault.c.obj)
 .rodata.bus_fault.isra.0.str1.1
                0x00004ae9       0x88 zephyr/arch/arch/arm/core/cortex_m/libarch__arm__core__cortex_m.a(fault.c.obj)
 .rodata.z_arm_fault.str1.1
                0x00004ae9      0x111 zephyr/arch/arch/arm/core/cortex_m/libarch__arm__core__cortex_m.a(fault.c.obj)
 .rodata.str1.1
                0x00004ae9       0x2a zephyr/drivers/serial/libdrivers__serial.a(uart_stellaris.c.obj)
 .rodata.k_sys_fatal_error_handler.str1.1
                0x00004ae9        0xf zephyr/kernel/libkernel.a(fatal.c.obj)
 .rodata.z_fatal_error.str1.1
                0x00004ae9       0x77 zephyr/kernel/libkernel.a(fatal.c.obj)
 .rodata.str1.1
                0x00004ae9       0x4a zephyr/kernel/libkernel.a(fatal.c.obj)
 .rodata.z_cstart.str1.1
                0x00004ae9        0x5 zephyr/kernel/libkernel.a(init.c.obj)
 .rodata.str1.1
                0x00004ae9        0x3 zephyr/kernel/libkernel.a(init.c.obj)
 .rodata.__l_vfprintf.str1.1
                0x00004ae9        0xf /home/udit/zephyr-sdk-1.0.1/gnu/arm-zephyr-eabi/bin/../lib/gcc/arm-zephyr-eabi/14.3.0/../../../../arm-zephyr-eabi/lib/thumb/v7-m/nofp/space/libc.a(libc_tinystdio_vflprintf.c.o)
 *(SORT_BY_ALIGNMENT(.gnu.linkonce.r.*))
                0x00004bfc                        . = ALIGN (0x4)
 *fill*         0x00004ae9        0x3 
                [!provide]                        PROVIDE (__eh_frame_start = 0x0)
                [!provide]                        PROVIDE (__eh_frame_end = 0x0)
                [!provide]                        PROVIDE (__eh_frame_hdr_start = 0x0)
                [!provide]                        PROVIDE (__eh_frame_hdr_end = 0x0)

/DISCARD/
 *(SORT_BY_ALIGNMENT(.eh_frame))
                0x00004aec                        __rodata_region_end = .
                0x00004aec                        . = ALIGN (_region_min_align)
                0x00004aec                        __rom_region_end = ((__rom_region_start + .) - ADDR (rom_start))
                0x00004aec                        __rom_region_size = (__rom_region_end - __rom_region_start)

/DISCARD/
 *(SORT_BY_ALIGNMENT(.got.plt))
 *(SORT_BY_ALIGNMENT(.igot.plt))
 *(SORT_BY_ALIGNMENT(.got))
 *(SORT_BY_ALIGNMENT(.igot))
                0x20000000                        . = 0x20000000
                0x20000000                        . = ALIGN (_region_min_align)
                0x20000000                        _image_ram_start = .

.ramfunc        0x20000000        0x0 load address 0x00004aec
                0x20000000                        __ramfunc_region_start = .
                0x20000000                        . = ALIGN (_region_min_align)
                0x20000000                        __ramfunc_start = .
 *(SORT_BY_ALIGNMENT(.ramfunc))
 *(SORT_BY_ALIGNMENT(.ramfunc.*))
                0x20000000                        . = ALIGN (_region_min_align)
                0x20000000                        __ramfunc_end = .
                0x00000000                        __ramfunc_size = (__ramfunc_end - __ramfunc_start)
                0x00004aec                        __ramfunc_load_start = LOADADDR (.ramfunc)

datas           0x20000000       0x40 load address 0x00004aec
                0x20000000                        __data_region_start = .
                0x20000000                        __data_start = .
 *(SORT_BY_ALIGNMENT(.data))
 *(SORT_BY_ALIGNMENT(.data.*))
 .data._char_out
                0x20000000        0x4 zephyr/libzephyr.a(printk.c.obj)
 .data.timestamp_func
                0x20000004        0x4 zephyr/libzephyr.a(log_core.c.obj)
 .data.backend_cb_log_backend_uart
                0x20000008        0x8 zephyr/libzephyr.a(log_backend_uart.c.obj)
 .data.__stdout
                0x20000010       0x10 zephyr/lib/libc/picolibc/liblib__libc__picolibc.a(stdio.c.obj)
 .data.uart_stellaris_dev_data_2
                0x20000020        0x4 zephyr/drivers/serial/libdrivers__serial.a(uart_stellaris.c.obj)
 .data.uart_stellaris_dev_data_1
                0x20000024        0x4 zephyr/drivers/serial/libdrivers__serial.a(uart_stellaris.c.obj)
 .data.uart_stellaris_dev_cfg_1
                0x20000028        0x8 zephyr/drivers/serial/libdrivers__serial.a(uart_stellaris.c.obj)
 .data.uart_stellaris_dev_data_0
                0x20000030        0x4 zephyr/drivers/serial/libdrivers__serial.a(uart_stellaris.c.obj)
 .data.slice_ticks
                0x20000034        0x4 zephyr/kernel/libkernel.a(timeslicing.c.obj)
 .data.timeout_list
                0x20000038        0x8 zephyr/kernel/libkernel.a(timeout.c.obj)
 *(SORT_BY_ALIGNMENT(.kernel.*))
                0x20000040                        __data_end = .
                0x00000040                        __data_size = (__data_end - __data_start)
                0x00004aec                        __data_load_start = LOADADDR (datas)
                0x00004aec                        __data_region_load_start = LOADADDR (datas)

device_states   0x20000040        0x8 load address 0x00004b2c
                0x20000040                        . = ALIGN (0x4)
                0x20000040                        __device_states_start = .
 *(SORT_BY_ALIGNMENT(.z_devstate))
 .z_devstate    0x20000040        0x6 zephyr/drivers/serial/libdrivers__serial.a(uart_stellaris.c.obj)
 *(SORT_BY_ALIGNMENT(.z_devstate.*))
                0x20000046                        __device_states_end = .
                0x20000048                        . = ALIGN (0x4)
 *fill*         0x20000046        0x2 

log_mpsc_pbuf_area
                0x20000048       0x38 load address 0x00004b34
                0x20000048                        _log_mpsc_pbuf_list_start = .
 *(SORT_BY_NAME(SORT_BY_ALIGNMENT(._log_mpsc_pbuf.static.*)))
 ._log_mpsc_pbuf.static.log_buffer_
                0x20000048       0x38 zephyr/libzephyr.a(log_core.c.obj)
                0x20000080                        _log_mpsc_pbuf_list_end = .

log_msg_ptr_area
                0x20000080        0x4 load address 0x00004b6c
                0x20000080                        _log_msg_ptr_list_start = .
 *(SORT_BY_NAME(SORT_BY_ALIGNMENT(._log_msg_ptr.static.*)))
 ._log_msg_ptr.static.log_msg_ptr_
                0x20000080        0x4 zephyr/libzephyr.a(log_core.c.obj)
                0x20000084                        _log_msg_ptr_list_end = .

log_dynamic_area
                0x20000084        0x0 load address 0x00004b70
                0x20000084                        _log_dynamic_list_start = .
 *(SORT_BY_NAME(SORT_BY_ALIGNMENT(._log_dynamic.static.*)))
                0x20000084                        _log_dynamic_list_end = .

k_timer_area    0x20000084        0x0 load address 0x00004b70
                0x20000084                        _k_timer_list_start = .
 *(SORT_BY_NAME(SORT_BY_ALIGNMENT(._k_timer.static.*)))
                0x20000084                        _k_timer_list_end = .

k_mem_slab_area
                0x20000084        0x0 load address 0x00004b70
                0x20000084                        _k_mem_slab_list_start = .
 *(SORT_BY_NAME(SORT_BY_ALIGNMENT(._k_mem_slab.static.*)))
                0x20000084                        _k_mem_slab_list_end = .

k_heap_area     0x20000084        0x0 load address 0x00004b70
                0x20000084                        _k_heap_list_start = .
 *(SORT_BY_NAME(SORT_BY_ALIGNMENT(._k_heap.static.*)))
                0x20000084                        _k_heap_list_end = .

k_mutex_area    0x20000084        0x0 load address 0x00004b70
                0x20000084                        _k_mutex_list_start = .
 *(SORT_BY_NAME(SORT_BY_ALIGNMENT(._k_mutex.static.*)))
                0x20000084                        _k_mutex_list_end = .

k_stack_area    0x20000084        0x0 load address 0x00004b70
                0x20000084                        _k_stack_list_start = .
 *(SORT_BY_NAME(SORT_BY_ALIGNMENT(._k_stack.static.*)))
                0x20000084                        _k_stack_list_end = .

k_msgq_area     0x20000084        0x0 load address 0x00004b70
                0x20000084                        _k_msgq_list_start = .
 *(SORT_BY_NAME(SORT_BY_ALIGNMENT(._k_msgq.static.*)))
                0x20000084                        _k_msgq_list_end = .

k_mbox_area     0x20000084        0x0 load address 0x00004b70
                0x20000084                        _k_mbox_list_start = .
 *(SORT_BY_NAME(SORT_BY_ALIGNMENT(._k_mbox.static.*)))
                0x20000084                        _k_mbox_list_end = .

k_pipe_area     0x20000084        0x0 load address 0x00004b70
                0x20000084                        _k_pipe_list_start = .
 *(SORT_BY_NAME(SORT_BY_ALIGNMENT(._k_pipe.static.*)))
                0x20000084                        _k_pipe_list_end = .

k_sem_area      0x20000084       0x10 load address 0x00004b70
                0x20000084                        _k_sem_list_start = .
 *(SORT_BY_NAME(SORT_BY_ALIGNMENT(._k_sem.static.*)))
 ._k_sem.static.log_process_thread_sem_
                0x20000084       0x10 zephyr/libzephyr.a(log_core.c.obj)
                0x20000084                log_process_thread_sem
                0x20000094                        _k_sem_list_end = .

k_event_area    0x20000094        0x0 load address 0x00004b80
                0x20000094                        _k_event_list_start = .
 *(SORT_BY_NAME(SORT_BY_ALIGNMENT(._k_event.static.*)))
                0x20000094                        _k_event_list_end = .

k_queue_area    0x20000094        0x0 load address 0x00004b80
                0x20000094                        _k_queue_list_start = .
 *(SORT_BY_NAME(SORT_BY_ALIGNMENT(._k_queue.static.*)))
                0x20000094                        _k_queue_list_end = .

k_fifo_area     0x20000094        0x0 load address 0x00004b80
                0x20000094                        _k_fifo_list_start = .
 *(SORT_BY_NAME(SORT_BY_ALIGNMENT(._k_fifo.static.*)))
                0x20000094                        _k_fifo_list_end = .

k_lifo_area     0x20000094        0x0 load address 0x00004b80
                0x20000094                        _k_lifo_list_start = .
 *(SORT_BY_NAME(SORT_BY_ALIGNMENT(._k_lifo.static.*)))